01-19 20:35:40.099 16029 16029 I zygote  :   at void android.view.LayoutInflater.rInflate(org.xmlpull.v1.XmlPullParser, android.view.View, android.content.Context, android.util.AttributeSet, boolean) (LayoutInflater.java:863)
01-19 20:35:40.099 16029 16029 I zygote  :   at void android.view.LayoutInflater.rInflateChildren(org.xmlpull.v1.XmlPullParser, android.view.View, android.util.AttributeSet, boolean) (LayoutInflater.java:824)
01-19 20:35:40.099 16029 16029 I zygote  :   at android.view.View android.view.LayoutInflater.inflate(org.xmlpull.v1.XmlPullParser, android.view.ViewGroup, boolean) (LayoutInflater.java:515)
01-19 20:35:40.099 16029 16029 I zygote  :   at android.view.View android.view.LayoutInflater.inflate(int, android.view.ViewGroup, boolean) (LayoutInflater.java:423)
01-19 20:35:40.099 16029 16029 I zygote  :   at android.view.View android.view.LayoutInflater.inflate(int, android.view.ViewGroup) (LayoutInflater.java:374)
01-19 20:35:40.099 16029 16029 I zygote  :   at android.view.ViewGroup android.support.v7.app.AppCompatDelegateImpl.createSubDecor() (AppCompatDelegateImpl.java:607)
01-19 20:35:40.099 16029 16029 I zygote  :   at void android.support.v7.app.AppCompatDelegateImpl.ensureSubDecor() (AppCompatDelegateImpl.java:518)
01-19 20:35:40.099 16029 16029 I zygote  :   at void android.support.v7.app.AppCompatDelegateImpl.setContentView(int) (AppCompatDelegateImpl.java:466)
01-19 20:35:40.099 16029 16029 I zygote  :   at void android.support.v7.app.AppCompatActivity.setContentView(int) (AppCompatActivity.java:140)
01-19 20:35:40.099 16029 16029 I zygote  :   at void com.example.trebb.currencyexchange.MainActivity.onCreate(android.os.Bundle) (MainActivity.kt:33)
01-19 20:35:40.099 16029 16029 I zygote  :   at void android.app.Activity.performCreate(android.os.Bundle, android.os.PersistableBundle) (Activity.java:7009)
01-19 20:35:40.100 16029 16029 I zygote  :   at void android.app.Activity.performCreate(android.os.Bundle) (Activity.java:7000)
01-19 20:35:40.100 16029 16029 I zygote  :   at void android.app.Instrumentation.callActivityOnCreate(android.app.Activity, android.os.Bundle) (Instrumentation.java:1214)
01-19 20:35:40.100 16029 16029 I zygote  :   at android.app.Activity android.app.ActivityThread.performLaunchActivity(android.app.ActivityThread$ActivityClientRecord, android.content.Intent) (ActivityThread.java:2731)
01-19 20:35:40.100 16029 16029 I zygote  :   at void android.app.ActivityThread.handleLaunchActivity(android.app.ActivityThread$ActivityClientRecord, android.content.Intent, java.lang.String) (ActivityThread.java:2856)
01-19 20:35:40.100 16029 16029 I zygote  :   at void android.app.ActivityThread.-wrap11(android.app.ActivityThread, android.app.ActivityThread$ActivityClientRecord, android.content.Intent, java.lang.String) (ActivityThread.java:-1)
01-19 20:35:40.100 16029 16029 I zygote  :   at void android.app.ActivityThread$H.handleMessage(android.os.Message) (ActivityThread.java:1589)
01-19 20:35:40.100 16029 16029 I zygote  :   at void android.os.Handler.dispatchMessage(android.os.Message) (Handler.java:106)
01-19 20:35:40.100 16029 16029 I zygote  :   at void android.os.Looper.loop() (Looper.java:164)
01-19 20:35:40.100 16029 16029 I zygote  :   at void android.app.ActivityThread.main(java.lang.String[]) (ActivityThread.java:6494)
01-19 20:35:40.100 16029 16029 I zygote  :   at java.lang.Object java.lang.reflect.Method.invoke(java.lang.Object, java.lang.Object[]) (Method.java:-2)
01-19 20:35:40.100 16029 16029 I zygote  :   at void com.android.internal.os.RuntimeInit$MethodAndArgsCaller.run() (RuntimeInit.java:438)
01-19 20:35:40.100 16029 16029 I zygote  :   at void com.android.internal.os.ZygoteInit.main(java.lang.String[]) (ZygoteInit.java:807)
01-19 20:35:40.100 16029 16029 I zygote  : 
01-19 20:35:40.479  1414  1650 E SurfaceFlinger: ro.sf.lcd_density must be defined as a build property
01-19 20:35:40.480 16029 16057 D OpenGLRenderer: HWUI GL Pipeline
01-19 20:35:40.544 16029 16057 D         : HostConnection::get() New Host Connection established 0xa4624d80, tid 16057
01-19 20:35:40.544  1404  1441 D gralloc_ranchu: gralloc_alloc: Creating ashmem region of size 8298496
01-19 20:35:40.548 16029 16057 I zygote  : android::hardware::configstore::V1_0::ISurfaceFlingerConfigs::hasWideColorDisplay retrieved: 0
01-19 20:35:40.548 16029 16057 I OpenGLRenderer: Initialized EGL, version 1.4
01-19 20:35:40.549 16029 16057 D OpenGLRenderer: Swap behavior 1
01-19 20:35:40.549 16029 16057 W OpenGLRenderer: Failed to choose config with EGL_SWAP_BEHAVIOR_PRESERVED, retrying without...
01-19 20:35:40.549 16029 16057 D OpenGLRenderer: Swap behavior 0
01-19 20:35:40.577 16029 16057 D EGL_emulation: eglCreateContext: 0xa62855a0: maj 2 min 0 rcv 2
01-19 20:35:40.578  1404  1441 D gralloc_ranchu: gralloc_alloc: Creating ashmem region of size 8298496
01-19 20:35:40.615  1404  1441 D gralloc_ranchu: gralloc_alloc: Creating ashmem region of size 8298496
01-19 20:35:40.617 16029 16057 D EGL_emulation: eglMakeCurrent: 0xa62855a0: ver 2 0 (tinfo 0xa6283160)
01-19 20:35:40.618  1414  1429 E SurfaceFlinger: ro.sf.lcd_density must be defined as a build property
01-19 20:35:40.621  2099  2099 I WearableService: Wearable Services stopping
01-19 20:35:40.715 16029 16057 D EGL_emulation: eglMakeCurrent: 0xa62855a0: ver 2 0 (tinfo 0xa6283160)
01-19 20:35:41.113 16029 16029 D NetworkSecurityConfig: No Network Security Config specified, using platform default
01-19 20:35:41.335 16029 16029 I Choreographer: Skipped 37 frames!  The application may be doing too much work on its main thread.
01-19 20:35:41.438  1414  1414 W SurfaceFlinger: couldn't log to binary event log: overflow.
01-19 20:35:41.438  1414  1414 W SurfaceFlinger: couldn't log to binary event log: overflow.
01-19 20:35:41.536  2099  2661 W GCoreFlp: No location to return for getLastLocation()
01-19 20:35:41.549  1744  1982 D EGL_emulation: eglMakeCurrent: 0xa6285540: ver 2 0 (tinfo 0xa62833d0)
01-19 20:35:41.580  2099 15856 I Places  : ?: Couldn't find platform key file.
01-19 20:35:41.587  2099 15889 I Places  : ?: PlacesBleScanner stop()
01-19 20:35:41.592  2099  2099 I BeaconBle: Scan : No clients left, canceling alarm.
01-19 20:35:41.595  2099  2099 I BeaconBle: Scan canceled successfully.
01-19 20:35:41.608  2099 15889 I PlaceInferenceEngine: [anon] Changed inference mode: 105
01-19 20:35:41.613  2099  2661 W GCoreFlp: No location to return for getLastLocation()
01-19 20:35:41.626  2099 15883 I Places  : ?: Couldn't find platform key file.
01-19 20:35:41.639  2099 15890 I Places  : ?: Couldn't find platform key file.
01-19 20:35:41.647  2099  2099 I GeofencerStateMachine: removeGeofences: removeRequest=RemoveGeofencingRequest[REMOVE_BY_PENDING_INTENT pendingIntent=PendingIntent[creatorPackage=com.google.android.gms], packageName=null]
01-19 20:35:41.651  2099 15890 I Places  : ?: Couldn't find platform key file.
01-19 20:35:41.653  2099 15883 I Places  : ?: Couldn't find platform key file.
01-19 20:35:41.679  2099  2099 I GeofencerStateMachine: removeGeofences: removeRequest=RemoveGeofencingRequest[REMOVE_BY_PENDING_INTENT pendingIntent=PendingIntent[creatorPackage=com.google.android.gms], packageName=null]
01-19 20:35:41.692  2099  2099 I GeofencerStateMachine: removeGeofences: removeRequest=RemoveGeofencingRequest[REMOVE_BY_PENDING_INTENT pendingIntent=PendingIntent[creatorPackage=com.google.android.gms], packageName=null]
01-19 20:35:43.757  1404  1441 D gralloc_ranchu: gralloc_alloc: Creating ashmem region of size 4444160
01-19 20:35:43.786  1404  1441 D gralloc_ranchu: gralloc_alloc: Creating ashmem region of size 4444160
01-19 20:35:43.840 16029 16057 D EGL_emulation: eglMakeCurrent: 0xa62855a0: ver 2 0 (tinfo 0xa6283160)
01-19 20:35:43.869 16029 16034 I zygote  : Do partial code cache collection, code=17KB, data=25KB
01-19 20:35:43.870 16029 16034 I zygote  : After code cache collection, code=17KB, data=25KB
01-19 20:35:43.870 16029 16034 I zygote  : Increasing code cache capacity to 128KB
01-19 20:35:43.871 16029 16034 I zygote  : Do partial code cache collection, code=17KB, data=43KB
01-19 20:35:43.871 16029 16034 I zygote  : After code cache collection, code=17KB, data=43KB
01-19 20:35:43.871 16029 16034 I zygote  : Increasing code cache capacity to 256KB
01-19 20:35:43.871 16029 16034 I zygote  : JIT allocated 71KB for compiled code of void android.widget.TextView.<init>(android.content.Context, android.util.AttributeSet, int, int)
01-19 20:35:43.871 16029 16034 I zygote  : Compiler allocated 4MB to compile void android.widget.TextView.<init>(android.content.Context, android.util.AttributeSet, int, int)
01-19 20:35:45.035  1396  4580 I chatty  : uid=1041(audioserver) writer expire 3 lines
01-19 20:35:45.077 16029 16057 D EGL_emulation: eglMakeCurrent: 0xa62855a0: ver 2 0 (tinfo 0xa6283160)
01-19 20:35:45.369 16029 16057 I chatty  : uid=10080(com.example.trebb.currencyexchange) identical 10 lines
01-19 20:35:45.997  2099 16068 I NetRec  : [1058] yle.a: Refreshing scores for 1 networks.
01-19 20:35:46.007  2099 16068 W NetRec  : [1058] yle.a: Could not send request to get scores.
01-19 20:35:46.008  2099 16068 I NetRec  : [1058] NetRecChimeraGcmTaskService.a: Still entries pending update, scheduling new rapid_refresh_scores_task refresh.
01-19 20:35:46.419  1624  2130 I ActivityManager: START u0 {cmp=com.example.trebb.currencyexchange/.CalculatorActivity (has extras)} from uid 10080
01-19 20:35:46.612  2099  2099 I BeaconBle: Scan : No clients left, canceling alarm.
01-19 20:35:46.717 16029 16034 I chatty  : uid=10080(com.example.trebb.currencyexchange) expire 5 lines
01-19 20:35:46.731  1404  1441 D gralloc_ranchu: gralloc_alloc: Creating ashmem region of size 8298496
01-19 20:35:46.744  1404  1441 D gralloc_ranchu: gralloc_alloc: Creating ashmem region of size 8298496
01-19 20:35:46.756  1404  5086 D gralloc_ranchu: gralloc_alloc: Creating ashmem region of size 8298496
01-19 20:35:47.010 16029 16029 I chatty  : uid=10080(com.example.trebb.currencyexchange) expire 1 line
01-19 20:35:48.349  1624  2130 I ActivityManager: START u0 {cmp=com.example.trebb.currencyexchange/.MainActivity} from uid 10080
01-19 20:35:48.563  1404  5086 D gralloc_ranchu: gralloc_alloc: Creating ashmem region of size 8298496
01-19 20:35:48.611  1404  5086 D gralloc_ranchu: gralloc_alloc: Creating ashmem region of size 8298496
01-19 20:35:49.269  1414  1414 W SurfaceFlinger: couldn't log to binary event log: overflow.
01-19 20:35:50.005  1624  1721 E TaskPersister: File error accessing recents directory (directory doesn't exist?).
01-19 20:35:51.526  2257 16074 I chatty  : uid=10032 com.google.android.googlequicksearchbox:search expire 1 line
01-19 20:35:51.527  3895  3958 W Finsky  : [274] com.google.android.finsky.application.FinskyAppImpl.bx(1166): No account configured on this device.
01-19 20:35:51.561  1396  1396 I chatty  : uid=1041(audioserver) audio@2.0-servi expire 1 line
01-19 20:35:51.656  3895  3958 I Finsky  : [274] com.google.android.finsky.h.c.a(22): Completed 0 account content syncs with 0 successful.
01-19 20:35:51.656  3895  3895 I Finsky  : [2] com.google.android.finsky.services.e.a(5): Installation state replication succeeded.
01-19 20:36:16.021  1624  1637 I chatty  : uid=1000(system) android.bg expire 10 lines
01-19 20:36:16.104  2099 16082 I NetRec  : [1059] yle.a: Refreshing scores for 1 networks.
01-19 20:36:16.112  2099 16082 W NetRec  : [1059] yle.a: Could not send request to get scores.
01-19 20:36:16.113  2099 16082 I NetRec  : [1059] NetRecChimeraGcmTaskService.a: Still entries pending update, scheduling new rapid_refresh_scores_task refresh.
01-19 20:36:22.129  1412  1412 I boot-pipe: done populating /dev/random
01-19 20:36:41.242  1405  1423 D hwcomposer: hw_composer sent 74 syncs in 88s
01-19 20:36:41.245  1624  1637 I chatty  : uid=1000(system) android.bg expire 14 lines
01-19 20:36:46.180  2099 16084 I NetRec  : [1060] yle.a: Refreshing scores for 1 networks.
01-19 20:36:46.184  2099 16084 W NetRec  : [1060] yle.a: Could not send request to get scores.
01-19 20:36:46.186  2099 16084 I NetRec  : [1060] NetRecChimeraGcmTaskService.a: Still entries pending update, scheduling new rapid_refresh_scores_task refresh.
01-19 20:37:16.209  2257 15178 I chatty  : uid=10032 com.google.android.googlequicksearchbox:search expire 1 line
01-19 20:37:16.214  1624  4399 I chatty  : uid=1000(system) Binder:1624_16 expire 4 lines
01-19 20:37:16.310  2099 16091 I NetRec  : [1061] yle.a: Refreshing scores for 1 networks.
01-19 20:37:16.316  2099 16091 W NetRec  : [1061] yle.a: Could not send request to get scores.
01-19 20:37:16.317  2099 16091 I NetRec  : [1061] NetRecChimeraGcmTaskService.a: Still entries pending update, scheduling new rapid_refresh_scores_task refresh.
01-19 20:37:22.130  1412  1412 I boot-pipe: done populating /dev/random
01-19 20:37:52.668  2099 16095 I NetRec  : [1062] yle.a: Refreshing scores for 1 networks.
01-19 20:37:52.673  2099 16095 W NetRec  : [1062] yle.a: Could not send request to get scores.
01-19 20:37:52.673  2099 16095 I NetRec  : [1062] NetRecChimeraGcmTaskService.a: Still entries pending update, scheduling new rapid_refresh_scores_task refresh.
01-19 20:38:00.013  1405  1423 D hwcomposer: hw_composer sent 12 syncs in 79s
01-19 20:38:07.725  1624  1637 I chatty  : uid=1000(system) android.bg expire 10 lines
01-19 20:38:22.131  1412  1412 I boot-pipe: done populating /dev/random
01-19 20:38:22.745  2099 16097 I NetRec  : [1063] yle.a: Refreshing scores for 1 networks.
01-19 20:38:22.751  2099 16097 W NetRec  : [1063] yle.a: Could not send request to get scores.
01-19 20:38:22.753  2099 16097 I NetRec  : [1063] NetRecChimeraGcmTaskService.a: Still entries pending update, scheduling new rapid_refresh_scores_task refresh.
01-19 20:38:35.965  1624  1637 I UsageStatsService: User[0] Flushing usage stats to disk
01-19 20:38:45.973  1624  1641 E BatteryExternalStatsWorker: modem info is invalid: ModemActivityInfo{ mTimestamp=0 mSleepTimeMs=0 mIdleTimeMs=0 mTxTimeMs[]=[0, 0, 0, 0, 0] mRxTimeMs=0 mEnergyUsed=0}
01-19 20:38:52.819  2099 16112 I NetRec  : [1064] yle.a: Refreshing scores for 1 networks.
01-19 20:38:52.824  2099 16112 W NetRec  : [1064] yle.a: Could not send request to get scores.
01-19 20:38:52.825  2099 16112 I NetRec  : [1064] NetRecChimeraGcmTaskService.a: Still entries pending update, scheduling new rapid_refresh_scores_task refresh.
01-19 20:39:00.013  1405  1423 D hwcomposer: hw_composer sent 6 syncs in 60s
01-19 20:39:22.134  1412  1412 I boot-pipe: done populating /dev/random
01-19 20:39:22.841  1624  1624 V BackupManagerService: Scheduling immediate backup pass
01-19 20:39:22.845  1624  1624 W BackupManagerService: Backup pass but e=false p=true
01-19 20:39:22.899  2099 16122 I NetRec  : [1065] yle.a: Refreshing scores for 1 networks.
01-19 20:39:22.909  2099 16122 W NetRec  : [1065] yle.a: Could not send request to get scores.
01-19 20:39:22.910  2099 16122 I NetRec  : [1065] NetRecChimeraGcmTaskService.a: Still entries pending update, scheduling new rapid_refresh_scores_task refresh.
01-19 20:39:52.988  2099 16135 I NetRec  : [1066] yle.a: Refreshing scores for 1 networks.
01-19 20:39:52.996  2099 16135 W NetRec  : [1066] yle.a: Could not send request to get scores.
01-19 20:39:52.996  2099 16135 I NetRec  : [1066] NetRecChimeraGcmTaskService.a: Still entries pending update, scheduling new rapid_refresh_scores_task refresh.
01-19 20:39:58.303  2099 16137 I NetRec  : [1067] yle.a: Refreshing scores for 1 networks.
01-19 20:39:58.313  2099 16137 W NetRec  : [1067] yle.a: Could not send request to get scores.
01-19 20:39:58.314  2099 16137 I NetRec  : [1067] NetRecChimeraGcmTaskService.a: Still entries pending update, scheduling new refresh_scores_task refresh.
01-19 20:39:58.564  2099 16138 I GoogleURLConnFactory: Using platform SSLCertificateSocketFactory
01-19 20:39:58.569  2099 16138 I GoogleURLConnFactory: Using platform SSLCertificateSocketFactory
01-19 20:39:58.938  2099  2099 I GoogleURLConnFactory: Using platform SSLCertificateSocketFactory
01-19 20:39:59.321  2099 16138 I GoogleURLConnFactory: Using platform SSLCertificateSocketFactory
01-19 20:39:59.469  2099 16138 I GoogleURLConnFactory: Using platform SSLCertificateSocketFactory
01-19 20:39:59.619  2099 16145 I NetRec  : [1071] yle.a: Refreshing scores for 1 networks.
01-19 20:39:59.641  2099 16145 W NetRec  : [1071] yle.a: Could not send request to get scores.
01-19 20:39:59.643  2099 16145 I NetRec  : [1071] NetRecChimeraGcmTaskService.a: Still entries pending update, scheduling new rapid_refresh_scores_task refresh.
01-19 20:39:59.652  2099 16142 I HeterodyneSyncScheduler: Scheduling adaptive one off task with window [14400, 604800] in seconds
01-19 20:40:00.022  1405  1423 D hwcomposer: hw_composer sent 6 syncs in 60s
01-19 20:40:22.135  1412  1412 I boot-pipe: done populating /dev/random
01-19 20:40:32.673  2099 16160 I NetRec  : [1072] yle.a: Refreshing scores for 1 networks.
01-19 20:40:32.676  2099 16160 W NetRec  : [1072] yle.a: Could not send request to get scores.
01-19 20:40:32.677  2099 16160 I NetRec  : [1072] NetRecChimeraGcmTaskService.a: Still entries pending update, scheduling new rapid_refresh_scores_task refresh.
01-19 20:40:35.568  1624  4474 I chatty  : uid=1000(system) Binder:1624_18 expire 2 lines
01-19 20:41:00.007  1405  1423 D hwcomposer: hw_composer sent 6 syncs in 60s
01-19 20:41:02.785  2099 16171 I NetRec  : [1073] yle.a: Refreshing scores for 1 networks.
01-19 20:41:02.791  2099 16171 W NetRec  : [1073] yle.a: Could not send request to get scores.
01-19 20:41:02.794  2099 16171 I NetRec  : [1073] NetRecChimeraGcmTaskService.a: Still entries pending update, scheduling new rapid_refresh_scores_task refresh.
01-19 20:41:22.136  1412  1412 I boot-pipe: done populating /dev/random
01-19 20:41:32.861  2099 16182 I NetRec  : [1074] yle.a: Refreshing scores for 1 networks.
01-19 20:41:32.875  2099 16182 W NetRec  : [1074] yle.a: Could not send request to get scores.
01-19 20:41:32.875  2099 16182 I NetRec  : [1074] NetRecChimeraGcmTaskService.a: Still entries pending update, scheduling new rapid_refresh_scores_task refresh.
01-19 20:42:00.005  1624  1637 I chatty  : uid=1000(system) android.bg expire 16 lines
01-19 20:42:00.013  1405  1423 D hwcomposer: hw_composer sent 6 syncs in 60s
01-19 20:42:02.944  2099 16194 I NetRec  : [1075] yle.a: Refreshing scores for 1 networks.
01-19 20:42:02.952  2099 16194 W NetRec  : [1075] yle.a: Could not send request to get scores.
01-19 20:42:02.953  2099 16194 I NetRec  : [1075] NetRecChimeraGcmTaskService.a: Still entries pending update, scheduling new rapid_refresh_scores_task refresh.
01-19 20:42:22.137  1412  1412 I boot-pipe: done populating /dev/random
01-19 20:42:33.021  2099 16206 I NetRec  : [1076] yle.a: Refreshing scores for 1 networks.
01-19 20:42:33.026  2099 16206 W NetRec  : [1076] yle.a: Could not send request to get scores.
01-19 20:42:33.027  2099 16206 I NetRec  : [1076] NetRecChimeraGcmTaskService.a: Still entries pending update, scheduling new rapid_refresh_scores_task refresh.
01-19 20:43:00.007  1405  1423 D hwcomposer: hw_composer sent 6 syncs in 60s
01-19 20:43:12.674  2099 16219 I NetRec  : [1077] yle.a: Refreshing scores for 1 networks.
01-19 20:43:12.678  2099 16219 W NetRec  : [1077] yle.a: Could not send request to get scores.
01-19 20:43:12.679  2099 16219 I NetRec  : [1077] NetRecChimeraGcmTaskService.a: Still entries pending update, scheduling new rapid_refresh_scores_task refresh.
01-19 20:43:15.580  1624  3269 I chatty  : uid=1000(system) Binder:1624_F expire 1 line
01-19 20:43:22.138  1412  1412 I boot-pipe: done populating /dev/random
01-19 20:43:42.805  2099 16230 I NetRec  : [1078] yle.a: Refreshing scores for 1 networks.
01-19 20:43:42.810  2099 16230 W NetRec  : [1078] yle.a: Could not send request to get scores.
01-19 20:43:42.817  2099 16230 I NetRec  : [1078] NetRecChimeraGcmTaskService.a: Still entries pending update, scheduling new rapid_refresh_scores_task refresh.
01-19 20:44:00.018  1405  1423 D hwcomposer: hw_composer sent 6 syncs in 60s
01-19 20:44:12.890  2099 16241 I NetRec  : [1079] yle.a: Refreshing scores for 1 networks.
01-19 20:44:12.896  2099 16241 W NetRec  : [1079] yle.a: Could not send request to get scores.
01-19 20:44:12.898  2099 16241 I NetRec  : [1079] NetRecChimeraGcmTaskService.a: Still entries pending update, scheduling new rapid_refresh_scores_task refresh.
01-19 20:44:22.139  1412  1412 I boot-pipe: done populating /dev/random
01-19 20:44:42.962  2099 16253 I NetRec  : [1080] yle.a: Refreshing scores for 1 networks.
01-19 20:44:42.966  2099 16253 W NetRec  : [1080] yle.a: Could not send request to get scores.
01-19 20:44:42.967  2099 16253 I NetRec  : [1080] NetRecChimeraGcmTaskService.a: Still entries pending update, scheduling new rapid_refresh_scores_task refresh.
01-19 20:45:00.018  1405  1423 D hwcomposer: hw_composer sent 6 syncs in 60s
01-19 20:45:13.036  2099 16265 I NetRec  : [1081] yle.a: Refreshing scores for 1 networks.
01-19 20:45:13.044  2099 16265 W NetRec  : [1081] yle.a: Could not send request to get scores.
01-19 20:45:13.044  2099 16265 I NetRec  : [1081] NetRecChimeraGcmTaskService.a: Still entries pending update, scheduling new rapid_refresh_scores_task refresh.
01-19 20:45:22.141  1412  1412 I boot-pipe: done populating /dev/random
01-19 20:45:52.674  2099 16280 I NetRec  : [1082] yle.a: Refreshing scores for 1 networks.
01-19 20:45:52.679  2099 16280 W NetRec  : [1082] yle.a: Could not send request to get scores.
01-19 20:45:52.680  2099 16280 I NetRec  : [1082] NetRecChimeraGcmTaskService.a: Still entries pending update, scheduling new rapid_refresh_scores_task refresh.
01-19 20:45:53.819  3895  3926 I PlayCommon: [255] com.google.android.play.a.g.e(222): Preparing logs for uploading
01-19 20:45:53.820  3895  3926 W PlayCommon: [255] com.google.android.play.a.g.a(589): No account for auth token provided
01-19 20:45:53.820  3895  3926 I PlayCommon: [255] com.google.android.play.a.g.a(436): Connecting to server: https://play.googleapis.com/play/log?format=raw&proto_v2=true
01-19 20:45:53.995  3895  3926 I PlayCommon: [255] com.google.android.play.a.g.a(493): Successfully uploaded logs.
01-19 20:46:00.023  1405  1423 D hwcomposer: hw_composer sent 12 syncs in 60s
01-19 20:46:22.142  1412  1412 I boot-pipe: done populating /dev/random
01-19 20:46:22.745  2099 16294 I NetRec  : [1083] yle.a: Refreshing scores for 1 networks.
01-19 20:46:22.751  2099 16294 W NetRec  : [1083] yle.a: Could not send request to get scores.
01-19 20:46:22.752  2099 16294 I NetRec  : [1083] NetRecChimeraGcmTaskService.a: Still entries pending update, scheduling new rapid_refresh_scores_task refresh.
01-19 20:46:35.649  2099 16300 I NetRec  : [1084] yle.a: Refreshing scores for 1 networks.
01-19 20:46:35.652  2099 16300 W NetRec  : [1084] yle.a: Could not send request to get scores.
01-19 20:46:35.653  2099 16300 I NetRec  : [1084] NetRecChimeraGcmTaskService.a: Still entries pending update, scheduling new refresh_scores_task refresh.
01-19 20:46:52.829  2099 16309 I NetRec  : [1086] yle.a: Refreshing scores for 1 networks.
01-19 20:46:52.834  2099 16309 W NetRec  : [1086] yle.a: Could not send request to get scores.
01-19 20:46:52.836  2099 16309 I NetRec  : [1086] NetRecChimeraGcmTaskService.a: Still entries pending update, scheduling new rapid_refresh_scores_task refresh.
01-19 20:47:00.021  1405  1423 D hwcomposer: hw_composer sent 6 syncs in 60s
01-19 20:47:22.143  1412  1412 I boot-pipe: done populating /dev/random
01-19 20:47:22.905  2099 16321 I NetRec  : [1087] yle.a: Refreshing scores for 1 networks.
01-19 20:47:22.914  2099 16321 W NetRec  : [1087] yle.a: Could not send request to get scores.
01-19 20:47:22.915  2099 16321 I NetRec  : [1087] NetRecChimeraGcmTaskService.a: Still entries pending update, scheduling new rapid_refresh_scores_task refresh.
01-19 20:47:23.494  1624  1641 E BatteryExternalStatsWorker: modem info is invalid: ModemActivityInfo{ mTimestamp=0 mSleepTimeMs=0 mIdleTimeMs=0 mTxTimeMs[]=[0, 0, 0, 0, 0] mRxTimeMs=0 mEnergyUsed=0}
01-19 20:47:52.985  2099 16334 I NetRec  : [1088] yle.a: Refreshing scores for 1 networks.
01-19 20:47:52.987  2099 16334 W NetRec  : [1088] yle.a: Could not send request to get scores.
01-19 20:47:52.988  2099 16334 I NetRec  : [1088] NetRecChimeraGcmTaskService.a: Still entries pending update, scheduling new rapid_refresh_scores_task refresh.
01-19 20:48:00.014  1405  1423 D hwcomposer: hw_composer sent 6 syncs in 60s
01-19 20:48:22.144  1412  1412 I boot-pipe: done populating /dev/random
01-19 20:48:32.680  2099 16348 I NetRec  : [1089] yle.a: Refreshing scores for 1 networks.
01-19 20:48:32.690  2099 16348 W NetRec  : [1089] yle.a: Could not send request to get scores.
01-19 20:48:32.691  2099 16348 I NetRec  : [1089] NetRecChimeraGcmTaskService.a: Still entries pending update, scheduling new rapid_refresh_scores_task refresh.
01-19 20:48:35.589  1624  6176 I chatty  : uid=1000(system) Binder:1624_1A expire 1 line
01-19 20:48:47.265  1624  4474 I ActivityManager: Force stopping com.example.trebb.currencyexchange appid=10080 user=0: from pid 16354
01-19 20:48:47.265  1624  4474 I ActivityManager: Killing 16029:com.example.trebb.currencyexchange/u0a80 (adj 0): stop com.example.trebb.currencyexchange
01-19 20:48:47.265  1624  4474 W ActivityManager: Force removing ActivityRecord{8eedae6 u0 com.example.trebb.currencyexchange/.MainActivity t36}: app died, no saved state
01-19 20:48:47.272  1624  4474 I WindowManager: Failed to capture screenshot of Token{8497827 ActivityRecord{8eedae6 u0 com.example.trebb.currencyexchange/.MainActivity t36 f}} appWin=Window{8cb6fc3 u0 com.example.trebb.currencyexchange/com.example.trebb.currencyexchange.MainActivity} drawState=4
01-19 20:48:47.285  1624  4474 I ActivityManager: Start proc 16356:com.example.trebb.currencyexchange/u0a80 for activity com.example.trebb.currencyexchange/.CalculatorActivity
01-19 20:48:47.290 16356 16356 I chatty  : uid=10080(com.example.trebb.currencyexchange) expire 3 lines
01-19 20:48:47.290  1624  4474 I ActivityManager:   Force finishing activity ActivityRecord{dd07dd8 u0 com.example.trebb.currencyexchange/.MainActivity t36}
01-19 20:48:47.296  1624  4474 I ActivityManager:   Force finishing activity ActivityRecord{7ae4f6a u0 com.example.trebb.currencyexchange/.CalculatorActivity t36}
01-19 20:48:47.325  1624  1680 I chatty  : uid=1000(system) InputDispatcher expire 4 lines
01-19 20:48:47.337  1624  4399 I WindowManager: WIN DEATH: Window{9cc8803 u0 com.example.trebb.currencyexchange/com.example.trebb.currencyexchange.MainActivity}
01-19 20:48:47.342  1496  1496 I Zygote  : Process 16029 exited cleanly (255)
01-19 20:48:47.352  1624  4586 I WindowManager: WIN DEATH: Window{8335337 u0 com.example.trebb.currencyexchange/com.example.trebb.currencyexchange.CalculatorActivity}
01-19 20:48:47.370  1404  5086 D gralloc_ranchu: gralloc_alloc: Creating ashmem region of size 8298496
01-19 20:48:47.385  1624  4474 I WindowManager: Failed to capture screenshot of Token{7664c5b ActivityRecord{7ae4f6a u0 com.example.trebb.currencyexchange/.CalculatorActivity t36 f}} appWin=Window{d17d7b7 u0 Splash Screen com.example.trebb.currencyexchange} drawState=1
01-19 20:48:47.388  1624  4474 I ActivityManager:   Force finishing activity ActivityRecord{dd07dd8 u0 com.example.trebb.currencyexchange/.MainActivity t36 f}
01-19 20:48:47.388  1624  4474 W ActivityManager: Duplicate finish request for ActivityRecord{dd07dd8 u0 com.example.trebb.currencyexchange/.MainActivity t36 f}
01-19 20:48:47.388  1624  4474 I ActivityManager:   Force finishing activity ActivityRecord{7ae4f6a u0 com.example.trebb.currencyexchange/.CalculatorActivity t36 f}
01-19 20:48:47.388  1624  4474 W ActivityManager: Duplicate finish request for ActivityRecord{7ae4f6a u0 com.example.trebb.currencyexchange/.CalculatorActivity t36 f}
01-19 20:48:47.582  1404  5086 D gralloc_ranchu: gralloc_alloc: Creating ashmem region of size 8298496
01-19 20:48:47.588  1624  4586 W ActivityManager: Slow operation: 183ms so far, now at attachApplicationLocked: after mServices.attachApplicationLocked
01-19 20:48:47.594  1624  4586 I ActivityManager: Killing 6975:com.google.android.gms.feedback/u0a13 (adj 906): empty for 13026s
01-19 20:48:47.595  1624  4586 W ActivityManager: Slow operation: 190ms so far, now at attachApplicationLocked: after updateOomAdjLocked
01-19 20:48:47.598  1624  1645 W ActivityManager: setHasOverlayUi called on unknown pid: 16029
01-19 20:48:47.598  1624  1639 W Looper  : Dispatch took 333ms on android.ui, h=Handler (com.android.server.am.ActivityManagerService$UiHandler) {3dd8723} cb=null msg=53
01-19 20:48:47.642  1624  1640 I chatty  : uid=1000(system) ActivityManager expire 4 lines
01-19 20:48:47.645  1624  2098 V KeyValueBackupJob: Scheduling k/v pass in 247 minutes
01-19 20:48:47.665  1818  1818 D CarrierSvcBindHelper: No carrier app for: 0
01-19 20:48:47.670  2099  2661 W GCoreFlp: No location to return for getLastLocation()
01-19 20:48:47.684  1404  5086 D gralloc_ranchu: gralloc_alloc: Creating ashmem region of size 8298496
01-19 20:48:47.720  1404  5086 D gralloc_ranchu: gralloc_alloc: Creating ashmem region of size 8298496
01-19 20:48:47.721  1414  1414 D SurfaceFlinger: duplicate layer name: changing com.google.android.apps.nexuslauncher/com.google.android.apps.nexuslauncher.NexusLauncherActivity to com.google.android.apps.nexuslauncher/com.google.android.apps.nexuslauncher.NexusLauncherActivity#1
01-19 20:48:47.747  1404  1441 D gralloc_ranchu: gralloc_alloc: Creating ashmem region of size 8298496
01-19 20:48:47.787  1404  1441 D gralloc_ranchu: gralloc_alloc: Creating ashmem region of size 8298496
01-19 20:48:47.850  1404  1441 D gralloc_ranchu: gralloc_alloc: Creating ashmem region of size 8298496
01-19 20:48:47.938  2200  2356 D EGL_emulation: eglMakeCurrent: 0xa62856c0: ver 2 0 (tinfo 0xa6283430)
01-19 20:48:48.071  1624 16361 I chatty  : uid=1000(system) Binder:1624_1C expire 2 lines
01-19 20:48:48.102  2257 16373 I chatty  : uid=10032(com.google.android.googlequicksearchbox) NonUserFacing15 expire 10 lines
01-19 20:48:48.102  2257  2257 I chatty  : uid=10032 com.google.android.googlequicksearchbox:search expire 19 lines
01-19 20:48:48.113  2257 16379 I chatty  : uid=10032(com.google.android.googlequicksearchbox) NonUserFacing17 expire 5 lines
01-19 20:48:48.114  2257 16377 I chatty  : uid=10032(com.google.android.googlequicksearchbox) UserFacing17 expire 6 lines
01-19 20:48:48.115  2257 16076 I chatty  : uid=10032(com.google.android.googlequicksearchbox) Binder:2257_C expire 2 lines
01-19 20:48:48.126  1497 16382 I chatty  : uid=1041(audioserver) /system/bin/audioserver expire 1 line
01-19 20:48:48.176  2257 16377 E ActivityThread: Failed to find provider info for com.google.android.apps.gsa.testing.ui.audio.recorded
01-19 20:48:48.196  1744  1982 D EGL_emulation: eglMakeCurrent: 0xa6285540: ver 2 0 (tinfo 0xa62833d0)
01-19 20:48:48.201  2257  4674 I chatty  : uid=10032(com.google.android.googlequicksearchbox) HotwordDetector expire 14 lines
01-19 20:48:48.204  2257 16378 I chatty  : uid=10032(com.google.android.googlequicksearchbox) NonUserFacing16 expire 1 line
01-19 20:48:48.219  2099  2661 W GCoreFlp: No location to return for getLastLocation()
01-19 20:48:48.225  2099  2661 W GCoreFlp: No location to return for getLastLocation()
01-19 20:48:48.274  1744  1982 D EGL_emulation: eglMakeCurrent: 0xa6285540: ver 2 0 (tinfo 0xa62833d0)
01-19 20:48:48.295  1744  1982 D EGL_emulation: eglMakeCurrent: 0xa6285540: ver 2 0 (tinfo 0xa62833d0)
01-19 20:48:48.351  2099 15856 I Places  : ?: Couldn't find platform key file.
01-19 20:48:48.432  2099  2099 I GeofencerStateMachine: removeGeofences: removeRequest=RemoveGeofencingRequest[REMOVE_BY_PENDING_INTENT pendingIntent=PendingIntent[creatorPackage=com.google.android.gms], packageName=null]
01-19 20:48:48.441  2200  2356 W OpenGLRenderer: Incorrectly called buildLayer on View: ShortcutAndWidgetContainer, destroying layer...
01-19 20:48:48.441  2099  2099 I GeofencerStateMachine: removeGeofences: removeRequest=RemoveGeofencingRequest[REMOVE_BY_PENDING_INTENT pendingIntent=PendingIntent[creatorPackage=com.google.android.gms], packageName=null]
01-19 20:48:48.462  2099 16391 I PlaceInferenceEngine: [anon] Changed inference mode: 105
01-19 20:48:48.465  2099 16393 I Places  : ?: Couldn't find platform key file.
01-19 20:48:48.475  2099  2661 W GCoreFlp: No location to return for getLastLocation()
01-19 20:48:48.484  2099  2661 W GCoreFlp: No location to return for getLastLocation()
01-19 20:48:48.489  2099 16394 I Places  : ?: Couldn't find platform key file.
01-19 20:48:48.555  2099 16393 I Places  : ?: Couldn't find platform key file.
01-19 20:48:48.700  2099 16394 I Places  : ?: Couldn't find platform key file.
01-19 20:48:48.732  2099  2661 W GCoreFlp: No location to return for getLastLocation()
01-19 20:48:48.745  2099 16391 I Places  : ?: PlacesBleScanner start() with priority 2
01-19 20:48:48.746  2099 16391 I PlaceInferenceEngine: [anon] Changed inference mode: 102
01-19 20:48:48.751  2099  2661 W GCoreFlp: No location to return for getLastLocation()
01-19 20:48:48.783  2099  2661 W GCoreFlp: No location to return for getLastLocation()
01-19 20:48:48.833  2099  2099 E BeaconBle: Missing BluetoothAdapter
01-19 20:48:48.833  2099  2099 I BeaconBle: BLE 'KK+' software access layer enabled
01-19 20:48:48.854  2099  2099 I BeaconBle: Client requested scan, settings=BleSettings [scanMode=ZERO_POWER, callbackType=ALL_MATCHES, reportDelayMillis=0, 1 filters, 0 clients, callingClientName=Places]
01-19 20:48:48.854  2099  2099 I BeaconBle: Scan : No clients left, canceling alarm.
01-19 20:48:48.855  2099  2099 E BeaconBle: Scan couldn't start for Places
01-19 20:48:48.855  2099  2099 W Places  : BLE failure while scanning - code 5
01-19 20:48:50.864  1624  1721 E TaskPersister: File error accessing recents directory (directory doesn't exist?).
01-19 20:48:53.208  2257 16385 I chatty  : uid=10032(com.google.android.googlequicksearchbox) NonUserFacing18 expire 18 lines
01-19 20:48:53.208  2257 16383 I chatty  : uid=10032(com.google.android.googlequicksearchbox) UserFacing18 expire 17 lines
01-19 20:48:53.214  1497  5584 I chatty  : uid=1041(audioserver) Binder:1497_6 expire 2 lines
01-19 20:48:53.214  1497  5584 E AudioFlinger: createRecordTrack_l() initCheck failed -12; no control block?
01-19 20:48:53.214  1497 16401 I AudioFlinger: AudioFlinger's thread 0xa97034c0 tid=16401 ready to run
01-19 20:48:53.216  2257 16383 E ActivityThread: Failed to find provider info for com.google.android.apps.gsa.testing.ui.audio.recorded
01-19 20:48:58.240  2257 16386 I chatty  : uid=10032(com.google.android.googlequicksearchbox) NonUserFacing19 expire 23 lines
01-19 20:48:58.243  1497 16404 I AudioFlinger: AudioFlinger's thread 0xa9703d80 tid=16404 ready to run
01-19 20:48:58.247  1497  1961 E AudioFlinger: not enough memory for AudioTrack size=131296
01-19 20:48:58.247  1497  1961 D MemoryDealer:   AudioTrack (0xad2f5480, size=4194304)
01-19 20:48:58.247  1497  1961 D MemoryDealer:     0: 0xad2f5490 | 0x00000000 | 0x000200E0 | A 
01-19 20:48:58.247  1497  1961 D MemoryDealer:     1: 0xad2f54b0 | 0x000200E0 | 0x000200E0 | A 
01-19 20:48:58.247  1497  1961 D MemoryDealer:     2: 0xad6211d0 | 0x000401C0 | 0x000200E0 | A 
01-19 20:48:58.247  1497  1961 D MemoryDealer:     3: 0xad2f56d0 | 0x000602A0 | 0x000200E0 | A 
01-19 20:48:58.247  1497  1961 D MemoryDealer:     4: 0xad2f5870 | 0x00080380 | 0x000200E0 | A 
01-19 20:48:58.247  1497  1961 D MemoryDealer:     5: 0xad2f5a50 | 0x000A0460 | 0x000200E0 | A 
01-19 20:48:58.247  1497  1961 D MemoryDealer:     6: 0xad6213e0 | 0x000C0540 | 0x000200E0 | A 
01-19 20:48:58.247  1497  1961 D MemoryDealer:     7: 0xad2f5c10 | 0x000E0620 | 0x000200E0 | A 
01-19 20:48:58.247  1497  1961 D MemoryDealer:     8: 0xad6215b0 | 0x00100700 | 0x000200E0 | A 
01-19 20:48:58.247  1497  1961 D MemoryDealer:     9: 0xad2f5e00 | 0x001207E0 | 0x000200E0 | A 
01-19 20:48:58.247  1497  1961 D MemoryDealer:    10: 0xad621770 | 0x001408C0 | 0x000200E0 | A 
01-19 20:48:58.247  1497  1961 D MemoryDealer:    11: 0xad2f5f30 | 0x001609A0 | 0x000200E0 | A 
01-19 20:48:58.247  1497  1961 D MemoryDealer:    12: 0xac27e0a0 | 0x00180A80 | 0x000200E0 | A 
01-19 20:48:58.247  1497  1961 D MemoryDealer:    13: 0xac27e2c0 | 0x001A0B60 | 0x000200E0 | A 
01-19 20:48:58.247  1497  1961 D MemoryDealer:    14: 0xac27e450 | 0x001C0C40 | 0x000200E0 | A 
01-19 20:48:58.247  1497  1961 D MemoryDealer:    15: 0xac27e5f0 | 0x001E0D20 | 0x000200E0 | A 
01-19 20:48:58.247  1497  1961 D MemoryDealer:    16: 0xac27e7d0 | 0x00200E00 | 0x000200E0 | A 
01-19 20:48:58.247  1497  1961 D MemoryDealer:    17: 0xac27e970 | 0x00220EE0 | 0x000200E0 | A 
01-19 20:48:58.247  1497  1961 D MemoryDealer:    18: 0xac27e840 | 0x00240FC0 | 0x000200E0 | A 
01-19 20:48:58.247  1497  1961 D MemoryDealer:    19: 0xac27ec90 | 0x002610A0 | 0x000200E0 | A 
01-19 20:48:58.247  1497  1961 D MemoryDealer:    
01-19 20:48:58.247  1497  1961 E AudioFlinger: createRecordTrack_l() initCheck failed -12; no control block?
01-19 20:48:58.257  2257  2257 I chatty  : uid=10032 com.google.android.googlequicksearchbox:search expire 14 lines
01-19 20:49:00.029  1405  1423 D hwcomposer: hw_composer sent 24 syncs in 60s
01-19 20:49:00.065  1744  1982 D EGL_emulation: eglMakeCurrent: 0xa6285540: ver 2 0 (tinfo 0xa62833d0)
01-19 20:49:02.762  2099 16408 I NetRec  : [1094] yle.a: Refreshing scores for 1 networks.
01-19 20:49:02.768  2099 16408 W NetRec  : [1094] yle.a: Could not send request to get scores.
01-19 20:49:02.770  2099 16408 I NetRec  : [1094] NetRecChimeraGcmTaskService.a: Still entries pending update, scheduling new rapid_refresh_scores_task refresh.
01-19 20:49:03.274  1497  1961 E AudioFlinger: not enough memory for AudioTrack size=131296
01-19 20:49:03.274  1497  1961 D MemoryDealer:   AudioTrack (0xad2f5480, size=4194304)
01-19 20:49:03.274  1497  1961 D MemoryDealer:     0: 0xad2f5490 | 0x00000000 | 0x000200E0 | A 
01-19 20:49:03.274  1497  1961 D MemoryDealer:     1: 0xad2f54b0 | 0x000200E0 | 0x000200E0 | A 
01-19 20:49:03.274  1497  1961 D MemoryDealer:     2: 0xad6211d0 | 0x000401C0 | 0x000200E0 | A 
01-19 20:49:03.274  1497  1961 D MemoryDealer:     3: 0xad2f56d0 | 0x000602A0 | 0x000200E0 | A 
01-19 20:49:03.274  1497  1961 D MemoryDealer:     4: 0xad2f5870 | 0x00080380 | 0x000200E0 | A 
01-19 20:49:03.274  1497  1961 D MemoryDealer:     5: 0xad2f5a50 | 0x000A0460 | 0x000200E0 | A 
01-19 20:49:03.274  1497  1961 D MemoryDealer:     6: 0xad6213e0 | 0x000C0540 | 0x000200E0 | A 
01-19 20:49:03.274  1497  1961 D MemoryDealer:     7: 0xad2f5c10 | 0x000E0620 | 0x000200E0 | A 
01-19 20:49:03.274  1497  1961 D MemoryDealer:     8: 0xad6215b0 | 0x00100700 | 0x000200E0 | A 
01-19 20:49:03.274  1497  1961 D MemoryDealer:     9: 0xad2f5e00 | 0x001207E0 | 0x000200E0 | A 
01-19 20:49:03.274  1497  1961 D MemoryDealer:    10: 0xad621770 | 0x001408C0 | 0x000200E0 | A 
01-19 20:49:03.274  1497  1961 D MemoryDealer:    11: 0xad2f5f30 | 0x001609A0 | 0x000200E0 | A 
01-19 20:49:03.274  1497  1961 D MemoryDealer:    12: 0xac27e0a0 | 0x00180A80 | 0x000200E0 | A 
01-19 20:49:03.274  1497  1961 D MemoryDealer:    13: 0xac27e2c0 | 0x001A0B60 | 0x000200E0 | A 
01-19 20:49:03.274  1497  1961 D MemoryDealer:    14: 0xac27e450 | 0x001C0C40 | 0x000200E0 | A 
01-19 20:49:03.274  1497  1961 D MemoryDealer:    15: 0xac27e5f0 | 0x001E0D20 | 0x000200E0 | A 
01-19 20:49:03.274  1497  1961 D MemoryDealer:    16: 0xac27e7d0 | 0x00200E00 | 0x000200E0 | A 
01-19 20:49:03.274  1497  1961 D MemoryDealer:    17: 0xac27e970 | 0x00220EE0 | 0x000200E0 | A 
01-19 20:49:03.274  1497  1961 D MemoryDealer:    18: 0xac27e840 | 0x00240FC0 | 0x000200E0 | A 
01-19 20:49:03.274  1497  1961 D MemoryDealer:    19: 0xac27ec90 | 0x002610A0 | 0x000200E0 | A 
01-19 20:49:03.274  1497  1961 D MemoryDealer:    
01-19 20:49:03.274  1497  1961 E AudioFlinger: createRecordTrack_l() initCheck failed -12; no control block?
01-19 20:49:03.275  1497 16411 I AudioFlinger: AudioFlinger's thread 0xa9703ac0 tid=16411 ready to run
01-19 20:49:03.282  2257 16383 I chatty  : uid=10032(com.google.android.googlequicksearchbox) UserFacing18 expire 13 lines
01-19 20:49:08.319  1497 16414 I AudioFlinger: AudioFlinger's thread 0xa9703800 tid=16414 ready to run
01-19 20:49:08.321  1497  6571 E AudioFlinger: not enough memory for AudioTrack size=131296
01-19 20:49:08.321  1497  6571 D MemoryDealer:   AudioTrack (0xad2f5480, size=4194304)
01-19 20:49:08.321  1497  6571 D MemoryDealer:     0: 0xad2f5490 | 0x00000000 | 0x000200E0 | A 
01-19 20:49:08.321  1497  6571 D MemoryDealer:     1: 0xad2f54b0 | 0x000200E0 | 0x000200E0 | A 
01-19 20:49:08.321  1497  6571 D MemoryDealer:     2: 0xad6211d0 | 0x000401C0 | 0x000200E0 | A 
01-19 20:49:08.321  1497  6571 D MemoryDealer:     3: 0xad2f56d0 | 0x000602A0 | 0x000200E0 | A 
01-19 20:49:08.321  1497  6571 D MemoryDealer:     4: 0xad2f5870 | 0x00080380 | 0x000200E0 | A 
01-19 20:49:08.321  1497  6571 D MemoryDealer:     5: 0xad2f5a50 | 0x000A0460 | 0x000200E0 | A 
01-19 20:49:08.321  1497  6571 D MemoryDealer:     6: 0xad6213e0 | 0x000C0540 | 0x000200E0 | A 
01-19 20:49:08.321  1497  6571 D MemoryDealer:     7: 0xad2f5c10 | 0x000E0620 | 0x000200E0 | A 
01-19 20:49:08.321  1497  6571 D MemoryDealer:     8: 0xad6215b0 | 0x00100700 | 0x000200E0 | A 
01-19 20:49:08.321  1497  6571 D MemoryDealer:     9: 0xad2f5e00 | 0x001207E0 | 0x000200E0 | A 
01-19 20:49:08.321  1497  6571 D MemoryDealer:    10: 0xad621770 | 0x001408C0 | 0x000200E0 | A 
01-19 20:49:08.321  1497  6571 D MemoryDealer:    11: 0xad2f5f30 | 0x001609A0 | 0x000200E0 | A 
01-19 20:49:08.321  1497  6571 D MemoryDealer:    12: 0xac27e0a0 | 0x00180A80 | 0x000200E0 | A 
01-19 20:49:08.321  1497  6571 D MemoryDealer:    13: 0xac27e2c0 | 0x001A0B60 | 0x000200E0 | A 
01-19 20:49:08.321  1497  6571 D MemoryDealer:    14: 0xac27e450 | 0x001C0C40 | 0x000200E0 | A 
01-19 20:49:08.321  1497  6571 D MemoryDealer:    15: 0xac27e5f0 | 0x001E0D20 | 0x000200E0 | A 
01-19 20:49:08.321  1497  6571 D MemoryDealer:    16: 0xac27e7d0 | 0x00200E00 | 0x000200E0 | A 
01-19 20:49:08.321  1497  6571 D MemoryDealer:    17: 0xac27e970 | 0x00220EE0 | 0x000200E0 | A 
01-19 20:49:08.321  1497  6571 D MemoryDealer:    18: 0xac27e840 | 0x00240FC0 | 0x000200E0 | A 
01-19 20:49:08.321  1497  6571 D MemoryDealer:    19: 0xac27ec90 | 0x002610A0 | 0x000200E0 | A 
01-19 20:49:08.321  1497  6571 D MemoryDealer:    
01-19 20:49:08.321  1497  6571 E AudioFlinger: createRecordTrack_l() initCheck failed -12; no control block?
01-19 20:49:08.326  2257 16373 I chatty  : uid=10032(com.google.android.googlequicksearchbox) NonUserFacing15 expire 11 lines
01-19 20:49:08.339  2257  2257 I chatty  : uid=10032 com.google.android.googlequicksearchbox:search expire 14 lines
01-19 20:49:13.352  1497 16420 I AudioFlinger: AudioFlinger's thread 0xa9703a80 tid=16420 ready to run
01-19 20:49:13.353  1497  6571 E AudioFlinger: not enough memory for AudioTrack size=131296
01-19 20:49:13.354  1497  6571 D MemoryDealer:   AudioTrack (0xad2f5480, size=4194304)
01-19 20:49:13.354  1497  6571 D MemoryDealer:     0: 0xad2f5490 | 0x00000000 | 0x000200E0 | A 
01-19 20:49:13.354  1497  6571 D MemoryDealer:     1: 0xad2f54b0 | 0x000200E0 | 0x000200E0 | A 
01-19 20:49:13.354  1497  6571 D MemoryDealer:     2: 0xad6211d0 | 0x000401C0 | 0x000200E0 | A 
01-19 20:49:13.354  1497  6571 D MemoryDealer:     3: 0xad2f56d0 | 0x000602A0 | 0x000200E0 | A 
01-19 20:49:13.354  1497  6571 D MemoryDealer:     4: 0xad2f5870 | 0x00080380 | 0x000200E0 | A 
01-19 20:49:13.354  1497  6571 D MemoryDealer:     5: 0xad2f5a50 | 0x000A0460 | 0x000200E0 | A 
01-19 20:49:13.354  1497  6571 D MemoryDealer:     6: 0xad6213e0 | 0x000C0540 | 0x000200E0 | A 
01-19 20:49:13.354  1497  6571 D MemoryDealer:     7: 0xad2f5c10 | 0x000E0620 | 0x000200E0 | A 
01-19 20:49:13.354  1497  6571 D MemoryDealer:     8: 0xad6215b0 | 0x00100700 | 0x000200E0 | A 
01-19 20:49:13.354  1497  6571 D MemoryDealer:     9: 0xad2f5e00 | 0x001207E0 | 0x000200E0 | A 
01-19 20:49:13.354  1497  6571 D MemoryDealer:    10: 0xad621770 | 0x001408C0 | 0x000200E0 | A 
01-19 20:49:13.354  1497  6571 D MemoryDealer:    11: 0xad2f5f30 | 0x001609A0 | 0x000200E0 | A 
01-19 20:49:13.354  1497  6571 D MemoryDealer:    12: 0xac27e0a0 | 0x00180A80 | 0x000200E0 | A 
01-19 20:49:13.354  1497  6571 D MemoryDealer:    13: 0xac27e2c0 | 0x001A0B60 | 0x000200E0 | A 
01-19 20:49:13.354  1497  6571 D MemoryDealer:    14: 0xac27e450 | 0x001C0C40 | 0x000200E0 | A 
01-19 20:49:13.354  1497  6571 D MemoryDealer:    15: 0xac27e5f0 | 0x001E0D20 | 0x000200E0 | A 
01-19 20:49:13.354  1497  6571 D MemoryDealer:    16: 0xac27e7d0 | 0x00200E00 | 0x000200E0 | A 
01-19 20:49:13.354  1497  6571 D MemoryDealer:    17: 0xac27e970 | 0x00220EE0 | 0x000200E0 | A 
01-19 20:49:13.354  1497  6571 D MemoryDealer:    18: 0xac27e840 | 0x00240FC0 | 0x000200E0 | A 
01-19 20:49:13.354  1497  6571 D MemoryDealer:    19: 0xac27ec90 | 0x002610A0 | 0x000200E0 | A 
01-19 20:49:13.354  1497  6571 D MemoryDealer:    
01-19 20:49:13.354  1497  6571 E AudioFlinger: createRecordTrack_l() initCheck failed -12; no control block?
01-19 20:49:18.213  2099  2661 W GCoreFlp: No location to return for getLastLocation()
01-19 20:49:18.393  2257 16383 I chatty  : uid=10032(com.google.android.googlequicksearchbox) UserFacing18 expire 19 lines
01-19 20:49:18.397  1497 16423 I AudioFlinger: AudioFlinger's thread 0xa9703e80 tid=16423 ready to run
01-19 20:49:18.400  1497  6571 E AudioFlinger: not enough memory for AudioTrack size=131296
01-19 20:49:18.400  1497  6571 D MemoryDealer:   AudioTrack (0xad2f5480, size=4194304)
01-19 20:49:18.400  1497  6571 D MemoryDealer:     0: 0xad2f5490 | 0x00000000 | 0x000200E0 | A 
01-19 20:49:18.400  1497  6571 D MemoryDealer:     1: 0xad2f54b0 | 0x000200E0 | 0x000200E0 | A 
01-19 20:49:18.400  1497  6571 D MemoryDealer:     2: 0xad6211d0 | 0x000401C0 | 0x000200E0 | A 
01-19 20:49:18.400  1497  6571 D MemoryDealer:     3: 0xad2f56d0 | 0x000602A0 | 0x000200E0 | A 
01-19 20:49:18.400  1497  6571 D MemoryDealer:     4: 0xad2f5870 | 0x00080380 | 0x000200E0 | A 
01-19 20:49:18.400  1497  6571 D MemoryDealer:     5: 0xad2f5a50 | 0x000A0460 | 0x000200E0 | A 
01-19 20:49:18.400  1497  6571 D MemoryDealer:     6: 0xad6213e0 | 0x000C0540 | 0x000200E0 | A 
01-19 20:49:18.400  1497  6571 D MemoryDealer:     7: 0xad2f5c10 | 0x000E0620 | 0x000200E0 | A 
01-19 20:49:18.400  1497  6571 D MemoryDealer:     8: 0xad6215b0 | 0x00100700 | 0x000200E0 | A 
01-19 20:49:18.400  1497  6571 D MemoryDealer:     9: 0xad2f5e00 | 0x001207E0 | 0x000200E0 | A 
01-19 20:49:18.400  1497  6571 D MemoryDealer:    10: 0xad621770 | 0x001408C0 | 0x000200E0 | A 
01-19 20:49:18.400  1497  6571 D MemoryDealer:    11: 0xad2f5f30 | 0x001609A0 | 0x000200E0 | A 
01-19 20:49:18.400  1497  6571 D MemoryDealer:    12: 0xac27e0a0 | 0x00180A80 | 0x000200E0 | A 
01-19 20:49:18.400  1497  6571 D MemoryDealer:    13: 0xac27e2c0 | 0x001A0B60 | 0x000200E0 | A 
01-19 20:49:18.400  1497  6571 D MemoryDealer:    14: 0xac27e450 | 0x001C0C40 | 0x000200E0 | A 
01-19 20:49:18.400  1497  6571 D MemoryDealer:    15: 0xac27e5f0 | 0x001E0D20 | 0x000200E0 | A 
01-19 20:49:18.400  1497  6571 D MemoryDealer:    16: 0xac27e7d0 | 0x00200E00 | 0x000200E0 | A 
01-19 20:49:18.400  1497  6571 D MemoryDealer:    17: 0xac27e970 | 0x00220EE0 | 0x000200E0 | A 
01-19 20:49:18.400  1497  6571 D MemoryDealer:    18: 0xac27e840 | 0x00240FC0 | 0x000200E0 | A 
01-19 20:49:18.400  1497  6571 D MemoryDealer:    19: 0xac27ec90 | 0x002610A0 | 0x000200E0 | A 
01-19 20:49:18.400  1497  6571 D MemoryDealer:    
01-19 20:49:18.400  1497  6571 E AudioFlinger: createRecordTrack_l() initCheck failed -12; no control block?
01-19 20:49:18.413  2257  2257 I chatty  : uid=10032 com.google.android.googlequicksearchbox:search expire 21 lines
01-19 20:49:22.145  1412  1412 I boot-pipe: done populating /dev/random
01-19 20:49:23.424  1497 16430 I AudioFlinger: AudioFlinger's thread 0xa9703540 tid=16430 ready to run
01-19 20:49:23.426  1497  1961 E AudioFlinger: not enough memory for AudioTrack size=131296
01-19 20:49:23.426  1497  1961 D MemoryDealer:   AudioTrack (0xad2f5480, size=4194304)
01-19 20:49:23.426  1497  1961 D MemoryDealer:     0: 0xad2f5490 | 0x00000000 | 0x000200E0 | A 
01-19 20:49:23.426  1497  1961 D MemoryDealer:     1: 0xad2f54b0 | 0x000200E0 | 0x000200E0 | A 
01-19 20:49:23.426  1497  1961 D MemoryDealer:     2: 0xad6211d0 | 0x000401C0 | 0x000200E0 | A 
01-19 20:49:23.426  1497  1961 D MemoryDealer:     3: 0xad2f56d0 | 0x000602A0 | 0x000200E0 | A 
01-19 20:49:23.426  1497  1961 D MemoryDealer:     4: 0xad2f5870 | 0x00080380 | 0x000200E0 | A 
01-19 20:49:23.426  1497  1961 D MemoryDealer:     5: 0xad2f5a50 | 0x000A0460 | 0x000200E0 | A 
01-19 20:49:23.426  1497  1961 D MemoryDealer:     6: 0xad6213e0 | 0x000C0540 | 0x000200E0 | A 
01-19 20:49:23.426  1497  1961 D MemoryDealer:     7: 0xad2f5c10 | 0x000E0620 | 0x000200E0 | A 
01-19 20:49:23.426  1497  1961 D MemoryDealer:     8: 0xad6215b0 | 0x00100700 | 0x000200E0 | A 
01-19 20:49:23.426  1497  1961 D MemoryDealer:     9: 0xad2f5e00 | 0x001207E0 | 0x000200E0 | A 
01-19 20:49:23.426  1497  1961 D MemoryDealer:    10: 0xad621770 | 0x001408C0 | 0x000200E0 | A 
01-19 20:49:23.426  1497  1961 D MemoryDealer:    11: 0xad2f5f30 | 0x001609A0 | 0x000200E0 | A 
01-19 20:49:23.426  1497  1961 D MemoryDealer:    12: 0xac27e0a0 | 0x00180A80 | 0x000200E0 | A 
01-19 20:49:23.426  1497  1961 D MemoryDealer:    13: 0xac27e2c0 | 0x001A0B60 | 0x000200E0 | A 
01-19 20:49:23.426  1497  1961 D MemoryDealer:    14: 0xac27e450 | 0x001C0C40 | 0x000200E0 | A 
01-19 20:49:23.426  1497  1961 D MemoryDealer:    15: 0xac27e5f0 | 0x001E0D20 | 0x000200E0 | A 
01-19 20:49:23.426  1497  1961 D MemoryDealer:    16: 0xac27e7d0 | 0x00200E00 | 0x000200E0 | A 
