adb server version (40) doesn't match this client (39); killing...
* daemon started successfully *
--------- beginning of system
01-19 16:34:09.651  1354  1354 I vold    : Vold 3.0 (the awakening) firing up
01-19 16:34:09.651  1354  1354 V vold    : Detected support for: ext4 vfat
01-19 16:34:09.660  1354  1356 D vold    : Recognized experimental block major ID 253 as virtio-blk (emulator's virtual SD card device)
01-19 16:34:09.660  1354  1356 V vold    : /system/bin/sgdisk
01-19 16:34:09.660  1354  1356 V vold    :     --android-dump
01-19 16:34:09.660  1354  1356 V vold    :     /dev/block/vold/disk:253,80
01-19 16:34:09.664  1354  1358 D vold    : e4crypt_init_user0
01-19 16:34:09.664  1354  1358 D vold    : e4crypt_prepare_user_storage for volume null, user 0, serial 0, flags 1
01-19 16:34:09.664  1354  1358 D vold    : Preparing: /data/system/users/0
01-19 16:34:09.664  1354  1358 E vold    : Failed to prepare /data/system/users/0: No such file or directory
01-19 16:34:09.664  1354  1358 E vold    : Failed to prepare user 0 storage
01-19 16:34:09.687  1354  1356 V vold    : DISK mbr
01-19 16:34:09.687  1354  1356 V vold    : 
01-19 16:34:09.691  1354  1356 W vold    : disk:253,80 has unknown partition table; trying entire device
01-19 16:34:09.691  1354  1356 V vold    : /system/bin/blkid
01-19 16:34:09.691  1354  1356 V vold    :     -c
01-19 16:34:09.691  1354  1356 V vold    :     /dev/null
01-19 16:34:09.691  1354  1356 V vold    :     -s
01-19 16:34:09.691  1354  1356 V vold    :     TYPE
01-19 16:34:09.691  1354  1356 V vold    :     -s
01-19 16:34:09.691  1354  1356 V vold    :     UUID
01-19 16:34:09.691  1354  1356 V vold    :     -s
01-19 16:34:09.691  1354  1356 V vold    :     LABEL
01-19 16:34:09.691  1354  1356 V vold    :     /dev/block/vold/disk:253,80
01-19 16:34:09.709  1354  1356 V vold    : /dev/block/vold/disk:253,80: LABEL="SDCARD" UUID="1609-1212" TYPE="vfat" 
01-19 16:34:09.709  1354  1356 V vold    : 
01-19 16:34:09.969  1408  1408 I android.hardware.wifi@1.0-service: Wifi Hal is booting up...
01-19 16:34:09.973  1354  1421 E Cryptfs : Bad magic for real block device /dev/block/vdd
01-19 16:34:09.976  1354  1421 D Cryptfs : Just asked init to shut down class main
01-19 16:34:09.976  1354  1421 W vold    : emulated unmount requires state mounted
01-19 16:34:09.976  1354  1421 W vold    : public:253,80 unmount requires state mounted
01-19 16:34:09.983  1354  1421 D Cryptfs : Just triggered post_fs_data
01-19 16:34:10.035  1354  1358 D vold    : e4crypt_init_user0
01-19 16:34:10.035  1354  1358 D vold    : e4crypt_prepare_user_storage for volume null, user 0, serial 0, flags 1
01-19 16:34:10.035  1354  1358 D vold    : Preparing: /data/system/users/0
01-19 16:34:10.035  1354  1358 D vold    : Preparing: /data/misc/profiles/cur/0
01-19 16:34:10.035  1354  1358 D vold    : Preparing: /data/system_de/0
01-19 16:34:10.035  1354  1358 D vold    : Preparing: /data/misc_de/0
01-19 16:34:10.035  1354  1358 D vold    : Preparing: /data/user_de/0
01-19 16:34:10.035  1354  1358 D vold    : e4crypt_unlock_user_key 0 serial=0 token_present=0
01-19 16:34:10.036  1354  1358 E vold    : Failed to chmod /data/system_ce/0: No such file or directory
01-19 16:34:10.036  1354  1358 E vold    : Failed to chmod /data/misc_ce/0: No such file or directory
01-19 16:34:10.036  1354  1358 E vold    : Failed to chmod /data/media/0: No such file or directory
01-19 16:34:10.067  1354  1421 D Cryptfs : post_fs_data done
01-19 16:34:12.070  1354  1421 I Cryptfs : Using scrypt for cryptfs KDF
01-19 16:34:12.408  1354  1421 I Cryptfs : Using scrypt for cryptfs KDF
01-19 16:34:12.577  1354  1421 I Cryptfs : Enabling support for allow_discards in dmcrypt.
01-19 16:34:12.636  1354  1356 D vold    : Disk at 252:0 changed
01-19 16:34:12.636  1354  1421 I EncryptInplace: Encrypting ext4 filesystem in place...
01-19 16:34:12.637  1354  1421 I EncryptInplace: Encrypting group 0
01-19 16:34:12.637  1354  1421 I EncryptInplace: Encrypting from sector 0
01-19 16:34:14.297  1354  1421 I EncryptInplace: Encrypting group 1
01-19 16:34:14.298  1354  1421 I EncryptInplace: Encrypted to sector 13049856
01-19 16:34:14.298  1354  1421 I EncryptInplace: Encrypting from sector 16777216
01-19 16:34:14.825  1354  1421 I EncryptInplace: Encrypting group 2
01-19 16:34:14.826  1354  1421 I EncryptInplace: Encrypted to sector 17237504
01-19 16:34:14.826  1354  1421 I EncryptInplace: Encrypting from sector 33554432
01-19 16:34:15.327  1354  1421 I EncryptInplace: Encrypting group 3
01-19 16:34:15.328  1354  1421 I EncryptInplace: Encrypted to sector 33817600
01-19 16:34:15.329  1354  1421 I EncryptInplace: Encrypting from sector 50331648
01-19 16:34:16.142  1354  1421 I EncryptInplace: Encrypting group 4
01-19 16:34:16.143  1354  1421 I EncryptInplace: Encrypted to sector 50791936
01-19 16:34:16.143  1354  1421 I EncryptInplace: Encrypting from sector 67108864
01-19 16:34:16.676  1354  1421 I EncryptInplace: Encrypting group 5
01-19 16:34:16.677  1354  1421 I EncryptInplace: Encrypted to sector 67372032
01-19 16:34:16.677  1354  1421 I EncryptInplace: Encrypting from sector 83886080
01-19 16:34:17.179  1354  1421 I EncryptInplace: Encrypting group 6
01-19 16:34:17.180  1354  1421 I EncryptInplace: Encrypted to sector 84346368
01-19 16:34:17.180  1354  1421 I EncryptInplace: Encrypting from sector 100663296
01-19 16:34:17.662  1354  1421 I EncryptInplace: Encrypting group 7
01-19 16:34:17.663  1354  1421 I EncryptInplace: Encrypted to sector 100926464
01-19 16:34:17.663  1354  1421 I EncryptInplace: Encrypting from sector 117440512
01-19 16:34:18.164  1354  1421 I EncryptInplace: Encrypting group 8
01-19 16:34:18.165  1354  1421 I EncryptInplace: Encrypted to sector 117900800
01-19 16:34:18.165  1354  1421 I EncryptInplace: Encrypting from sector 134217728
01-19 16:34:19.081  1354  1421 I EncryptInplace: Encrypting group 9
01-19 16:34:19.081  1354  1421 I EncryptInplace: Encrypted to sector 134480896
01-19 16:34:19.082  1354  1421 I EncryptInplace: Encrypting from sector 150994944
01-19 16:34:19.584  1354  1421 I EncryptInplace: Encrypting group 10
01-19 16:34:19.585  1354  1421 I EncryptInplace: Encrypted to sector 151455232
01-19 16:34:19.585  1354  1421 I EncryptInplace: Encrypting from sector 167772160
01-19 16:34:20.059  1354  1421 I EncryptInplace: Encrypting group 11
01-19 16:34:20.059  1354  1421 I EncryptInplace: Encrypted to sector 168035328
01-19 16:34:20.060  1354  1421 I EncryptInplace: Encrypting from sector 184549376
01-19 16:34:20.550  1354  1421 I EncryptInplace: Encrypting group 12
01-19 16:34:20.551  1354  1421 I EncryptInplace: Encrypted to sector 184812544
01-19 16:34:20.551  1354  1421 I EncryptInplace: Encrypting from sector 201326592
01-19 16:34:21.027  1354  1421 I EncryptInplace: Encrypting group 13
01-19 16:34:21.028  1354  1421 I EncryptInplace: Encrypted to sector 201589760
01-19 16:34:21.028  1354  1421 I EncryptInplace: Encrypting from sector 218103808
01-19 16:34:21.490  1354  1421 I EncryptInplace: Encrypting group 14
01-19 16:34:21.491  1354  1421 I EncryptInplace: Encrypted to sector 218366976
01-19 16:34:21.491  1354  1421 I EncryptInplace: Encrypting from sector 234881024
01-19 16:34:21.963  1354  1421 I EncryptInplace: Encrypting group 15
01-19 16:34:21.964  1354  1421 I EncryptInplace: Encrypted to sector 235144192
01-19 16:34:21.964  1354  1421 I EncryptInplace: Encrypting from sector 251658240
01-19 16:34:22.441  1354  1421 I EncryptInplace: Encrypting group 16
01-19 16:34:22.443  1354  1421 I EncryptInplace: Encrypted to sector 251921408
01-19 16:34:22.443  1354  1421 I EncryptInplace: Encrypting from sector 268435456
01-19 16:34:22.931  1354  1421 I EncryptInplace: Encrypting group 17
01-19 16:34:22.932  1354  1421 I EncryptInplace: Encrypted to sector 268698624
01-19 16:34:22.932  1354  1421 I EncryptInplace: Encrypting from sector 285212672
01-19 16:34:23.487  1354  1421 I EncryptInplace: Encrypting group 18
01-19 16:34:23.488  1354  1421 I EncryptInplace: Encrypted to sector 285475840
01-19 16:34:23.488  1354  1421 I EncryptInplace: Encrypting from sector 301989888
01-19 16:34:23.971  1354  1421 I EncryptInplace: Encrypting group 19
01-19 16:34:23.972  1354  1421 I EncryptInplace: Encrypted to sector 302253056
01-19 16:34:23.972  1354  1421 I EncryptInplace: Encrypting from sector 318767104
01-19 16:34:24.646  1354  1421 I EncryptInplace: Encrypting group 20
01-19 16:34:24.648  1354  1421 I EncryptInplace: Encrypted to sector 319030272
01-19 16:34:24.648  1354  1421 I EncryptInplace: Encrypting from sector 335544320
01-19 16:34:25.133  1354  1421 I EncryptInplace: Encrypting group 21
01-19 16:34:25.134  1354  1421 I EncryptInplace: Encrypted to sector 335807488
01-19 16:34:25.134  1354  1421 I EncryptInplace: Encrypting from sector 352321536
01-19 16:34:25.622  1354  1421 I EncryptInplace: Encrypting group 22
01-19 16:34:25.623  1354  1421 I EncryptInplace: Encrypted to sector 352584704
01-19 16:34:25.623  1354  1421 I EncryptInplace: Encrypting from sector 369098752
01-19 16:34:26.108  1354  1421 I EncryptInplace: Encrypting group 23
01-19 16:34:26.109  1354  1421 I EncryptInplace: Encrypted to sector 369361920
01-19 16:34:26.109  1354  1421 I EncryptInplace: Encrypting from sector 385875968
01-19 16:34:26.595  1354  1421 I EncryptInplace: Encrypting group 24
01-19 16:34:26.597  1354  1421 I EncryptInplace: Encrypted to sector 386139136
01-19 16:34:26.597  1354  1421 I EncryptInplace: Encrypting from sector 402653184
01-19 16:34:27.065  1354  1421 I EncryptInplace: Encrypting group 25
01-19 16:34:27.066  1354  1421 I EncryptInplace: Encrypted to sector 402916352
01-19 16:34:27.066  1354  1421 I EncryptInplace: Encrypting from sector 419430400
01-19 16:34:27.548  1354  1421 I EncryptInplace: Encrypting group 26
01-19 16:34:27.549  1354  1421 I EncryptInplace: Encrypted to sector 419890688
01-19 16:34:27.549  1354  1421 I EncryptInplace: Encrypting from sector 436207616
01-19 16:34:28.017  1354  1421 I EncryptInplace: Encrypting group 27
01-19 16:34:28.019  1354  1421 I EncryptInplace: Encrypted to sector 436470784
01-19 16:34:28.019  1354  1421 I EncryptInplace: Encrypting from sector 452984832
01-19 16:34:28.488  1354  1421 I EncryptInplace: Encrypting group 28
01-19 16:34:28.489  1354  1421 I EncryptInplace: Encrypted to sector 453445120
01-19 16:34:28.489  1354  1421 I EncryptInplace: Encrypting from sector 469762048
01-19 16:34:28.952  1354  1421 I EncryptInplace: Encrypting group 29
01-19 16:34:28.953  1354  1421 I EncryptInplace: Encrypted to sector 470025216
01-19 16:34:28.953  1354  1421 I EncryptInplace: Encrypting from sector 486539264
01-19 16:34:29.426  1354  1421 I EncryptInplace: Encrypting group 30
01-19 16:34:29.427  1354  1421 I EncryptInplace: Encrypted to sector 486802432
01-19 16:34:29.427  1354  1421 I EncryptInplace: Encrypting from sector 503316480
01-19 16:34:30.303  1354  1421 I EncryptInplace: Encrypting group 31
01-19 16:34:30.305  1354  1421 I EncryptInplace: Encrypted to sector 503579648
01-19 16:34:30.305  1354  1421 I EncryptInplace: Encrypting from sector 520093696
01-19 16:34:30.779  1354  1421 I EncryptInplace: Encrypting group 32
01-19 16:34:30.780  1354  1421 I EncryptInplace: Encrypted to sector 520356864
01-19 16:34:30.780  1354  1421 I EncryptInplace: Encrypting from sector 536870912
01-19 16:34:31.253  1354  1421 I EncryptInplace: Encrypting group 33
01-19 16:34:31.255  1354  1421 I EncryptInplace: Encrypted to sector 537134080
01-19 16:34:31.255  1354  1421 I EncryptInplace: Encrypting from sector 553648128
01-19 16:34:31.730  1354  1421 I EncryptInplace: Encrypting group 34
01-19 16:34:31.731  1354  1421 I EncryptInplace: Encrypted to sector 553911296
01-19 16:34:31.731  1354  1421 I EncryptInplace: Encrypting from sector 570425344
01-19 16:34:32.202  1354  1421 I EncryptInplace: Encrypting group 35
01-19 16:34:32.203  1354  1421 I EncryptInplace: Encrypted to sector 570688512
01-19 16:34:32.203  1354  1421 I EncryptInplace: Encrypting from sector 587202560
01-19 16:34:32.692  1354  1421 I EncryptInplace: Encrypting group 36
01-19 16:34:32.693  1354  1421 I EncryptInplace: Encrypted to sector 587465728
01-19 16:34:32.694  1354  1421 I EncryptInplace: Encrypting from sector 603979776
01-19 16:34:33.164  1354  1421 I EncryptInplace: Encrypting group 37
01-19 16:34:33.165  1354  1421 I EncryptInplace: Encrypted to sector 604242944
01-19 16:34:33.165  1354  1421 I EncryptInplace: Encrypting from sector 620756992
01-19 16:34:33.632  1354  1421 I EncryptInplace: Encrypting group 38
01-19 16:34:33.633  1354  1421 I EncryptInplace: Encrypted to sector 621020160
01-19 16:34:33.633  1354  1421 I EncryptInplace: Encrypting from sector 637534208
01-19 16:34:34.101  1354  1421 I EncryptInplace: Encrypting group 39
01-19 16:34:34.102  1354  1421 I EncryptInplace: Encrypted to sector 637797376
01-19 16:34:34.102  1354  1421 I EncryptInplace: Encrypting from sector 654311424
01-19 16:34:34.569  1354  1421 I EncryptInplace: Encrypting group 40
01-19 16:34:34.570  1354  1421 I EncryptInplace: Encrypted to sector 654574592
01-19 16:34:34.570  1354  1421 I EncryptInplace: Encrypting from sector 671088640
01-19 16:34:35.043  1354  1421 I EncryptInplace: Encrypting group 41
01-19 16:34:35.046  1354  1421 I EncryptInplace: Encrypted to sector 671351808
01-19 16:34:35.046  1354  1421 I EncryptInplace: Encrypting from sector 687865856
01-19 16:34:35.784  1354  1421 I EncryptInplace: Encrypting group 42
01-19 16:34:35.786  1354  1421 I EncryptInplace: Encrypted to sector 688129024
01-19 16:34:35.786  1354  1421 I EncryptInplace: Encrypting from sector 704643072
01-19 16:34:36.250  1354  1421 I EncryptInplace: Encrypting group 43
01-19 16:34:36.251  1354  1421 I EncryptInplace: Encrypted to sector 704906240
01-19 16:34:36.251  1354  1421 I EncryptInplace: Encrypting from sector 721420288
01-19 16:34:36.721  1354  1421 I EncryptInplace: Encrypting group 44
01-19 16:34:36.722  1354  1421 I EncryptInplace: Encrypted to sector 721683456
01-19 16:34:36.722  1354  1421 I EncryptInplace: Encrypting from sector 738197504
01-19 16:34:37.190  1354  1421 I EncryptInplace: Encrypting group 45
01-19 16:34:37.191  1354  1421 I EncryptInplace: Encrypted to sector 738460672
01-19 16:34:37.191  1354  1421 I EncryptInplace: Encrypting from sector 754974720
01-19 16:34:37.666  1354  1421 I EncryptInplace: Encrypting group 46
01-19 16:34:37.667  1354  1421 I EncryptInplace: Encrypted to sector 755237888
01-19 16:34:37.668  1354  1421 I EncryptInplace: Encrypting from sector 771751936
01-19 16:34:38.151  1354  1421 I EncryptInplace: Encrypting group 47
01-19 16:34:38.152  1354  1421 I EncryptInplace: Encrypted to sector 772015104
01-19 16:34:38.152  1354  1421 I EncryptInplace: Encrypting from sector 788529152
01-19 16:34:38.623  1354  1421 I EncryptInplace: Encrypted to sector 788792320
01-19 16:34:38.871  1354  1421 I Cryptfs : cryptfs_check_passwd
01-19 16:34:38.872  1354  1421 D Cryptfs : crypt_ftr->fs_size = 12582912
01-19 16:34:38.872  1354  1421 I Cryptfs : Using scrypt for cryptfs KDF
01-19 16:34:39.063  1354  1421 I Cryptfs : Enabling support for allow_discards in dmcrypt.
01-19 16:34:39.067  1354  1356 D vold    : Disk at 252:0 changed
01-19 16:34:39.262  1354  1421 I Cryptfs : Password matches
01-19 16:34:39.263  1354  1421 D Cryptfs : test_mount_encrypted_fs(): Master key saved
01-19 16:34:39.270  1354  1421 D Cryptfs : Just asked init to shut down class main
01-19 16:34:41.300  1354  1421 D Cryptfs : unmounting /data succeeded
01-19 16:34:41.302  1354  1421 I vold    : [libfs_mgr]superblock s_max_mnt_count:65535,/dev/block/dm-0
01-19 16:34:41.322  1354  1421 I vold    : [libfs_mgr]check_fs(): mount(/dev/block/dm-0,/data,ext4)=0: Success
01-19 16:34:41.373  1354  1421 I vold    : [libfs_mgr]check_fs(): unmount(/data) succeeded
01-19 16:34:41.373  1354  1421 I vold    : [libfs_mgr]Running /system/bin/e2fsck on /dev/block/dm-0
01-19 16:34:41.400  1354  1421 I vold    : [libfs_mgr]__mount(source=/dev/block/dm-0,target=/data,type=ext4)=0: Success
01-19 16:34:41.408  1354  1421 D Cryptfs : Just triggered post_fs_data
01-19 16:34:41.459  1354  1358 D vold    : e4crypt_init_user0
01-19 16:34:41.459  1354  1358 D vold    : e4crypt_prepare_user_storage for volume null, user 0, serial 0, flags 1
01-19 16:34:41.459  1354  1358 D vold    : Preparing: /data/system/users/0
01-19 16:34:41.459  1354  1358 D vold    : Preparing: /data/misc/profiles/cur/0
01-19 16:34:41.460  1354  1358 D vold    : Preparing: /data/system_de/0
01-19 16:34:41.460  1354  1358 D vold    : Preparing: /data/misc_de/0
01-19 16:34:41.460  1354  1358 D vold    : Preparing: /data/user_de/0
01-19 16:34:41.461  1354  1358 D vold    : e4crypt_unlock_user_key 0 serial=0 token_present=0
01-19 16:34:41.461  1354  1358 E vold    : Failed to chmod /data/system_ce/0: No such file or directory
01-19 16:34:41.461  1354  1358 E vold    : Failed to chmod /data/misc_ce/0: No such file or directory
01-19 16:34:41.461  1354  1358 E vold    : Failed to chmod /data/media/0: No such file or directory
01-19 16:34:41.489  1354  1421 D Cryptfs : post_fs_data done
01-19 16:34:41.491  1354  1421 D Cryptfs : Just triggered restart_framework
01-19 16:34:41.939  1508  1508 I wificond: wificond is starting up...
01-19 16:34:42.123  1500  1500 I installd: installd firing up
01-19 16:34:42.123  1500  1500 D installd: Assuming that device has multi-user storage layout; upgrade no longer supported
01-19 16:34:42.123  1500  1500 D installd: Upgrading to /data/misc/user directories
01-19 16:34:46.535  1507  1556 E /system/bin/storaged: getService package_native failed
01-19 16:34:46.539  1507  1556 I /system/bin/storaged: storaged: Start
01-19 16:34:47.532  1624  1624 I chatty  : uid=1000 system_server expire 230 lines
01-19 16:34:47.822  1624  1641 I chatty  : uid=1000(system) batterystats-wo expire 4 lines
01-19 16:34:47.927  1624  1645 I chatty  : uid=1000(system) android.display expire 3 lines
01-19 16:34:48.840  1624  1657 I chatty  : uid=1000 system_server expire 1 line
01-19 16:34:49.397  1624  1659 I chatty  : uid=1000 system_server expire 1 line
01-19 16:34:49.500  1624  1656 I chatty  : uid=1000 system_server expire 1 line
01-19 16:34:53.394  1624  1661 I chatty  : uid=1000 system_server expire 1 line
01-19 16:34:54.583  1624  1660 I chatty  : uid=1000 system_server expire 3 lines
01-19 16:34:58.440  1624  1663 I chatty  : uid=1000 system_server expire 1 line
01-19 16:34:59.130  1624  1662 I chatty  : uid=1000 system_server expire 2 lines
01-19 16:35:06.661  1624  1636 I chatty  : uid=1000 system_server expire 1 line
01-19 16:35:06.670  1624  1624 I SystemServer: StartTelecomLoaderService
01-19 16:35:06.674  1624  1624 I SystemServiceManager: Starting com.android.server.telecom.TelecomLoaderService
01-19 16:35:06.675  1624  1624 I SystemServer: StartTelephonyRegistry
01-19 16:35:06.685  1624  1636 E SystemServer: Unable to preload default resources
01-19 16:35:06.691  1624  1624 I SystemServer: StartEntropyMixer
01-19 16:35:06.694  1624  1624 W EntropyMixer: No existing entropy file -- first boot?
01-19 16:35:06.715  1624  1624 I EntropyMixer: Added HW RNG output to entropy pool
01-19 16:35:06.715  1624  1624 I EntropyMixer: Writing entropy...
01-19 16:35:06.734  1624  1624 I SystemServer: StartAccountManagerService
01-19 16:35:06.742  1624  1624 I SystemServiceManager: Starting com.android.server.accounts.AccountManagerService$Lifecycle
01-19 16:35:06.765  1624  1624 I SystemServer: StartContentService
01-19 16:35:06.771  1624  1624 I SystemServiceManager: Starting com.android.server.content.ContentService$Lifecycle
01-19 16:35:06.776  1624  1624 I SystemServer: InstallSystemProviders
01-19 16:35:06.947  1624  1624 I SettingsState: No settings state /data/system/users/0/settings_system.xml
01-19 16:35:06.954  1624  1624 I SettingsState: No settings state /data/system/users/0/settings_secure.xml
01-19 16:35:06.955  1624  1624 D SettingsProvider: Generated and saved new ANDROID_ID [a44bbc97d4c4e76c] for user 0
01-19 16:35:06.962  1624  1624 I SettingsState: No settings state /data/system/users/0/settings_global.xml
01-19 16:35:06.971  1624  1624 D SettingsProvider: Setting [com.google.android.gms/.autofill.service.AutofillService] as Autofill Service for user 0
01-19 16:35:07.001  1624  1624 I SettingsState: No settings state /data/system/users/0/settings_ssaid.xml
01-19 16:35:07.011  1624  1624 I SystemServer: StartVibratorService
01-19 16:35:07.018  1624  1624 I SystemServer: StartConsumerIrService
01-19 16:35:07.019  1624  1624 I SystemServer: StartAlarmManagerService
01-19 16:35:07.020  1624  1624 I SystemServiceManager: Starting com.android.server.AlarmManagerService
01-19 16:35:07.033  1624  1665 I PackageManager: Deferred reconcileAppsData finished 82 packages
01-19 16:35:07.104  1624  1624 W SystemServiceManager: Service com.android.server.AlarmManagerService took 81 ms in onStart
01-19 16:35:07.104  1624  1624 I SystemServer: InitWatchdog
01-19 16:35:07.104  1624  1624 I SystemServer: StartInputManagerService
01-19 16:35:07.111  1624  1624 I InputManager: Initializing input manager, mUseDevInputEventForAudioJack=true
01-19 16:35:07.112  1624  1624 I SystemServer: StartWindowManagerService
01-19 16:35:07.161  1624  1645 I WindowManager: No existing display settings /data/system/display_settings.xml; starting empty
01-19 16:35:07.221  1624  1624 I SystemServer: StartVrManagerService
01-19 16:35:07.221  1624  1624 I SystemServiceManager: Starting com.android.server.vr.VrManagerService
01-19 16:35:07.228  1624  1624 I SystemServer: SetWindowManagerService
01-19 16:35:07.237  1624  1624 I SystemServer: StartInputManager
01-19 16:35:07.238  1624  1624 I InputManager: Starting input manager
01-19 16:35:07.243  1624  1624 I SystemServer: DisplayManagerWindowManagerAndInputReady
01-19 16:35:07.243  1624  1624 I SystemServer: No Bluetooth Service (emulator)
01-19 16:35:07.244  1624  1624 I SystemServer: IpConnectivityMetrics
01-19 16:35:07.246  1624  1624 I SystemServiceManager: Starting com.android.server.connectivity.IpConnectivityMetrics
01-19 16:35:07.247  1624  1624 I SystemServer: PinnerService
01-19 16:35:07.248  1624  1624 I SystemServiceManager: Starting com.android.server.PinnerService
01-19 16:35:07.251  1624  1624 I SystemServer: StartInputMethodManagerLifecycle
01-19 16:35:07.251  1624  1624 I SystemServiceManager: Starting com.android.server.InputMethodManagerService$Lifecycle
01-19 16:35:07.267  1624  1624 I SystemServer: StartAccessibilityManagerService
01-19 16:35:07.272  1624  1624 I SystemServer: MakeDisplayReady
01-19 16:35:07.274  1624  1624 I ActivityManager: Config changes=5df8 {1.0 ?mcc?mnc [en_US] ldltr sw360dp w360dp h640dp 480dpi nrml long port ?uimode ?night -touch -keyb/h/h -nav/h appBounds=Rect(0, 0 - 1080, 1920) s.2}
01-19 16:35:07.276  1624  1624 I ActivityManager: Override config changes=40007dfc {1.0 ?mcc?mnc [en_US] ldltr sw360dp w360dp h640dp 480dpi nrml long port ?uimode ?night -touch -keyb/h/h -nav/h appBounds=Rect(0, 0 - 1080, 1920) s.2} for displayId=0
01-19 16:35:07.281  1624  1637 I UsageStatsDatabase: Upgrading from version 0 to 3
01-19 16:35:07.281  1624  1637 I UsageStatsDatabase: Deleting all usage stats files
01-19 16:35:07.283  1624  1637 I UsageStatsService: User[0] Rollover scheduled @ 2019-01-20 16:35:07(1548002107277)
01-19 16:35:07.284  1624  1637 D UsageStatsService: Initializing defaults for system apps on user 0
01-19 16:35:07.285  1624  1637 E AppIdleHistory: Unable to read app idle file for user 0
01-19 16:35:07.286  1624  1624 W LocalDisplayAdapter: Unable to find color mode 0, ignoring request.
01-19 16:35:07.298  1624  1624 I ActivityManager: Config changes=500 {1.0 ?mcc?mnc [en_US] ldltr sw360dp w360dp h568dp 480dpi nrml port ?uimode ?night -touch -keyb/h/h -nav/h appBounds=Rect(0, 0 - 1080, 1776) s.3}
01-19 16:35:07.300  1624  1624 I ActivityManager: Override config changes=500 {1.0 ?mcc?mnc [en_US] ldltr sw360dp w360dp h568dp 480dpi nrml port ?uimode ?night -touch -keyb/h/h -nav/h appBounds=Rect(0, 0 - 1080, 1776) s.3} for displayId=0
01-19 16:35:07.302  1624  1624 W LocalDisplayAdapter: Unable to find color mode 0, ignoring request.
01-19 16:35:07.303  1624  1624 I SystemServer: StartStorageManagerService
01-19 16:35:07.303  1624  1624 I SystemServiceManager: Starting com.android.server.StorageManagerService$Lifecycle
01-19 16:35:07.310  1624  1624 I SystemServer: StartStorageStatsService
01-19 16:35:07.310  1624  1682 D StorageManagerService: Thinking about init, mSystemReady=false, mDaemonConnected=true
01-19 16:35:07.310  1624  1682 D StorageManagerService: Thinking about reset, mSystemReady=false, mDaemonConnected=true
01-19 16:35:07.310  1624  1624 I SystemServiceManager: Starting com.android.server.usage.StorageStatsService$Lifecycle
01-19 16:35:07.311  1624  1682 D StorageManagerService: Thinking about init, mSystemReady=false, mDaemonConnected=true
01-19 16:35:07.311  1624  1682 D StorageManagerService: Thinking about reset, mSystemReady=false, mDaemonConnected=true
01-19 16:35:07.312  1624  1682 W StorageManagerService: No primary storage mounted!
01-19 16:35:07.312  1624  1682 D VoldConnector: SND -> {1 asec list}
01-19 16:35:07.320  1624  1683 D VoldConnector: RCV <- {200 1 asec operation succeeded}
01-19 16:35:07.322  1624  1624 I SystemServer: StartUiModeManager
01-19 16:35:07.322  1624  1624 I SystemServiceManager: Starting com.android.server.UiModeManagerService
01-19 16:35:07.326  1624  1636 I ActivityManager: Config changes=200 {1.0 ?mcc?mnc [en_US] ldltr sw360dp w360dp h568dp 480dpi nrml port -touch -keyb/h/h -nav/h appBounds=Rect(0, 0 - 1080, 1776) s.4}
01-19 16:35:07.328  1624  1636 I ActivityManager: Override config changes=200 {1.0 ?mcc?mnc [en_US] ldltr sw360dp w360dp h568dp 480dpi nrml port -touch -keyb/h/h -nav/h appBounds=Rect(0, 0 - 1080, 1776) s.4} for displayId=0
01-19 16:35:07.330  1624  1624 I SystemServer: UpdatePackagesIfNeeded
01-19 16:35:07.457  1624  1682 W StorageManagerService: No primary storage mounted!
01-19 16:35:07.457  1624  1682 D VoldConnector: SND -> {2 asec list}
01-19 16:35:07.458  1624  1683 D VoldConnector: RCV <- {200 2 asec operation succeeded}
01-19 16:35:07.593  1624  1680 I ActivityManager: Config changes=38 {1.0 ?mcc?mnc [en_US] ldltr sw360dp w360dp h568dp 480dpi nrml port finger qwerty/v/v -nav/h appBounds=Rect(0, 0 - 1080, 1776) s.5}
01-19 16:35:07.595  1624  1680 I ActivityManager: Override config changes=38 {1.0 ?mcc?mnc [en_US] ldltr sw360dp w360dp h568dp 480dpi nrml port finger qwerty/v/v -nav/h appBounds=Rect(0, 0 - 1080, 1776) s.5} for displayId=0
01-19 16:35:08.444  1624  1624 I SystemServer: PerformFstrimIfNeeded
01-19 16:35:08.445  1624  1624 W PackageManager: No disk maintenance in 1547915708445; running immediately
01-19 16:35:08.446  1624  1682 I StorageManagerService: Running fstrim idle maintenance
01-19 16:35:08.447  1624  1682 D VoldConnector: SND -> {3 fstrim dotrim}
01-19 16:35:08.448  1624  1624 I SystemServer: StartLockSettingsService
01-19 16:35:08.448  1624  1683 D VoldConnector: RCV <- {200 3 Command succeeded}
01-19 16:35:08.449  1624  1624 I SystemServiceManager: Starting com.android.server.locksettings.LockSettingsService$Lifecycle
01-19 16:35:08.449  1354  1691 D vold    : Starting trim of /cache
01-19 16:35:08.449  1354  1691 W vold    : Trim failed on /cache: Operation not supported on transport endpoint
01-19 16:35:08.449  1624  1683 D VoldConnector: RCV <- {662 /cache -1 -1}
01-19 16:35:08.450  1354  1691 D vold    : Starting trim of /data
01-19 16:35:08.450  1354  1691 W vold    : Trim failed on /data: Operation not supported on transport endpoint
01-19 16:35:08.450  1624  1683 D VoldConnector: RCV <- {662 /data -1 -1}
01-19 16:35:08.460  1624  1624 I OemLock : OemLock HAL not present on device
01-19 16:35:08.460  1624  1624 I SystemServer: StartDeviceIdleController
01-19 16:35:08.463  1624  1624 I SystemServiceManager: Starting com.android.server.DeviceIdleController
01-19 16:35:08.467  1624  1624 I SystemServer: StartDevicePolicyManager
01-19 16:35:08.467  1624  1624 I SystemServiceManager: Starting com.android.server.devicepolicy.DevicePolicyManagerService$Lifecycle
01-19 16:35:08.482  1624  1624 I SystemServer: StartStatusBarManagerService
01-19 16:35:08.489  1624  1624 I SystemServer: StartClipboardService
01-19 16:35:08.489  1624  1624 I SystemServiceManager: Starting com.android.server.clipboard.ClipboardService
01-19 16:35:08.493  1624  1624 I SystemServer: StartNetworkManagementService
01-19 16:35:08.500  1624  1693 I NetworkManagement: onDaemonConnected()
01-19 16:35:08.515  1624  1624 I SystemServer: StartTextServicesManager
01-19 16:35:08.515  1624  1624 I SystemServiceManager: Starting com.android.server.TextServicesManagerService$Lifecycle
01-19 16:35:08.518  1624  1624 W TextServicesManagerService: no available spell checker services found
01-19 16:35:08.520  1624  1624 I SystemServer: StartNetworkScoreService
01-19 16:35:08.522  1624  1624 I SystemServer: StartNetworkStatsService
01-19 16:35:08.531  1624  1624 I SystemServer: StartNetworkPolicyManagerService
01-19 16:35:08.536  1624  1624 I SystemServer: StartWifi
01-19 16:35:08.561  1624  1624 I SystemServiceManager: Starting com.android.server.wifi.WifiService
01-19 16:35:08.670  1624  1624 I SystemServer: StartWifiScanning
01-19 16:35:08.672  1624  1624 I SystemServiceManager: Starting com.android.server.wifi.scanner.WifiScanningService
01-19 16:35:08.676  1624  1624 I SystemServer: StartWifiRtt
01-19 16:35:08.676  1624  1624 I SystemServiceManager: Starting com.android.server.wifi.RttService
01-19 16:35:08.678  1624  1624 I SystemServer: No Wi-Fi Aware Service (Aware support Not Present)
01-19 16:35:08.678  1624  1624 I SystemServer: StartConnectivityService
01-19 16:35:08.689  1624  1624 D ConnectivityService: ConnectivityService starting up
01-19 16:35:08.690  1624  1624 D ConnectivityService: wifiOnly=false
01-19 16:35:08.700  1624  1624 I SystemServer: StartNsdService
01-19 16:35:08.704  1624  1624 D NsdService: Network service discovery is enabled
01-19 16:35:08.705  1624  1624 I SystemServer: StartUpdateLockService
01-19 16:35:08.706  1624  1624 I SystemServer: WaitForAsecScan
01-19 16:35:08.706  1624  1624 I SystemServer: StartNotificationManager
01-19 16:35:08.739  1624  1624 I SystemServiceManager: Starting com.android.server.notification.NotificationManagerService
01-19 16:35:08.837  1624  1624 D ConditionProviders.SCP: new ScheduleConditionProvider()
01-19 16:35:08.838  1624  1624 I ConditionProviders:  Allowing condition provider com.google.android.apps.nexuslauncher/com.android.launcher3.notification.NotificationListener
01-19 16:35:08.838  1624  1624 I NotificationListeners:  Allowing notification listener com.google.android.apps.nexuslauncher/com.android.launcher3.notification.NotificationListener
01-19 16:35:08.838  1624  1624 I ConditionProviders:  Allowing condition provider com.android.camera2
01-19 16:35:08.840  1624  1624 W SystemServiceManager: Service com.android.server.notification.NotificationManagerService took 82 ms in onStart
01-19 16:35:08.844  1624  1624 I SystemServer: StartDeviceMonitor
01-19 16:35:08.844  1624  1624 I SystemServiceManager: Starting com.android.server.storage.DeviceStorageMonitorService
01-19 16:35:08.846  1624  1624 I SystemServer: StartLocationManagerService
01-19 16:35:08.850  1624  1624 I SystemServer: StartCountryDetectorService
01-19 16:35:08.850  1624  1624 I SystemServer: StartSearchManagerService
01-19 16:35:08.851  1624  1624 I SystemServiceManager: Starting com.android.server.search.SearchManagerService$Lifecycle
01-19 16:35:08.852  1624  1624 I SystemServer: StartWallpaperManagerService
01-19 16:35:08.853  1624  1624 I SystemServiceManager: Starting com.android.server.wallpaper.WallpaperManagerService$Lifecycle
01-19 16:35:08.854  1624  1624 I WallpaperManagerService: No static wallpaper imagery; defaults will be shown
01-19 16:35:08.855  1624  1624 W WallpaperManagerService: no current wallpaper -- first boot?
01-19 16:35:08.855  1624  1624 I SystemServer: StartAudioService
01-19 16:35:08.855  1624  1624 I SystemServiceManager: Starting com.android.server.audio.AudioService$Lifecycle
01-19 16:35:08.893  1624  1624 I SystemServer: StartDockObserver
01-19 16:35:08.893  1624  1624 I SystemServiceManager: Starting com.android.server.DockObserver
01-19 16:35:08.894  1624  1624 W DockObserver: This kernel does not have dock station support
01-19 16:35:08.894  1624  1624 I SystemServer: StartWiredAccessoryManager
01-19 16:35:08.895  1624  1624 W WiredAccessoryManager: This kernel does not have usb audio support
01-19 16:35:08.895  1624  1624 W WiredAccessoryManager: This kernel does not have HDMI audio support
01-19 16:35:08.895  1624  1624 I SystemServer: StartMidiManager
01-19 16:35:08.895  1624  1624 I SystemServiceManager: Starting com.android.server.midi.MidiService$Lifecycle
01-19 16:35:08.905  1624  1624 I SystemServer: StartUsbService
01-19 16:35:08.905  1624  1624 I SystemServiceManager: Starting com.android.server.usb.UsbService$Lifecycle
01-19 16:35:08.933  1624  1624 E UsbDeviceManager: failed to write to /sys/class/android_usb/android0/f_rndis/ethaddr
01-19 16:35:08.945  1624  1624 E UsbPortManager: connectToProxy: usb hal service not found. Did the service fail to start?
01-19 16:35:08.945  1624  1624 E UsbPortManager: java.util.NoSuchElementException
01-19 16:35:08.945  1624  1624 E UsbPortManager: 	at android.os.HwBinder.getService(Native Method)
01-19 16:35:08.945  1624  1624 E UsbPortManager: 	at android.hardware.usb.V1_0.IUsb.getService(IUsb.java:44)
01-19 16:35:08.945  1624  1624 E UsbPortManager: 	at com.android.server.usb.UsbPortManager.connectToProxy(UsbPortManager.java:524)
01-19 16:35:08.945  1624  1624 E UsbPortManager: 	at com.android.server.usb.UsbPortManager.<init>(UsbPortManager.java:130)
01-19 16:35:08.945  1624  1624 E UsbPortManager: 	at com.android.server.usb.UsbService.<init>(UsbService.java:134)
01-19 16:35:08.945  1624  1624 E UsbPortManager: 	at com.android.server.usb.UsbService$Lifecycle.onStart(UsbService.java:69)
01-19 16:35:08.945  1624  1624 E UsbPortManager: 	at com.android.server.SystemServiceManager.startService(SystemServiceManager.java:124)
01-19 16:35:08.945  1624  1624 E UsbPortManager: 	at com.android.server.SystemServiceManager.startService(SystemServiceManager.java:111)
01-19 16:35:08.945  1624  1624 E UsbPortManager: 	at com.android.server.SystemServiceManager.startService(SystemServiceManager.java:70)
01-19 16:35:08.945  1624  1624 E UsbPortManager: 	at com.android.server.SystemServer.startOtherServices(SystemServer.java:1258)
01-19 16:35:08.945  1624  1624 E UsbPortManager: 	at com.android.server.SystemServer.run(SystemServer.java:391)
01-19 16:35:08.945  1624  1624 E UsbPortManager: 	at com.android.server.SystemServer.main(SystemServer.java:267)
01-19 16:35:08.945  1624  1624 E UsbPortManager: 	at java.lang.reflect.Method.invoke(Native Method)
01-19 16:35:08.945  1624  1624 E UsbPortManager: 	at com.android.internal.os.RuntimeInit$MethodAndArgsCaller.run(RuntimeInit.java:438)
01-19 16:35:08.945  1624  1624 E UsbPortManager: 	at com.android.internal.os.ZygoteInit.main(ZygoteInit.java:787)
01-19 16:35:08.947  1624  1624 I SystemServer: StartSerialService
01-19 16:35:08.948  1624  1624 I SystemServer: StartHardwarePropertiesManagerService
01-19 16:35:08.949  1624  1624 I SystemServer: StartTwilightService
01-19 16:35:08.950  1624  1624 I SystemServiceManager: Starting com.android.server.twilight.TwilightService
01-19 16:35:08.950  1624  1624 I SystemServer: StartJobScheduler
01-19 16:35:08.951  1624  1624 I SystemServiceManager: Starting com.android.server.job.JobSchedulerService
01-19 16:35:08.953  1624  1624 I JobStore: Read 0 jobs
01-19 16:35:08.956  1624  1624 D ConnectivityService: requestNetwork for uid/pid:1000/1624 NetworkRequest [ TRACK_DEFAULT id=3, [ Capabilities: INTERNET&NOT_RESTRICTED&TRUSTED&NOT_VPN] ]
01-19 16:35:08.960  1624  1624 I SystemServer: StartSoundTrigger
01-19 16:35:08.961  1624  1624 I SystemServiceManager: Starting com.android.server.soundtrigger.SoundTriggerService
01-19 16:35:08.962  1624  1624 I SystemServer: StartTrustManager
01-19 16:35:08.969  1624  1624 I SystemServiceManager: Starting com.android.server.trust.TrustManagerService
01-19 16:35:08.976  1624  1624 I SystemServer: StartBackupManager
01-19 16:35:08.976  1624  1624 I SystemServiceManager: Starting com.android.server.backup.BackupManagerService$Lifecycle
01-19 16:35:08.979  1624  1624 I SystemServer: StartAppWidgerService
01-19 16:35:08.980  1624  1624 I SystemServiceManager: Starting com.android.server.appwidget.AppWidgetService
01-19 16:35:08.994  1624  1624 I SystemServer: StartVoiceRecognitionManager
01-19 16:35:08.995  1624  1624 I SystemServiceManager: Starting com.android.server.voiceinteraction.VoiceInteractionManagerService
01-19 16:35:08.997  1624  1624 I SystemServer: StartGestureLauncher
01-19 16:35:08.997  1624  1624 I SystemServiceManager: Starting com.android.server.GestureLauncherService
01-19 16:35:08.997  1624  1624 I SystemServer: StartSensorNotification
01-19 16:35:08.998  1624  1624 I SystemServiceManager: Starting com.android.server.SensorNotificationService
01-19 16:35:08.998  1624  1624 I SystemServer: StartContextHubSystemService
01-19 16:35:08.998  1624  1624 I SystemServiceManager: Starting com.android.server.ContextHubSystemService
01-19 16:35:08.998  1624  1624 I SystemServer: StartDiskStatsService
01-19 16:35:09.000  1624  1624 I SystemServer: StartNetworkTimeUpdateService
01-19 16:35:09.000  1624  1624 I SystemServer: StartCommonTimeManagementService
01-19 16:35:09.001  1624  1624 I SystemServer: CertBlacklister
01-19 16:35:09.002  1624  1624 I SystemServer: StartEmergencyAffordanceService
01-19 16:35:09.002  1624  1624 I SystemServiceManager: Starting com.android.server.emergency.EmergencyAffordanceService
01-19 16:35:09.006  1624  1624 I SystemServer: StartDreamManager
01-19 16:35:09.006  1624  1624 I SystemServiceManager: Starting com.android.server.dreams.DreamManagerService
01-19 16:35:09.008  1624  1624 I SystemServer: AddGraphicsStatsService
01-19 16:35:09.009  1624  1624 I SystemServer: StartPrintManager
01-19 16:35:09.009  1624  1624 I SystemServiceManager: Starting com.android.server.print.PrintManagerService
01-19 16:35:09.010  1624  1624 I SystemServer: StartRestrictionManager
01-19 16:35:09.011  1624  1624 I SystemServiceManager: Starting com.android.server.restrictions.RestrictionsManagerService
01-19 16:35:09.012  1624  1624 I SystemServer: StartMediaSessionService
01-19 16:35:09.013  1624  1624 I SystemServiceManager: Starting com.android.server.media.MediaSessionService
01-19 16:35:09.017  1624  1624 I SystemServer: StartMediaResourceMonitor
01-19 16:35:09.017  1624  1624 I SystemServiceManager: Starting com.android.server.media.MediaResourceMonitorService
01-19 16:35:09.018  1624  1624 I SystemServer: StartMediaRouterService
01-19 16:35:09.019  1624  1624 I SystemServer: StartFingerprintSensor
01-19 16:35:09.019  1624  1624 I SystemServiceManager: Starting com.android.server.fingerprint.FingerprintService
01-19 16:35:09.020  1624  1665 V FingerprintService: mDeamon was null, reconnect to fingerprint
01-19 16:35:09.022  1624  1624 I SystemServer: StartBackgroundDexOptService
01-19 16:35:09.024  1624  1624 I SystemServer: StartPruneInstantAppsJobService
01-19 16:35:09.024  1624  1665 V FingerprintService: Fingerprint HAL id: 3012202496
01-19 16:35:09.024  1624  1624 I SystemServer: StartShortcutServiceLifecycle
01-19 16:35:09.025  1624  1624 I SystemServiceManager: Starting com.android.server.pm.ShortcutService$Lifecycle
01-19 16:35:09.032  1624  1624 I SystemServer: StartLauncherAppsService
01-19 16:35:09.032  1624  1624 I SystemServiceManager: Starting com.android.server.pm.LauncherAppsService
01-19 16:35:09.033  1624  1624 I SystemServer: StartMediaProjectionManager
01-19 16:35:09.033  1624  1624 I SystemServiceManager: Starting com.android.server.media.projection.MediaProjectionManagerService
01-19 16:35:09.041  1624  1624 I SystemServer: StartCameraServiceProxy
01-19 16:35:09.042  1624  1624 I SystemServiceManager: Starting com.android.server.camera.CameraServiceProxy
01-19 16:35:09.044  1624  1624 I SystemServer: StartJitCompilation
01-19 16:35:09.044  1624  1624 I SystemServer: StartMmsService
01-19 16:35:09.044  1624  1624 I SystemServiceManager: Starting com.android.server.MmsServiceBroker
01-19 16:35:09.049  1624  1624 I SystemServer: StartAutoFillService
01-19 16:35:09.050  1624  1624 I SystemServiceManager: Starting com.android.server.autofill.AutofillManagerService
01-19 16:35:09.051  1624  1624 I AutofillManagerService: Setting debug to false
01-19 16:35:09.054  1624  1624 I SystemServer: MakeVibratorServiceReady
01-19 16:35:09.055  1624  1624 I SystemServer: MakeLockSettingsServiceReady
01-19 16:35:09.092  1624  1624 I LockSettingsService: Migrated lock settings to new location
01-19 16:35:09.097  1624  1624 I LockSettingsService: Migrated per-user lock settings to new location
01-19 16:35:09.108  1624  1624 I LockSettingsService: Migrated biometric weak to use the fallback instead
01-19 16:35:09.113  1624  1624 I LockSettingsService: Migrated lockscreen disabled flag
01-19 16:35:09.118  1624  1624 I SyntheticPasswordManager: Device does not support weaver
01-19 16:35:09.119  1624  1624 E LockSettingsStorage: Cannot read file java.io.FileNotFoundException: /data/system/gatekeeper.password.key: open failed: ENOENT (No such file or directory)
01-19 16:35:09.119  1624  1624 E LockSettingsStorage: Cannot read file java.io.FileNotFoundException: /data/system/password.key: open failed: ENOENT (No such file or directory)
01-19 16:35:09.119  1624  1624 E LockSettingsStorage: Cannot read file java.io.FileNotFoundException: /data/system/gatekeeper.pattern.key: open failed: ENOENT (No such file or directory)
01-19 16:35:09.120  1624  1624 E LockSettingsStorage: Cannot read file java.io.FileNotFoundException: /data/system/gatekeeper.gesture.key: open failed: ENOENT (No such file or directory)
01-19 16:35:09.120  1624  1624 E LockSettingsStorage: Cannot read file java.io.FileNotFoundException: /data/system/gesture.key: open failed: ENOENT (No such file or directory)
01-19 16:35:09.120  1624  1624 I SystemServer: StartBootPhaseLockSettingsReady
01-19 16:35:09.120  1624  1624 I SystemServiceManager: Starting phase 480
01-19 16:35:09.321  1624  1624 W SystemServiceManager: Service com.android.server.devicepolicy.DevicePolicyManagerService$Lifecycle took 200 ms in onBootPhase
01-19 16:35:09.322  1624  1624 I SystemServer: StartBootPhaseSystemServicesReady
01-19 16:35:09.322  1624  1624 I SystemServiceManager: Starting phase 500
01-19 16:35:09.328  1624  1624 I VrManagerService: No default vr listener service found.
01-19 16:35:09.335  1624  1624 I WifiService: WifiService starting up with Wi-Fi enabled
01-19 16:35:09.502  1624  1624 D WifiService: setWifiEnabled: true pid=1624, uid=1000, package=android
01-19 16:35:09.503  1624  1624 W SystemServiceManager: Service com.android.server.wifi.WifiService took 168 ms in onBootPhase
01-19 16:35:09.513  1624  1624 W SoundTriggerHelper: listModules status=0, # of modules=0
01-19 16:35:09.515  1624  1624 I SystemServer: MakeWindowManagerServiceReady
01-19 16:35:09.524  1624  1624 I SystemServer: MakePowerManagerServiceReady
01-19 16:35:09.532  1624  1624 I SystemServer: MakePackageManagerServiceReady
01-19 16:35:09.532  1624  1647 W KeyguardServiceDelegate: onScreenTurningOn(): no keyguard service!
01-19 16:35:09.535  1624  1624 D VoldConnector: SND -> {4 volume remount_uid 1001 none}
01-19 16:35:09.536  1354  1357 D vold    : Remounting 1001 as mode none
01-19 16:35:09.537  1354  1357 D vold    : Found matching PID 1510
01-19 16:35:09.538  1354  1357 W vold    : Skipping due to root namespace
01-19 16:35:09.538  1624  1683 D VoldConnector: RCV <- {200 4 Command succeeded}
01-19 16:35:09.540  1624  1624 D VoldConnector: SND -> {5 volume remount_uid 1001 none}
01-19 16:35:09.541  1354  1357 D vold    : Remounting 1001 as mode none
01-19 16:35:09.542  1354  1357 D vold    : Found matching PID 1510
01-19 16:35:09.542  1354  1357 W vold    : Skipping due to root namespace
01-19 16:35:09.543  1624  1683 D VoldConnector: RCV <- {200 5 Command succeeded}
01-19 16:35:09.546  1624  1624 D VoldConnector: SND -> {6 volume remount_uid 1000 none}
01-19 16:35:09.547  1354  1357 D vold    : Remounting 1000 as mode none
01-19 16:35:09.547  1354  1357 D vold    : Found matching PID 1344
01-19 16:35:09.547  1354  1357 W vold    : Skipping due to root namespace
01-19 16:35:09.547  1354  1357 D vold    : Found matching PID 1345
01-19 16:35:09.547  1354  1357 W vold    : Skipping due to root namespace
01-19 16:35:09.547  1354  1357 D vold    : Found matching PID 1346
01-19 16:35:09.547  1354  1357 W vold    : Skipping due to root namespace
01-19 16:35:09.548  1354  1357 D vold    : Found matching PID 1352
01-19 16:35:09.548  1354  1357 W vold    : Skipping due to root namespace
01-19 16:35:09.548  1354  1357 D vold    : Found matching PID 1395
01-19 16:35:09.548  1354  1357 W vold    : Skipping due to root namespace
01-19 16:35:09.548  1354  1357 D vold    : Found matching PID 1399
01-19 16:35:09.548  1354  1357 W vold    : Skipping due to root namespace
01-19 16:35:09.548  1354  1357 D vold    : Found matching PID 1402
01-19 16:35:09.548  1354  1357 W vold    : Skipping due to root namespace
01-19 16:35:09.548  1354  1357 D vold    : Found matching PID 1404
01-19 16:35:09.548  1354  1357 W vold    : Skipping due to root namespace
01-19 16:35:09.548  1354  1357 D vold    : Found matching PID 1405
01-19 16:35:09.548  1354  1357 W vold    : Skipping due to root namespace
01-19 16:35:09.548  1354  1357 D vold    : Found matching PID 1406
01-19 16:35:09.548  1354  1357 W vold    : Skipping due to root namespace
01-19 16:35:09.548  1354  1357 D vold    : Found matching PID 1407
01-19 16:35:09.548  1354  1357 W vold    : Skipping due to root namespace
01-19 16:35:09.548  1354  1357 D vold    : Found matching PID 1414
01-19 16:35:09.548  1354  1357 W vold    : Skipping due to root namespace
01-19 16:35:09.548  1354  1357 D vold    : Found matching PID 1512
01-19 16:35:09.548  1354  1357 W vold    : Skipping due to root namespace
01-19 16:35:09.548  1354  1357 D vold    : Found matching PID 1514
01-19 16:35:09.548  1354  1357 W vold    : Skipping due to root namespace
01-19 16:35:09.548  1354  1357 D vold    : Found matching PID 1624
01-19 16:35:09.611  1624  1683 D VoldConnector: RCV <- {200 6 Command succeeded}
01-19 16:35:09.612  1624  1624 D VoldConnector: SND -> {7 volume remount_uid 1000 none}
01-19 16:35:09.614  1354  1357 D vold    : Remounting 1000 as mode none
01-19 16:35:09.616  1354  1357 D vold    : Found matching PID 1344
01-19 16:35:09.616  1354  1357 W vold    : Skipping due to root namespace
01-19 16:35:09.616  1354  1357 D vold    : Found matching PID 1345
01-19 16:35:09.616  1354  1357 W vold    : Skipping due to root namespace
01-19 16:35:09.616  1354  1357 D vold    : Found matching PID 1346
01-19 16:35:09.616  1354  1357 W vold    : Skipping due to root namespace
01-19 16:35:09.616  1354  1357 D vold    : Found matching PID 1352
01-19 16:35:09.616  1354  1357 W vold    : Skipping due to root namespace
01-19 16:35:09.616  1354  1357 D vold    : Found matching PID 1395
01-19 16:35:09.616  1354  1357 W vold    : Skipping due to root namespace
01-19 16:35:09.616  1354  1357 D vold    : Found matching PID 1399
01-19 16:35:09.616  1354  1357 W vold    : Skipping due to root namespace
01-19 16:35:09.616  1354  1357 D vold    : Found matching PID 1402
01-19 16:35:09.616  1354  1357 W vold    : Skipping due to root namespace
01-19 16:35:09.616  1354  1357 D vold    : Found matching PID 1404
01-19 16:35:09.616  1354  1357 W vold    : Skipping due to root namespace
01-19 16:35:09.616  1354  1357 D vold    : Found matching PID 1405
01-19 16:35:09.617  1354  1357 W vold    : Skipping due to root namespace
01-19 16:35:09.617  1354  1357 D vold    : Found matching PID 1406
01-19 16:35:09.617  1354  1357 W vold    : Skipping due to root namespace
01-19 16:35:09.617  1354  1357 D vold    : Found matching PID 1407
01-19 16:35:09.617  1354  1357 W vold    : Skipping due to root namespace
01-19 16:35:09.617  1354  1357 D vold    : Found matching PID 1414
01-19 16:35:09.617  1354  1357 W vold    : Skipping due to root namespace
01-19 16:35:09.617  1354  1357 D vold    : Found matching PID 1512
01-19 16:35:09.617  1354  1357 W vold    : Skipping due to root namespace
01-19 16:35:09.617  1354  1357 D vold    : Found matching PID 1514
01-19 16:35:09.617  1354  1357 W vold    : Skipping due to root namespace
01-19 16:35:09.617  1354  1357 D vold    : Found matching PID 1624
01-19 16:35:09.618  1624  1683 D VoldConnector: RCV <- {200 7 Command succeeded}
01-19 16:35:09.629  1624  1624 D VoldConnector: SND -> {8 volume remount_uid 2000 none}
01-19 16:35:09.629  1354  1357 D vold    : Remounting 2000 as mode none
01-19 16:35:09.631  1624  1683 D VoldConnector: RCV <- {200 8 Command succeeded}
01-19 16:35:09.632  1624  1624 D VoldConnector: SND -> {9 volume remount_uid 2000 none}
01-19 16:35:09.632  1354  1357 D vold    : Remounting 2000 as mode none
01-19 16:35:09.634  1624  1683 D VoldConnector: RCV <- {200 9 Command succeeded}
01-19 16:35:09.636  1624  1624 D VoldConnector: SND -> {10 volume remount_uid 10029 none}
01-19 16:35:09.637  1354  1357 D vold    : Remounting 10029 as mode none
01-19 16:35:09.638  1624  1683 D VoldConnector: RCV <- {200 10 Command succeeded}
01-19 16:35:09.639  1624  1624 D VoldConnector: SND -> {11 volume remount_uid 10029 none}
01-19 16:35:09.640  1354  1357 D vold    : Remounting 10029 as mode none
01-19 16:35:09.644  1624  1683 D VoldConnector: RCV <- {200 11 Command succeeded}
01-19 16:35:09.658  1624  1624 I SyncManager: No initial accounts
