01-19 20:27:57.046  1497 15263 I chatty  : uid=1041(audioserver) /system/bin/audioserver expire 1 line
01-19 20:27:57.063  2257  2257 I chatty  : uid=10032 com.google.android.googlequicksearchbox:search expire 14 lines
01-19 20:28:02.076  2257 10531 I chatty  : uid=10032 com.google.android.googlequicksearchbox:search expire 23 lines
01-19 20:28:02.076  1497 15266 I chatty  : uid=1041(audioserver) /system/bin/audioserver expire 1 line
01-19 20:28:07.116  1497 15269 I chatty  : uid=1041(audioserver) /system/bin/audioserver expire 1 line
01-19 20:28:07.118  1405  1423 D hwcomposer: hw_composer sent 90 syncs in 62s
01-19 20:28:07.143  2257  2257 I chatty  : uid=10032 com.google.android.googlequicksearchbox:search expire 21 lines
01-19 20:28:07.143  2257 15177 I chatty  : uid=10032 com.google.android.googlequicksearchbox:search expire 14 lines
01-19 20:28:12.194  2257  2485 I chatty  : uid=10032 com.google.android.googlequicksearchbox:search expire 12 lines
01-19 20:28:12.221  1497 15272 I chatty  : uid=1041(audioserver) /system/bin/audioserver expire 1 line
01-19 20:28:12.225  1497  1961 I chatty  : uid=1041(audioserver) Binder:1497_3 expire 15 lines
01-19 20:28:12.274  2257  4674 I chatty  : uid=10032(com.google.android.googlequicksearchbox) HotwordDetector expire 14 lines
01-19 20:28:12.276  2257 10530 I chatty  : uid=10032 com.google.android.googlequicksearchbox:search expire 18 lines
01-19 20:28:17.289  1497 15275 I chatty  : uid=1041(audioserver) /system/bin/audioserver expire 1 line
01-19 20:28:22.115  1412  1412 I boot-pipe: done populating /dev/random
01-19 20:28:22.324  2257 10531 I chatty  : uid=10032 com.google.android.googlequicksearchbox:search expire 42 lines
01-19 20:28:22.332  1497 15278 I chatty  : uid=1041(audioserver) /system/bin/audioserver expire 1 line
01-19 20:28:22.348  2257  2257 I chatty  : uid=10032 com.google.android.googlequicksearchbox:search expire 63 lines
01-19 20:28:26.955  2099 15280 I NetRec  : [1004] yle.a: Refreshing scores for 1 networks.
01-19 20:28:26.960  2099 15280 W NetRec  : [1004] yle.a: Could not send request to get scores.
01-19 20:28:26.961  2099 15280 I NetRec  : [1004] NetRecChimeraGcmTaskService.a: Still entries pending update, scheduling new rapid_refresh_scores_task refresh.
01-19 20:28:27.360  1497 15283 I chatty  : uid=1041(audioserver) /system/bin/audioserver expire 1 line
01-19 20:28:32.398  1497 15286 I chatty  : uid=1041(audioserver) /system/bin/audioserver expire 1 line
01-19 20:28:37.424  1497 15289 I chatty  : uid=1041(audioserver) /system/bin/audioserver expire 1 line
01-19 20:28:42.465  1497 15292 I chatty  : uid=1041(audioserver) /system/bin/audioserver expire 1 line
01-19 20:28:47.486  2257 10530 I chatty  : uid=10032 com.google.android.googlequicksearchbox:search expire 17 lines
01-19 20:28:47.491  1497 15295 I chatty  : uid=1041(audioserver) /system/bin/audioserver expire 1 line
01-19 20:28:47.494  1497  5585 I chatty  : uid=1041(audioserver) Binder:1497_7 expire 12 lines
01-19 20:28:52.527  2257  2485 I chatty  : uid=10032 com.google.android.googlequicksearchbox:search expire 14 lines
01-19 20:28:52.536  1497 15298 I chatty  : uid=1041(audioserver) /system/bin/audioserver expire 1 line
01-19 20:28:57.029  2099 15299 I NetRec  : [1005] yle.a: Refreshing scores for 1 networks.
01-19 20:28:57.035  2099 15299 W NetRec  : [1005] yle.a: Could not send request to get scores.
01-19 20:28:57.036  2099 15299 I NetRec  : [1005] NetRecChimeraGcmTaskService.a: Still entries pending update, scheduling new rapid_refresh_scores_task refresh.
01-19 20:28:57.570  2257 15177 I chatty  : uid=10032 com.google.android.googlequicksearchbox:search expire 16 lines
01-19 20:28:57.571  2257 10531 I chatty  : uid=10032 com.google.android.googlequicksearchbox:search expire 19 lines
01-19 20:28:57.575  1497 15302 I chatty  : uid=1041(audioserver) /system/bin/audioserver expire 1 line
01-19 20:29:02.894  1497 15305 I chatty  : uid=1041(audioserver) /system/bin/audioserver expire 1 line
01-19 20:29:07.935  1497 15308 I chatty  : uid=1041(audioserver) /system/bin/audioserver expire 1 line
01-19 20:29:07.939  1405  1423 D hwcomposer: hw_composer sent 78 syncs in 61s
01-19 20:29:07.940  1497  1961 I chatty  : uid=1041(audioserver) Binder:1497_3 expire 18 lines
01-19 20:29:07.960  2257  2257 I chatty  : uid=10032 com.google.android.googlequicksearchbox:search expire 28 lines
01-19 20:29:12.080  1624  1637 I chatty  : uid=1000(system) android.bg expire 10 lines
01-19 20:29:12.966  1497 15311 I chatty  : uid=1041(audioserver) /system/bin/audioserver expire 1 line
01-19 20:29:12.967  2257 10531 I chatty  : uid=10032 com.google.android.googlequicksearchbox:search expire 41 lines
01-19 20:29:12.979  2257 10530 I chatty  : uid=10032 com.google.android.googlequicksearchbox:search expire 16 lines
01-19 20:29:17.990  1497 15314 I chatty  : uid=1041(audioserver) /system/bin/audioserver expire 1 line
01-19 20:29:22.116  1412  1412 I boot-pipe: done populating /dev/random
01-19 20:29:23.022  2257 15177 I chatty  : uid=10032 com.google.android.googlequicksearchbox:search expire 21 lines
01-19 20:29:23.026  1497 15317 I chatty  : uid=1041(audioserver) /system/bin/audioserver expire 1 line
01-19 20:29:23.039  2257  4674 I chatty  : uid=10032(com.google.android.googlequicksearchbox) HotwordDetector expire 13 lines
01-19 20:29:28.066  1497 15321 I chatty  : uid=1041(audioserver) /system/bin/audioserver expire 1 line
01-19 20:29:28.079  2257  2257 I chatty  : uid=10032 com.google.android.googlequicksearchbox:search expire 63 lines
01-19 20:29:33.092  1497 15324 I chatty  : uid=1041(audioserver) /system/bin/audioserver expire 1 line
01-19 20:29:36.850  2099 15325 I NetRec  : [1006] yle.a: Refreshing scores for 1 networks.
01-19 20:29:36.857  2099 15325 W NetRec  : [1006] yle.a: Could not send request to get scores.
01-19 20:29:36.859  2099 15325 I NetRec  : [1006] NetRecChimeraGcmTaskService.a: Still entries pending update, scheduling new rapid_refresh_scores_task refresh.
01-19 20:29:38.116  1497 15328 I chatty  : uid=1041(audioserver) /system/bin/audioserver expire 1 line
01-19 20:29:38.116  1497  5585 I chatty  : uid=1041(audioserver) Binder:1497_7 expire 12 lines
01-19 20:29:39.780  1624  3451 I chatty  : uid=1000(system) Binder:1624_10 expire 4 lines
01-19 20:29:43.154  1497 15331 I chatty  : uid=1041(audioserver) /system/bin/audioserver expire 1 line
01-19 20:29:48.203  2257  2485 I chatty  : uid=10032 com.google.android.googlequicksearchbox:search expire 21 lines
01-19 20:29:48.204  2257 10531 I chatty  : uid=10032 com.google.android.googlequicksearchbox:search expire 37 lines
01-19 20:29:48.213  1497 15334 I chatty  : uid=1041(audioserver) /system/bin/audioserver expire 1 line
01-19 20:29:53.249  1497 15337 I chatty  : uid=1041(audioserver) /system/bin/audioserver expire 1 line
01-19 20:29:58.286  1497 15340 I chatty  : uid=1041(audioserver) /system/bin/audioserver expire 1 line
01-19 20:29:58.310  2257 15177 I chatty  : uid=10032 com.google.android.googlequicksearchbox:search expire 17 lines
01-19 20:30:03.321  1497 15343 I chatty  : uid=1041(audioserver) /system/bin/audioserver expire 1 line
01-19 20:30:06.944  2099 15344 I NetRec  : [1007] yle.a: Refreshing scores for 1 networks.
01-19 20:30:06.946  2099 15344 W NetRec  : [1007] yle.a: Could not send request to get scores.
01-19 20:30:06.949  2099 15344 I NetRec  : [1007] NetRecChimeraGcmTaskService.a: Still entries pending update, scheduling new rapid_refresh_scores_task refresh.
01-19 20:30:08.354  1497 15347 I chatty  : uid=1041(audioserver) /system/bin/audioserver expire 1 line
01-19 20:30:08.355  1405  1423 D hwcomposer: hw_composer sent 78 syncs in 60s
01-19 20:30:08.356  1497  1961 I chatty  : uid=1041(audioserver) Binder:1497_3 expire 24 lines
01-19 20:30:13.388  1497 15350 I chatty  : uid=1041(audioserver) /system/bin/audioserver expire 1 line
01-19 20:30:13.396  2257  2257 I chatty  : uid=10032 com.google.android.googlequicksearchbox:search expire 63 lines
01-19 20:30:18.418  1497 15353 I chatty  : uid=1041(audioserver) /system/bin/audioserver expire 1 line
01-19 20:30:18.419  2257 10531 I chatty  : uid=10032 com.google.android.googlequicksearchbox:search expire 41 lines
01-19 20:30:22.117  1412  1412 I boot-pipe: done populating /dev/random
01-19 20:30:23.503  1497 15357 I chatty  : uid=1041(audioserver) /system/bin/audioserver expire 1 line
01-19 20:30:23.521  2257 10530 I chatty  : uid=10032 com.google.android.googlequicksearchbox:search expire 22 lines
01-19 20:30:28.535  1497 15360 I chatty  : uid=1041(audioserver) /system/bin/audioserver expire 1 line
01-19 20:30:28.545  2257  4674 I chatty  : uid=10032(com.google.android.googlequicksearchbox) HotwordDetector expire 10 lines
01-19 20:30:33.577  2257 15177 I chatty  : uid=10032 com.google.android.googlequicksearchbox:search expire 15 lines
01-19 20:30:33.582  1497 15363 I chatty  : uid=1041(audioserver) /system/bin/audioserver expire 1 line
01-19 20:30:38.627  1497 15366 I chatty  : uid=1041(audioserver) /system/bin/audioserver expire 1 line
01-19 20:30:43.756  1497 15369 I chatty  : uid=1041(audioserver) /system/bin/audioserver expire 1 line
01-19 20:30:48.819  1497 15372 I chatty  : uid=1041(audioserver) /system/bin/audioserver expire 1 line
01-19 20:30:53.466  3895  3926 I PlayCommon: [255] com.google.android.play.a.g.e(222): Preparing logs for uploading
01-19 20:30:53.466  3895  3926 W PlayCommon: [255] com.google.android.play.a.g.a(589): No account for auth token provided
01-19 20:30:53.467  3895  3926 I PlayCommon: [255] com.google.android.play.a.g.a(436): Connecting to server: https://play.googleapis.com/play/log?format=raw&proto_v2=true
01-19 20:30:53.799  3895  3926 I PlayCommon: [255] com.google.android.play.a.g.a(493): Successfully uploaded logs.
01-19 20:30:53.855  2257  2485 I chatty  : uid=10032 com.google.android.googlequicksearchbox:search expire 21 lines
01-19 20:30:53.855  2257 10531 I chatty  : uid=10032 com.google.android.googlequicksearchbox:search expire 35 lines
01-19 20:30:53.862  1497 15378 I chatty  : uid=1041(audioserver) /system/bin/audioserver expire 1 line
01-19 20:30:53.864  1497  5585 I chatty  : uid=1041(audioserver) Binder:1497_7 expire 12 lines
01-19 20:30:54.056  2099 15380 I NetRec  : [1009] yle.a: Refreshing scores for 1 networks.
01-19 20:30:54.061  2099 15380 W NetRec  : [1009] yle.a: Could not send request to get scores.
01-19 20:30:54.062  2099 15380 I NetRec  : [1009] NetRecChimeraGcmTaskService.a: Still entries pending update, scheduling new rapid_refresh_scores_task refresh.
01-19 20:30:58.887  1497 15383 I chatty  : uid=1041(audioserver) /system/bin/audioserver expire 1 line
01-19 20:30:58.890  1497  1961 I chatty  : uid=1041(audioserver) Binder:1497_3 expire 12 lines
01-19 20:30:58.897  2257  2257 I chatty  : uid=10032 com.google.android.googlequicksearchbox:search expire 28 lines
01-19 20:31:03.937  1497 15386 I chatty  : uid=1041(audioserver) /system/bin/audioserver expire 1 line
01-19 20:31:03.961  2257 15177 I chatty  : uid=10032 com.google.android.googlequicksearchbox:search expire 15 lines
01-19 20:31:08.972  1497 15390 I chatty  : uid=1041(audioserver) /system/bin/audioserver expire 1 line
01-19 20:31:08.986  1405  1423 D hwcomposer: hw_composer sent 78 syncs in 61s
01-19 20:31:14.105  1497 15393 I chatty  : uid=1041(audioserver) /system/bin/audioserver expire 1 line
01-19 20:31:14.149  2257  2485 I chatty  : uid=10032 com.google.android.googlequicksearchbox:search expire 10 lines
01-19 20:31:19.386  1497 15396 I chatty  : uid=1041(audioserver) /system/bin/audioserver expire 1 line
01-19 20:31:19.392  1497  5584 I chatty  : uid=1041(audioserver) Binder:1497_6 expire 12 lines
01-19 20:31:19.434  2257  2257 I chatty  : uid=10032 com.google.android.googlequicksearchbox:search expire 48 lines
01-19 20:31:19.438  2257 10531 I chatty  : uid=10032 com.google.android.googlequicksearchbox:search expire 31 lines
01-19 20:31:19.442  2257  4674 I chatty  : uid=10032(com.google.android.googlequicksearchbox) HotwordDetector expire 18 lines
01-19 20:31:22.119  1412  1412 I boot-pipe: done populating /dev/random
01-19 20:31:24.151  2099 15398 I NetRec  : [1010] yle.a: Refreshing scores for 1 networks.
01-19 20:31:24.154  2099 15398 W NetRec  : [1010] yle.a: Could not send request to get scores.
01-19 20:31:24.155  2099 15398 I NetRec  : [1010] NetRecChimeraGcmTaskService.a: Still entries pending update, scheduling new rapid_refresh_scores_task refresh.
01-19 20:31:24.460  1497 15401 I chatty  : uid=1041(audioserver) /system/bin/audioserver expire 1 line
01-19 20:31:24.470  2257  2485 I chatty  : uid=10032 com.google.android.googlequicksearchbox:search expire 10 lines
01-19 20:31:29.504  1497 15404 I chatty  : uid=1041(audioserver) /system/bin/audioserver expire 1 line
01-19 20:31:34.569  1497 15409 I chatty  : uid=1041(audioserver) /system/bin/audioserver expire 1 line
01-19 20:31:39.690  1497 15412 I chatty  : uid=1041(audioserver) /system/bin/audioserver expire 1 line
01-19 20:31:34.583  2257 10531 I chatty  : uid=10032 com.google.android.googlequicksearchbox:search identical 53 lines
01-19 20:31:39.704  2257 10531 E ActivityThread: Failed to find provider info for com.google.android.apps.gsa.testing.ui.audio.recorded
01-19 20:31:40.478  1624  1641 E BatteryExternalStatsWorker: modem info is invalid: ModemActivityInfo{ mTimestamp=0 mSleepTimeMs=0 mIdleTimeMs=0 mTxTimeMs[]=[0, 0, 0, 0, 0] mRxTimeMs=0 mEnergyUsed=0}
01-19 20:31:41.046 15413 15413 I chatty  : uid=2000(shell) expire 6 lines
01-19 20:31:41.186  1624  2130 W WindowManager: Permission Denial: dismissKeyguard from pid=15413, uid=2000 requires android.permission.CONTROL_KEYGUARD
01-19 20:31:41.412 15426 15426 I chatty  : uid=2000(shell) expire 8 lines
01-19 20:31:41.681 15442 15442 I chatty  : uid=2000(shell) expire 1 line
01-19 20:31:41.861 15446 15446 W dex2oat : Unexpected CPU variant for X86 using defaults: x86
01-19 20:31:41.861 15446 15446 W dex2oat : Mismatch between dex2oat instruction set features (ISA: X86 Feature string: -ssse3,-sse4.1,-sse4.2,-avx,-avx2,-popcnt) and those of dex2oat executable (ISA: X86 Feature string: ssse3,-sse4.1,-sse4.2,-avx,-avx2,-popcnt) for the command line:
01-19 20:31:41.861 15446 15446 W dex2oat : /system/bin/dex2oat --zip-fd=8 --zip-location=base.apk --input-vdex-fd=-1 --output-vdex-fd=10 --oat-fd=9 --oat-location=/data/app/com.example.trebb.currencyexchange.test-aXLIiDqXneCcH434r7U--A==/oat/x86/base.odex --instruction-set=x86 --instruction-set-variant=x86 --instruction-set-features=default --runtime-arg -Xms64m --runtime-arg -Xmx512m --compiler-filter=quicken --swap-fd=11 --debuggable --classpath-dir=/data/app/com.example.trebb.currencyexchange.test-aXLIiDqXneCcH434r7U--A== --class-loader-context=PCL[/system/framework/android.test.mock.jar:/system/framework/android.test.runner.jar]
01-19 20:31:41.861 15446 15446 I dex2oat : /system/bin/dex2oat --input-vdex-fd=-1 --output-vdex-fd=10 --compiler-filter=quicken --debuggable --classpath-dir=/data/app/com.example.trebb.currencyexchange.test-aXLIiDqXneCcH434r7U--A== --class-loader-context=PCL[/system/framework/android.test.mock.jar:/system/framework/android.test.runner.jar]
01-19 20:31:41.863 15446 15446 W dex2oat : Could not reserve sentinel fault page
01-19 20:31:42.965 15446 15446 I dex2oat : dex2oat took 1.104s (1.729s cpu) (threads: 2) arena alloc=1792B (1792B) java alloc=1029KB (1054176B) native alloc=2MB (2108960B) free=2036KB (2085344B)
01-19 20:31:42.972  1624  1638 I ActivityManager: Force stopping com.example.trebb.currencyexchange.test appid=10081 user=-1: installPackageLI
01-19 20:31:43.064  1624  1651 I PackageManager: Package com.example.trebb.currencyexchange.test codePath changed from /data/app/com.example.trebb.currencyexchange.test-gNpJp6OUF01Y27oXZ8Acdg== to /data/app/com.example.trebb.currencyexchange.test-aXLIiDqXneCcH434r7U--A==; Retaining data and using new
01-19 20:31:43.064  1624  1651 W PackageManager: Code path for com.example.trebb.currencyexchange.test changing from /data/app/com.example.trebb.currencyexchange.test-gNpJp6OUF01Y27oXZ8Acdg== to /data/app/com.example.trebb.currencyexchange.test-aXLIiDqXneCcH434r7U--A==
01-19 20:31:43.065  1624  1651 W PackageManager: Resource path for com.example.trebb.currencyexchange.test changing from /data/app/com.example.trebb.currencyexchange.test-gNpJp6OUF01Y27oXZ8Acdg== to /data/app/com.example.trebb.currencyexchange.test-aXLIiDqXneCcH434r7U--A==
01-19 20:31:43.253  1500  1667 E         : Couldn't opendir /data/app/vmdl1101222480.tmp: No such file or directory
01-19 20:31:43.253  1500  1667 E installd: Failed to delete /data/app/vmdl1101222480.tmp: No such file or directory
01-19 20:31:43.255  1624  1651 I ActivityManager: Force stopping com.example.trebb.currencyexchange.test appid=10081 user=0: pkg removed
01-19 20:31:43.294  3895  3895 W Finsky  : [2] com.google.android.finsky.application.FinskyAppImpl.bx(1166): No account configured on this device.
01-19 20:31:43.317  3895  3895 I chatty  : uid=10026(com.android.vending) identical 11 lines
01-19 20:31:43.330  3895  3895 W Finsky  : [2] com.google.android.finsky.application.FinskyAppImpl.bx(1166): No account configured on this device.
01-19 20:31:43.336  2099 15175 E NetworkScheduler.SR: Unrecognised action provided: android.intent.action.PACKAGE_REMOVED
01-19 20:31:43.337  3895  3895 W Finsky  : [2] com.google.android.finsky.application.FinskyAppImpl.bx(1166): No account configured on this device.
01-19 20:31:43.341  3895  3895 W Finsky  : [2] com.google.android.finsky.application.FinskyAppImpl.bx(1166): No account configured on this device.
01-19 20:31:43.345  1818  1841 I zygote  : Background concurrent copying GC freed 55627(2MB) AllocSpace objects, 0(0B) LOS objects, 50% free, 2MB/4MB, paused 5.196ms total 49.290ms
01-19 20:31:43.363  1624  1624 I Telecom : DefaultDialerCache: Refreshing default dialer for user 0: now com.google.android.dialer: DDC.oR@AM0
01-19 20:31:43.384  1624  2148 W BroadcastQueue: Background execution not allowed: receiving Intent { act=android.intent.action.PACKAGE_REMOVED dat=package:com.example.trebb.currencyexchange.test flg=0x4000010 (has extras) } to com.google.android.googlequicksearchbox/com.google.android.apps.gsa.googlequicksearchbox.GelStubAppWatcher
01-19 20:31:43.447  2416 15464 D Wear_Controller: Received broadcast action=android.intent.action.PACKAGE_REMOVED and uri=com.example.trebb.currencyexchange.test
01-19 20:31:43.469  3895  3895 W Finsky  : [2] com.google.android.finsky.application.FinskyAppImpl.bx(1166): No account configured on this device.
01-19 20:31:43.472  3895  3895 W Finsky  : [2] com.google.android.finsky.application.FinskyAppImpl.bx(1166): No account configured on this device.
01-19 20:31:43.492  3895  3962 W WearSignatureVerifier: No package com.google.android.wearable.app.cn
01-19 20:31:43.505  3895  3962 W WearSignatureVerifier: No package com.google.android.wearable.app.cn
01-19 20:31:43.505  3895  3895 I Finsky  : [2] com.google.android.finsky.utils.PermissionPolicies$PermissionPolicyService.onStartCommand(18): post-install permissions check for com.example.trebb.currencyexchange.test
01-19 20:31:43.505  3895  3962 W WearSignatureVerifier: No package com.google.android.wearable.app.cn
01-19 20:31:43.508  3895  3895 W Finsky  : [2] com.google.android.finsky.application.FinskyAppImpl.bx(1166): No account configured on this device.
01-19 20:31:43.511  3895  3895 W Finsky  : [2] com.google.android.finsky.application.FinskyAppImpl.bx(1166): No account configured on this device.
01-19 20:31:43.514  2099  2099 I WearableService: Wearable Services not starting - Wear is not available on this device.
01-19 20:31:43.521  3895  3895 I Finsky  : [2] com.google.android.finsky.externalreferrer.d.run(9): Package state data is missing for com.example.trebb.currencyexchange.test
01-19 20:31:43.532  3895  3895 W Finsky  : [2] com.google.android.finsky.application.FinskyAppImpl.bx(1166): No account configured on this device.
01-19 20:31:43.655  2099  3045 D WearableService: onGetService - Wear is not available on this device.
01-19 20:31:43.656  3895  3895 W WearSignatureVerifier: No package com.google.android.wearable.app.cn
01-19 20:31:43.657  3895  3895 E Finsky  : [2] com.google.android.finsky.wear.bl.a(3): onConnectionFailed: ConnectionResult{statusCode=API_UNAVAILABLE, resolution=null, message=null}
01-19 20:31:43.657  3895  3895 W Finsky  : [2] com.google.android.finsky.wear.aj.run(9): Dropping command=auto_install due to Gms not connected
01-19 20:31:43.671  1818  1818 D CarrierSvcBindHelper: No carrier app for: 0
01-19 20:31:43.682  1624  6176 W BroadcastQueue: Background execution not allowed: receiving Intent { act=android.intent.action.PACKAGE_ADDED dat=package:com.example.trebb.currencyexchange.test flg=0x4000010 (has extras) } to com.google.android.googlequicksearchbox/com.google.android.apps.gsa.googlequicksearchbox.GelStubAppWatcher
01-19 20:31:43.684  1818  1818 D CarrierSvcBindHelper: No carrier app for: 0
01-19 20:31:43.700  1818  1818 D ImsResolver: maybeAddedImsService, packageName: com.example.trebb.currencyexchange.test
01-19 20:31:43.707  1624  1638 W BroadcastQueue: Background execution not allowed: receiving Intent { act=android.intent.action.PACKAGE_REPLACED dat=package:com.example.trebb.currencyexchange.test flg=0x4000010 (has extras) } to com.google.android.apps.photos/.account.full.FetchAccountPropertiesAppUpgradeBroadcastReceiver
01-19 20:31:43.707  1624  1638 W BroadcastQueue: Background execution not allowed: receiving Intent { act=android.intent.action.PACKAGE_REPLACED dat=package:com.example.trebb.currencyexchange.test flg=0x4000010 (has extras) } to com.google.android.apps.photos/.backgroundsignin.BackgroundSignInBroadcastReceiver
01-19 20:31:43.707  1624  1638 W BroadcastQueue: Background execution not allowed: receiving Intent { act=android.intent.action.PACKAGE_REPLACED dat=package:com.example.trebb.currencyexchange.test flg=0x4000010 (has extras) } to com.google.android.apps.photos/.experiments.phenotype.full.PhenotypeAppUpgradeBroadcastReceiver
01-19 20:31:43.707  1818  1818 D CarrierConfigLoader: mHandler: 9 phoneId: 0
01-19 20:31:43.708  1624  1638 W BroadcastQueue: Background execution not allowed: receiving Intent { act=android.intent.action.PACKAGE_REPLACED dat=package:com.example.trebb.currencyexchange.test flg=0x4000010 (has extras) } to com.google.android.apps.photos/.notificationchannels.AppUpdateBroadcastReceiver
01-19 20:31:43.733  2416 15466 D Wear_Controller: Received broadcast action=android.intent.action.PACKAGE_ADDED and uri=com.example.trebb.currencyexchange.test
01-19 20:31:43.809  1624  1635 W BroadcastQueue: Background execution not allowed: receiving Intent { act=android.intent.action.PACKAGE_REPLACED dat=package:com.example.trebb.currencyexchange.test flg=0x4000010 (has extras) } to com.google.android.googlequicksearchbox/com.google.android.apps.gsa.googlequicksearchbox.GelStubAppWatcher
01-19 20:31:43.821  2416 15473 I ChromeSync: [Persistence,AffiliationManager] Fetching affiliations from the server.
01-19 20:31:43.861  2416  3119 I Icing   : IndexChimeraService.getServiceInterface callingPackage=com.google.android.gms componentName=AppsCorpus serviceId=32
01-19 20:31:43.863  2416  3120 I Icing   : IndexChimeraService.getServiceInterface callingPackage=com.google.android.gms componentName=AppsCorpus serviceId=36
01-19 20:31:43.866  2416 15463 I FontsPackageChangeOp: Package com.example.trebb.currencyexchange.test has no metadata
01-19 20:31:43.942  2416  4300 I Icing   : Usage reports 0 indexed 0 rejected 0 imm upload false
01-19 20:31:43.979  2416  4300 I Icing   : Usage reports 0 indexed 0 rejected 0 imm upload false
01-19 20:31:44.001  2416  3119 I Icing   : IndexChimeraService.getServiceInterface callingPackage=com.google.android.gms componentName=AppsCorpus serviceId=32
01-19 20:31:44.002  2416  3120 I Icing   : IndexChimeraService.getServiceInterface callingPackage=com.google.android.gms componentName=AppsCorpus serviceId=36
01-19 20:31:44.023  2416  4300 I Icing   : Usage reports 0 indexed 0 rejected 0 imm upload false
01-19 20:31:44.049  2416  4300 I Icing   : Usage reports 0 indexed 0 rejected 0 imm upload false
01-19 20:31:44.733  2257  2485 I chatty  : uid=10032 com.google.android.googlequicksearchbox:search expire 19 lines
01-19 20:31:44.744  1497  7919 I chatty  : uid=1041(audioserver) Binder:1497_E expire 18 lines
01-19 20:31:44.759  1497 15476 I chatty  : uid=1041(audioserver) /system/bin/audioserver expire 1 line
01-19 20:31:44.761  2257 10531 E ActivityThread: Failed to find provider info for com.google.android.apps.gsa.testing.ui.audio.recorded
01-19 20:31:44.985  2416  2888 I Icing   : Indexing 69F11263314B6AEDE5A8BD61295ED9D2E12E117D from com.google.android.gms
01-19 20:31:44.989  2416  2888 I Icing   : Indexing done 69F11263314B6AEDE5A8BD61295ED9D2E12E117D
01-19 20:31:45.054  2416  2888 I Icing   : Indexing 69F11263314B6AEDE5A8BD61295ED9D2E12E117D from com.google.android.gms
01-19 20:31:45.055  2416  2888 I Icing   : Indexing done 69F11263314B6AEDE5A8BD61295ED9D2E12E117D
01-19 20:31:45.468 15481 15481 I chatty  : uid=2000(shell) expire 6 lines
01-19 20:31:45.552  2099 15482 I NetRec  : [1017] yle.a: Refreshing scores for 1 networks.
01-19 20:31:45.594  2099 15482 W NetRec  : [1017] yle.a: Could not send request to get scores.
01-19 20:31:45.610  2099 15482 I NetRec  : [1017] NetRecChimeraGcmTaskService.a: Still entries pending update, scheduling new refresh_scores_task refresh.
01-19 20:31:45.680  2099 15489 I NetRec  : [1018] yle.a: Refreshing scores for 1 networks.
01-19 20:31:45.682  1624  2322 I ActivityManager: Force stopping com.example.trebb.currencyexchange appid=10080 user=0: start instr
01-19 20:31:45.691  2099 15489 W NetRec  : [1018] yle.a: Could not send request to get scores.
01-19 20:31:45.694  2099 15489 I NetRec  : [1018] NetRecChimeraGcmTaskService.a: Still entries pending update, scheduling new rapid_refresh_scores_task refresh.
01-19 20:31:45.696 15492 15492 I chatty  : uid=10080(com.example.trebb.currencyexchange) expire 254 lines
01-19 20:31:45.696  1624  2322 I ActivityManager: Start proc 15492:com.example.trebb.currencyexchange/u0a80 for added application com.example.trebb.currencyexchange
01-19 20:31:45.925 15492 15508 I chatty  : uid=10080(com.example.trebb.currencyexchange) expire 31 lines
01-19 20:31:46.176  1624  4586 I ActivityManager: START u0 {act=android.intent.action.MAIN flg=0x14000000 cmp=com.example.trebb.currencyexchange/.MainActivity} from uid 10080
01-19 20:31:46.214  1404  1441 I chatty  : uid=1000(system) HwBinder:1404_1 expire 15 lines
01-19 20:31:46.632  2200  2356 D EGL_emulation: eglMakeCurrent: 0xa62856c0: ver 2 0 (tinfo 0xa6283430)
01-19 20:31:46.633  2257  2606 I chatty  : uid=10032(com.google.android.googlequicksearchbox) RenderThread expire 10 lines
01-19 20:31:46.743  1414  1650 E SurfaceFlinger: ro.sf.lcd_density must be defined as a build property
01-19 20:31:46.748 15492 15512 I chatty  : uid=10080(com.example.trebb.currencyexchange) expire 17 lines
01-19 20:31:46.931  1414  1950 E SurfaceFlinger: ro.sf.lcd_density must be defined as a build property
01-19 20:31:47.326  1744  1982 D EGL_emulation: eglMakeCurrent: 0xa6285540: ver 2 0 (tinfo 0xa62833d0)
01-19 20:31:47.694  1414  1414 W SurfaceFlinger: couldn't log to binary event log: overflow.
01-19 20:31:47.695  1414  1414 W SurfaceFlinger: couldn't log to binary event log: overflow.
01-19 20:31:47.961  1624  4586 I ActivityManager: START u0 {cmp=com.example.trebb.currencyexchange/.CalculatorActivity (has extras)} from uid 10080
01-19 20:31:47.971  1396  4580 I chatty  : uid=1041(audioserver) writer expire 10 lines
01-19 20:31:47.979  2099 15174 I Places  : ?: Couldn't find platform key file.
01-19 20:31:48.007  2099 15182 I Places  : ?: PlacesBleScanner stop()
01-19 20:31:48.015  2099  2099 I BeaconBle: Scan : No clients left, canceling alarm.
01-19 20:31:48.018  2099  2099 I BeaconBle: Scan canceled successfully.
01-19 20:31:48.102  2099 15182 I PlaceInferenceEngine: [anon] Changed inference mode: 105
01-19 20:31:48.114  2099 15174 I Places  : ?: Couldn't find platform key file.
01-19 20:31:48.124  2099  2661 W GCoreFlp: No location to return for getLastLocation()
01-19 20:31:48.144  2099 15174 I Places  : ?: Couldn't find platform key file.
01-19 20:31:48.150  2099  2099 I GeofencerStateMachine: removeGeofences: removeRequest=RemoveGeofencingRequest[REMOVE_BY_PENDING_INTENT pendingIntent=PendingIntent[creatorPackage=com.google.android.gms], packageName=null]
01-19 20:31:48.182  2099 15526 I Places  : ?: Couldn't find platform key file.
01-19 20:31:48.193  2099 15525 I Places  : ?: Couldn't find platform key file.
01-19 20:31:48.272  2099  2099 I GeofencerStateMachine: removeGeofences: removeRequest=RemoveGeofencingRequest[REMOVE_BY_PENDING_INTENT pendingIntent=PendingIntent[creatorPackage=com.google.android.gms], packageName=null]
01-19 20:31:48.361 15492 15497 I chatty  : uid=10080(com.example.trebb.currencyexchange) expire 8 lines
01-19 20:31:48.430  1404  5086 I chatty  : uid=1000(system) HwBinder:1404_3 expire 10 lines
01-19 20:31:48.802  1624  2130 I chatty  : uid=1000(system) Binder:1624_8 expire 6 lines
01-19 20:31:49.167  1414  1414 D SurfaceFlinger: duplicate layer name: changing com.google.android.apps.nexuslauncher/com.google.android.apps.nexuslauncher.NexusLauncherActivity to com.google.android.apps.nexuslauncher/com.google.android.apps.nexuslauncher.NexusLauncherActivity#1
01-19 20:31:49.192  2099  2661 I chatty  : uid=10013(com.google.android.gms) FlpThread expire 10 lines
01-19 20:31:49.330  2200  2356 D EGL_emulation: eglMakeCurrent: 0xa62856c0: ver 2 0 (tinfo 0xa6283430)
01-19 20:31:49.436  1744  1982 D EGL_emulation: eglMakeCurrent: 0xa6285540: ver 2 0 (tinfo 0xa62833d0)
01-19 20:31:49.482  1744  1982 D EGL_emulation: eglMakeCurrent: 0xa6285540: ver 2 0 (tinfo 0xa62833d0)
01-19 20:31:49.496  1624  1635 I chatty  : uid=1000(system) Binder:1624_2 expire 2 lines
01-19 20:31:49.528  2257  2615 I chatty  : uid=10032 com.google.android.googlequicksearchbox:search expire 19 lines
01-19 20:31:49.585  2257 15186 I chatty  : uid=10032 com.google.android.googlequicksearchbox:search expire 30 lines
01-19 20:31:49.601  1497 15530 I chatty  : uid=1041(audioserver) /system/bin/audioserver expire 1 line
01-19 20:31:49.604  2257 15186 E ActivityThread: Failed to find provider info for com.google.android.apps.gsa.testing.ui.audio.recorded
01-19 20:31:49.634  1414  1414 E EGL_emulation: tid 1414: eglCreateSyncKHR(1962): error 0x3004 (EGL_BAD_ATTRIBUTE)
01-19 20:31:49.767  2099  4872 I chatty  : uid=10013 com.google.android.gms.persistent expire 5 lines
01-19 20:31:49.774  1744  1982 D EGL_emulation: eglMakeCurrent: 0xa6285540: ver 2 0 (tinfo 0xa62833d0)
01-19 20:31:49.847  2200  2356 W OpenGLRenderer: Incorrectly called buildLayer on View: ShortcutAndWidgetContainer, destroying layer...
01-19 20:31:49.903  2099 15531 I chatty  : uid=10013 com.google.android.gms.persistent expire 5 lines
01-19 20:31:49.950  2099 15524 I chatty  : uid=10013 com.google.android.gms.persistent expire 8 lines
01-19 20:31:50.203  1414  1414 W SurfaceFlinger: couldn't log to binary event log: overflow.
01-19 20:31:50.270 15492 15503 I chatty  : uid=10080(com.example.trebb.currencyexchange) expire 1 line
01-19 20:31:50.749  1624  1635 I ActivityManager: Force stopping com.example.trebb.currencyexchange appid=10080 user=0: finished inst
01-19 20:31:50.750  1624  1635 I ActivityManager: Killing 15492:com.example.trebb.currencyexchange/u0a80 (adj 0): stop com.example.trebb.currencyexchange
01-19 20:31:50.752  1624 15536 I chatty  : uid=1000 system_server expire 1 line
01-19 20:31:50.885  1624  1721 E TaskPersister: File error accessing recents directory (directory doesn't exist?).
01-19 20:31:50.888  1624  1645 W ActivityManager: setHasOverlayUi called on unknown pid: 15492
01-19 20:31:50.918  1624  3034 I ActivityManager: Force stopping com.example.trebb.currencyexchange appid=10080 user=0: from pid 15540
01-19 20:31:50.945  1818  1818 D CarrierSvcBindHelper: No carrier app for: 0
01-19 20:31:51.169  1396  1396 I chatty  : uid=1041(audioserver) audio@2.0-servi expire 2 lines
01-19 20:31:54.704  2257  2257 I chatty  : uid=10032 com.google.android.googlequicksearchbox:search expire 32 lines
01-19 20:31:54.713  1497 15544 I chatty  : uid=1041(audioserver) /system/bin/audioserver expire 1 line
01-19 20:31:54.719  2257 15186 E ActivityThread: Failed to find provider info for com.google.android.apps.gsa.testing.ui.audio.recorded
01-19 20:31:58.439  3895  3958 W Finsky  : [274] com.google.android.finsky.application.FinskyAppImpl.bx(1166): No account configured on this device.
01-19 20:31:58.705  3895  3958 I Finsky  : [274] com.google.android.finsky.h.c.a(22): Completed 0 account content syncs with 0 successful.
01-19 20:31:58.706  3895  3895 I Finsky  : [2] com.google.android.finsky.services.e.a(5): Installation state replication succeeded.
01-19 20:31:59.765  1497 15547 I chatty  : uid=1041(audioserver) /system/bin/audioserver expire 1 line
01-19 20:31:59.766  1497  5585 I chatty  : uid=1041(audioserver) Binder:1497_7 expire 12 lines
01-19 20:31:59.771  2257 15178 I chatty  : uid=10032 com.google.android.googlequicksearchbox:search expire 11 lines
01-19 20:32:04.833  1497 15550 I chatty  : uid=1041(audioserver) /system/bin/audioserver expire 1 line
01-19 20:32:04.836  1497  7265 I chatty  : uid=1041(audioserver) Binder:1497_B expire 14 lines
01-19 20:32:09.868  1497 15554 I chatty  : uid=1041(audioserver) /system/bin/audioserver expire 1 line
01-19 20:32:09.889  1405  1423 D hwcomposer: hw_composer sent 72 syncs in 61s
01-19 20:32:13.290  1624  1637 I chatty  : uid=1000(system) android.bg expire 10 lines
01-19 20:32:14.906  2257 15186 I chatty  : uid=10032 com.google.android.googlequicksearchbox:search expire 42 lines
01-19 20:32:14.913  1497 15557 I chatty  : uid=1041(audioserver) /system/bin/audioserver expire 1 line
01-19 20:32:14.941  2257  2257 I chatty  : uid=10032 com.google.android.googlequicksearchbox:search expire 52 lines
01-19 20:32:16.861  2099 15558 I chatty  : uid=10013 com.google.android.gms.persistent expire 3 lines
01-19 20:32:19.533  2257 10530 I chatty  : uid=10032 com.google.android.googlequicksearchbox:search expire 20 lines
01-19 20:32:19.789  1624  3034 I chatty  : uid=1000(system) Binder:1624_E expire 7 lines
01-19 20:32:19.956  1497 15561 I chatty  : uid=1041(audioserver) /system/bin/audioserver expire 1 line
01-19 20:32:22.120  1412  1412 I boot-pipe: done populating /dev/random
01-19 20:32:24.982  1497 15565 I chatty  : uid=1041(audioserver) /system/bin/audioserver expire 1 line
01-19 20:32:30.020  1497 15568 I chatty  : uid=1041(audioserver) /system/bin/audioserver expire 1 line
01-19 20:32:35.061  1497 15571 I chatty  : uid=1041(audioserver) /system/bin/audioserver expire 1 line
01-19 20:32:35.594  2099 15573 I chatty  : uid=10013 com.google.android.gms.persistent expire 3 lines
01-19 20:32:35.650  2099 15574 I chatty  : uid=10013 com.google.android.gms.persistent expire 3 lines
01-19 20:32:40.098  2257  2615 I chatty  : uid=10032 com.google.android.googlequicksearchbox:search expire 13 lines
01-19 20:32:40.104  1497 15577 I chatty  : uid=1041(audioserver) /system/bin/audioserver expire 1 line
01-19 20:32:40.114  1497  7919 I chatty  : uid=1041(audioserver) Binder:1497_E expire 24 lines
01-19 20:32:40.137  2257  2485 I chatty  : uid=10032 com.google.android.googlequicksearchbox:search expire 12 lines
01-19 20:32:45.187  1497 15580 I chatty  : uid=1041(audioserver) /system/bin/audioserver expire 1 line
01-19 20:32:47.912 15583 15583 I chatty  : uid=2000(shell) expire 6 lines
01-19 20:32:40.117  2257 15186 I chatty  : uid=10032 com.google.android.googlequicksearchbox:search identical 9 lines
01-19 20:32:45.197  2257 15186 E ActivityThread: Failed to find provider info for com.google.android.apps.gsa.testing.ui.audio.recorded
01-19 20:32:48.156  1624  3451 W WindowManager: Permission Denial: dismissKeyguard from pid=15583, uid=2000 requires android.permission.CONTROL_KEYGUARD
01-19 20:32:48.348 15593 15593 I chatty  : uid=2000(shell) expire 6 lines
01-19 20:32:48.517  1624  3451 I ActivityManager: Force stopping com.example.trebb.currencyexchange appid=10080 user=0: start instr
01-19 20:32:48.537  1624  3451 I ActivityManager: Start proc 15610:com.example.trebb.currencyexchange/u0a80 for added application com.example.trebb.currencyexchange
01-19 20:32:48.538 15610 15610 I chatty  : uid=10080(com.example.trebb.currencyexchange) expire 300 lines
01-19 20:32:48.820 15610 15625 I chatty  : uid=10080(com.example.trebb.currencyexchange) expire 61 lines
01-19 20:32:49.130  1624  3451 I ActivityManager: START u0 {act=android.intent.action.MAIN flg=0x14000000 cmp=com.example.trebb.currencyexchange/.MainActivity} from uid 10080
01-19 20:32:49.741  2200  2356 D EGL_emulation: eglMakeCurrent: 0xa62856c0: ver 2 0 (tinfo 0xa6283430)
01-19 20:32:49.928  1414  1950 E SurfaceFlinger: ro.sf.lcd_density must be defined as a build property
01-19 20:32:49.929 15610 15629 I chatty  : uid=10080(com.example.trebb.currencyexchange) expire 24 lines
01-19 20:32:50.126  1414  1650 E SurfaceFlinger: ro.sf.lcd_density must be defined as a build property
01-19 20:32:50.335  1744  1982 D EGL_emulation: eglMakeCurrent: 0xa6285540: ver 2 0 (tinfo 0xa62833d0)
01-19 20:32:50.707  1414  1414 W SurfaceFlinger: couldn't log to binary event log: overflow.
01-19 20:32:51.095  2200  2211 I zygote  : Do full code cache collection, code=249KB, data=159KB
01-19 20:32:51.095  2200  2211 I zygote  : After code cache collection, code=242KB, data=140KB
01-19 20:32:51.100  2099  2099 I chatty  : uid=10013 com.google.android.gms.persistent expire 13 lines
01-19 20:32:51.111  1414  1414 D SurfaceFlinger: duplicate layer name: changing com.google.android.apps.nexuslauncher/com.google.android.apps.nexuslauncher.NexusLauncherActivity to com.google.android.apps.nexuslauncher/com.google.android.apps.nexuslauncher.NexusLauncherActivity#1
01-19 20:32:51.126  1404  1441 I chatty  : uid=1000(system) HwBinder:1404_1 expire 15 lines
01-19 20:32:51.146  2099  2661 I chatty  : uid=10013(com.google.android.gms) FlpThread expire 12 lines
01-19 20:32:51.220  2099 15642 I chatty  : uid=10013 com.google.android.gms.persistent expire 9 lines
01-19 20:32:51.225  2099  2104 I chatty  : uid=10013(com.google.android.gms) Jit thread pool expire 3 lines
01-19 20:32:51.357  2200  2356 D EGL_emulation: eglMakeCurrent: 0xa62856c0: ver 2 0 (tinfo 0xa6283430)
01-19 20:32:51.439  2257  2263 I chatty  : uid=10032(com.google.android.googlequicksearchbox) Jit thread pool expire 3 lines
01-19 20:32:51.445  1624  2322 I chatty  : uid=1000(system) Binder:1624_D expire 1 line
01-19 20:32:51.453  2257 15178 I chatty  : uid=10032 com.google.android.googlequicksearchbox:search expire 14 lines
01-19 20:32:51.494  2257 15186 I chatty  : uid=10032 com.google.android.googlequicksearchbox:search expire 12 lines
01-19 20:32:51.506  1497 15646 I chatty  : uid=1041(audioserver) /system/bin/audioserver expire 1 line
01-19 20:32:51.508  2257 15186 E ActivityThread: Failed to find provider info for com.google.android.apps.gsa.testing.ui.audio.recorded
01-19 20:32:51.514  2257  4674 I chatty  : uid=10032(com.google.android.googlequicksearchbox) HotwordDetector expire 10 lines
01-19 20:32:51.626  1414  1414 E EGL_emulation: tid 1414: eglCreateSyncKHR(1962): error 0x3004 (EGL_BAD_ATTRIBUTE)
01-19 20:32:51.658  1744  1982 D EGL_emulation: eglMakeCurrent: 0xa6285540: ver 2 0 (tinfo 0xa62833d0)
01-19 20:32:51.679  2257  2257 I chatty  : uid=10032 com.google.android.googlequicksearchbox:search expire 56 lines
01-19 20:32:51.708  1744  1982 D EGL_emulation: eglMakeCurrent: 0xa6285540: ver 2 0 (tinfo 0xa62833d0)
01-19 20:32:51.757  1624  3034 I ActivityManager: START u0 {act=android.intent.action.MAIN flg=0x10000000 cmp=com.example.trebb.currencyexchange/.MainActivity} from uid 10080
01-19 20:32:51.762  2099 15648 I chatty  : uid=10013 com.google.android.gms.persistent expire 5 lines
01-19 20:32:51.838  2200  2356 W OpenGLRenderer: Incorrectly called buildLayer on View: ShortcutAndWidgetContainer, destroying layer...
01-19 20:32:51.868  1744  1754 I zygote  : NativeAlloc concurrent copying GC freed 2464(212KB) AllocSpace objects, 0(0B) LOS objects, 49% free, 4MB/9MB, paused 7.820ms total 157.104ms
01-19 20:32:51.932  2200  2356 D EGL_emulation: eglMakeCurrent: 0xa62856c0: ver 2 0 (tinfo 0xa6283430)
01-19 20:32:52.127 15610 15615 I chatty  : uid=10080(com.example.trebb.currencyexchange) expire 13 lines
01-19 20:32:52.231  1624  3451 D WindowManager: relayoutVisibleWindow: Window{dbaaf0d u0 com.google.android.apps.nexuslauncher/com.google.android.apps.nexuslauncher.NexusLauncherActivity EXITING} mAnimatingExit=true, mRemoveOnExit=false, mDestroying=false
01-19 20:32:52.280  1414  1414 E EGL_emulation: tid 1414: eglCreateSyncKHR(1962): error 0x3004 (EGL_BAD_ATTRIBUTE)
01-19 20:32:52.328  1404  1442 I chatty  : uid=1000(system) HwBinder:1404_2 expire 9 lines
01-19 20:32:52.360  2200  2356 D EGL_emulation: eglMakeCurrent: 0xa62856c0: ver 2 0 (tinfo 0xa6283430)
01-19 20:32:52.421  2257 15177 I chatty  : uid=10032 com.google.android.googlequicksearchbox:search expire 17 lines
01-19 20:32:52.430  2257 15162 I chatty  : uid=10032 com.google.android.googlequicksearchbox:search expire 54 lines
01-19 20:32:52.452  1497 15656 I chatty  : uid=1041(audioserver) /system/bin/audioserver expire 1 line
01-19 20:32:52.455  2257 15162 E ActivityThread: Failed to find provider info for com.google.android.apps.gsa.testing.ui.audio.recorded
01-19 20:32:52.539  1624  3034 I ActivityManager: START u0 {act=android.intent.action.MAIN flg=0x10000000 cmp=com.example.trebb.currencyexchange/.MainActivity} from uid 10080
01-19 20:32:52.694  1414  1414 D SurfaceFlinger: duplicate layer name: changing com.example.trebb.currencyexchange/com.example.trebb.currencyexchange.MainActivity to com.example.trebb.currencyexchange/com.example.trebb.currencyexchange.MainActivity#1
01-19 20:32:52.709  1414  1430 E SurfaceFlinger: Failed to find layer (com.example.trebb.currencyexchange/com.example.trebb.currencyexchange.MainActivity#0) in layer parent (no-parent).
01-19 20:32:52.734  2200  2356 D EGL_emulation: eglMakeCurrent: 0xa62856c0: ver 2 0 (tinfo 0xa6283430)
01-19 20:32:52.745 15610 15621 I chatty  : uid=10080(com.example.trebb.currencyexchange) expire 1 line
01-19 20:32:52.923  1624  3034 D WindowManager: relayoutVisibleWindow: Window{bbfd352 u0 com.google.android.apps.nexuslauncher/com.google.android.apps.nexuslauncher.NexusLauncherActivity EXITING} mAnimatingExit=true, mRemoveOnExit=false, mDestroying=false
01-19 20:32:52.966  1414  1414 E EGL_emulation: tid 1414: eglCreateSyncKHR(1962): error 0x3004 (EGL_BAD_ATTRIBUTE)
01-19 20:32:52.970  1624  3034 I WindowManager: Queue is too deep! Purged item with taskid=26
01-19 20:32:52.993  1404  5086 I chatty  : uid=1000(system) HwBinder:1404_3 expire 3 lines
01-19 20:32:53.056  2200  2356 D EGL_emulation: eglMakeCurrent: 0xa62856c0: ver 2 0 (tinfo 0xa6283430)
01-19 20:32:53.057  2200  2356 W OpenGLRenderer: Incorrectly called buildLayer on View: ShortcutAndWidgetContainer, destroying layer...
01-19 20:32:53.072  1497 15662 I chatty  : uid=1041(audioserver) /system/bin/audioserver expire 1 line
01-19 20:32:53.076  1744  1767 I zygote  : Waiting for a blocking GC ProfileSaver
01-19 20:32:53.081  2257 15162 E ActivityThread: Failed to find provider info for com.google.android.apps.gsa.testing.ui.audio.recorded
01-19 20:32:53.108  1744  1767 I zygote  : WaitForGcToComplete blocked ProfileSaver on HeapTrim for 31.694ms
01-19 20:32:53.112  2257 15647 I chatty  : uid=10032 com.google.android.googlequicksearchbox:search expire 14 lines
01-19 20:32:53.255  1624  3034 I ActivityManager: START u0 {act=android.intent.action.MAIN flg=0x10000000 cmp=com.example.trebb.currencyexchange/.MainActivity} from uid 10080
01-19 20:32:53.424  1404  1442 I chatty  : uid=1000(system) HwBinder:1404_2 expire 12 lines
01-19 20:32:53.443  1414  1950 E SurfaceFlinger: Failed to find layer (com.example.trebb.currencyexchange/com.example.trebb.currencyexchange.MainActivity#1) in layer parent (no-parent).
01-19 20:32:53.466  2200  2356 D EGL_emulation: eglMakeCurrent: 0xa62856c0: ver 2 0 (tinfo 0xa6283430)
01-19 20:32:53.668  1624  1635 D WindowManager: relayoutVisibleWindow: Window{dbaaf0d u0 com.google.android.apps.nexuslauncher/com.google.android.apps.nexuslauncher.NexusLauncherActivity EXITING} mAnimatingExit=true, mRemoveOnExit=false, mDestroying=false
01-19 20:32:53.717  1414  1414 E EGL_emulation: tid 1414: eglCreateSyncKHR(1962): error 0x3004 (EGL_BAD_ATTRIBUTE)
01-19 20:32:53.721  1624  1635 I WindowManager: Queue is too deep! Purged item with taskid=27
01-19 20:32:53.762  1404  1441 I chatty  : uid=1000(system) HwBinder:1404_1 expire 9 lines
01-19 20:32:53.807  2200  2356 D EGL_emulation: eglMakeCurrent: 0xa62856c0: ver 2 0 (tinfo 0xa6283430)
01-19 20:32:53.809  2200  2356 W OpenGLRenderer: Incorrectly called buildLayer on View: ShortcutAndWidgetContainer, destroying layer...
01-19 20:32:53.890  1497 15668 I chatty  : uid=1041(audioserver) /system/bin/audioserver expire 1 line
01-19 20:32:53.908  2257 15162 E ActivityThread: Failed to find provider info for com.google.android.apps.gsa.testing.ui.audio.recorded
01-19 20:32:54.035  1624  2322 I ActivityManager: START u0 {act=android.intent.action.MAIN flg=0x10000000 cmp=com.example.trebb.currencyexchange/.MainActivity} from uid 10080
01-19 20:32:54.164  1414  1429 E SurfaceFlinger: Failed to find layer (com.example.trebb.currencyexchange/com.example.trebb.currencyexchange.MainActivity#0) in layer parent (no-parent).
01-19 20:32:54.180  2257  2606 I chatty  : uid=10032(com.google.android.googlequicksearchbox) RenderThread expire 10 lines
01-19 20:32:54.190  2200  2356 D EGL_emulation: eglMakeCurrent: 0xa62856c0: ver 2 0 (tinfo 0xa6283430)
01-19 20:32:54.478  1624  3034 I ActivityManager: START u0 {cmp=com.example.trebb.currencyexchange/.CalculatorActivity (has extras)} from uid 10080
01-19 20:32:54.491  1396  4580 I chatty  : uid=1041(audioserver) writer expire 11 lines
01-19 20:32:54.621  1744  1982 D EGL_emulation: eglMakeCurrent: 0xa6285540: ver 2 0 (tinfo 0xa62833d0)
01-19 20:32:54.636  1744  1982 D EGL_emulation: eglMakeCurrent: 0xa6285540: ver 2 0 (tinfo 0xa62833d0)
01-19 20:32:55.264  1744  1982 D EGL_emulation: eglMakeCurrent: 0xa6285540: ver 2 0 (tinfo 0xa62833d0)
01-19 20:32:55.286  1414  1414 E EGL_emulation: tid 1414: eglCreateSyncKHR(1962): error 0x3004 (EGL_BAD_ATTRIBUTE)
01-19 20:32:55.290  1624  4455 I WindowManager: Queue is too deep! Purged item with taskid=28
01-19 20:32:55.300  1744  1982 D EGL_emulation: eglMakeCurrent: 0xa6285540: ver 2 0 (tinfo 0xa62833d0)
01-19 20:32:55.325  1404  5086 I chatty  : uid=1000(system) HwBinder:1404_3 expire 2 lines
01-19 20:32:55.343  1404  1442 I chatty  : uid=1000(system) HwBinder:1404_2 expire 10 lines
01-19 20:32:55.377  2200  2356 D EGL_emulation: eglMakeCurrent: 0xa62856c0: ver 2 0 (tinfo 0xa6283430)
01-19 20:32:55.377  2200  2356 W OpenGLRenderer: Incorrectly called buildLayer on View: ShortcutAndWidgetContainer, destroying layer...
01-19 20:32:55.420  1497 15676 I chatty  : uid=1041(audioserver) /system/bin/audioserver expire 1 line
01-19 20:32:55.437  2257 15162 E ActivityThread: Failed to find provider info for com.google.android.apps.gsa.testing.ui.audio.recorded
01-19 20:32:55.471  2257  2615 I chatty  : uid=10032 com.google.android.googlequicksearchbox:search expire 11 lines
01-19 20:32:55.761  1414  1414 W SurfaceFlinger: couldn't log to binary event log: overflow.
01-19 20:32:55.891  2200  2356 W OpenGLRenderer: Incorrectly called buildLayer on View: ShortcutAndWidgetContainer, destroying layer...
01-19 20:32:55.923  1624  1635 I ActivityManager: Force stopping com.example.trebb.currencyexchange appid=10080 user=0: finished inst
01-19 20:32:55.923  1624  1635 I ActivityManager: Killing 15610:com.example.trebb.currencyexchange/u0a80 (adj 0): stop com.example.trebb.currencyexchange
01-19 20:32:55.924  1624 15680 I chatty  : uid=1000 system_server expire 1 line
01-19 20:32:56.002  1624  1645 W ActivityManager: setHasOverlayUi called on unknown pid: 15610
01-19 20:32:56.042  1624  1635 I ActivityManager: Force stopping com.example.trebb.currencyexchange appid=10080 user=0: from pid 15684
01-19 20:32:56.053  1818  1818 D CarrierSvcBindHelper: No carrier app for: 0
01-19 20:32:56.230  1624  4683 I chatty  : uid=1000(system) RenderThread expire 12 lines
01-19 20:32:56.501  1624  1721 E TaskPersister: File error accessing recents directory (directory doesn't exist?).
01-19 20:32:57.702  1396  1563 I chatty  : uid=1041(audioserver) HwBinder:1396_1 expire 1 line
01-19 20:33:00.011  1744  1982 D EGL_emulation: eglMakeCurrent: 0xa6285540: ver 2 0 (tinfo 0xa62833d0)
01-19 20:33:00.484  1497 15689 I chatty  : uid=1041(audioserver) /system/bin/audioserver expire 1 line
01-19 20:33:00.487  2257 15162 E ActivityThread: Failed to find provider info for com.google.android.apps.gsa.testing.ui.audio.recorded
01-19 20:33:05.504  1497 15692 I chatty  : uid=1041(audioserver) /system/bin/audioserver expire 1 line
01-19 20:33:05.676  1624  1637 I chatty  : uid=1000(system) android.bg expire 10 lines
01-19 20:33:05.745  2099 15693 I chatty  : uid=10013 com.google.android.gms.persistent expire 3 lines
01-19 20:33:10.534  1497 15696 I chatty  : uid=1041(audioserver) /system/bin/audioserver expire 1 line
01-19 20:33:10.543  1405  1423 D hwcomposer: hw_composer sent 72 syncs in 61s
01-19 20:33:15.574  1497 15700 I chatty  : uid=1041(audioserver) /system/bin/audioserver expire 1 line
01-19 20:33:15.576  1497  7919 I chatty  : uid=1041(audioserver) Binder:1497_E expire 15 lines
01-19 20:33:15.579  2257  2257 I chatty  : uid=10032 com.google.android.googlequicksearchbox:search expire 77 lines
