01-19 20:33:15.580  2257 15647 I chatty  : uid=10032 com.google.android.googlequicksearchbox:search expire 25 lines
01-19 20:33:20.791  1497 15703 I chatty  : uid=1041(audioserver) /system/bin/audioserver expire 1 line
01-19 20:33:20.817  2257  2615 I chatty  : uid=10032 com.google.android.googlequicksearchbox:search expire 35 lines
01-19 20:33:21.465  2099  2661 I chatty  : uid=10013(com.google.android.gms) FlpThread expire 10 lines
01-19 20:33:22.122  1412  1412 I boot-pipe: done populating /dev/random
01-19 20:33:25.829  2257 15162 I chatty  : uid=10032 com.google.android.googlequicksearchbox:search expire 61 lines
01-19 20:33:25.835  1497 15707 I chatty  : uid=1041(audioserver) /system/bin/audioserver expire 1 line
01-19 20:33:25.840  2257  4674 I chatty  : uid=10032(com.google.android.googlequicksearchbox) HotwordDetector expire 11 lines
01-19 20:33:30.866  1497 15710 I chatty  : uid=1041(audioserver) /system/bin/audioserver expire 1 line
01-19 20:33:35.823  2099 15711 I chatty  : uid=10013 com.google.android.gms.persistent expire 3 lines
01-19 20:33:35.917  1497 15714 I chatty  : uid=1041(audioserver) /system/bin/audioserver expire 1 line
01-19 20:33:35.921  1497  7265 I chatty  : uid=1041(audioserver) Binder:1497_B expire 16 lines
01-19 20:33:40.968  1497 15717 I chatty  : uid=1041(audioserver) /system/bin/audioserver expire 1 line
01-19 20:33:45.990  1497 15720 I chatty  : uid=1041(audioserver) /system/bin/audioserver expire 1 line
01-19 20:33:51.015  1497 15723 I chatty  : uid=1041(audioserver) /system/bin/audioserver expire 1 line
01-19 20:33:56.084  1497 15726 I chatty  : uid=1041(audioserver) /system/bin/audioserver expire 1 line
01-19 20:33:56.162  2257 10530 I chatty  : uid=10032 com.google.android.googlequicksearchbox:search expire 10 lines
01-19 20:34:01.178  1497 15729 I chatty  : uid=1041(audioserver) /system/bin/audioserver expire 1 line
01-19 20:34:05.898  2099 15730 I chatty  : uid=10013 com.google.android.gms.persistent expire 3 lines
01-19 20:34:06.216  1497 15733 I chatty  : uid=1041(audioserver) /system/bin/audioserver expire 1 line
01-19 20:34:08.544  1624  1641 I chatty  : uid=1000(system) batterystats-wo expire 4 lines
01-19 20:34:01.183  2257 15162 I chatty  : uid=10032 com.google.android.googlequicksearchbox:search identical 12 lines
01-19 20:34:06.221  2257 15162 E ActivityThread: Failed to find provider info for com.google.android.apps.gsa.testing.ui.audio.recorded
01-19 20:34:08.552  1624  1641 E KernelCpuSpeedReader: Failed to read cpu-freq: /sys/devices/system/cpu/cpu0/cpufreq/stats/time_in_state (No such file or directory)
01-19 20:34:08.554  1624  1641 E BatteryExternalStatsWorker: modem info is invalid: ModemActivityInfo{ mTimestamp=0 mSleepTimeMs=0 mIdleTimeMs=0 mTxTimeMs[]=[0, 0, 0, 0, 0] mRxTimeMs=0 mEnergyUsed=0}
01-19 20:34:11.253  1497 15736 I chatty  : uid=1041(audioserver) /system/bin/audioserver expire 1 line
01-19 20:34:11.256  1405  1423 D hwcomposer: hw_composer sent 84 syncs in 60s
01-19 20:34:11.257  2257 15162 E ActivityThread: Failed to find provider info for com.google.android.apps.gsa.testing.ui.audio.recorded
01-19 20:34:11.258  2257  2257 I chatty  : uid=10032 com.google.android.googlequicksearchbox:search expire 28 lines
01-19 20:34:16.287  1497  7265 I chatty  : uid=1041(audioserver) Binder:1497_B expire 9 lines
01-19 20:34:16.287  2257 15162 I chatty  : uid=10032 com.google.android.googlequicksearchbox:search expire 29 lines
01-19 20:34:16.288  1497 15739 I chatty  : uid=1041(audioserver) /system/bin/audioserver expire 1 line
01-19 20:34:21.317  1497 15742 I chatty  : uid=1041(audioserver) /system/bin/audioserver expire 1 line
01-19 20:34:21.320  1497  7919 I chatty  : uid=1041(audioserver) Binder:1497_E expire 6 lines
01-19 20:34:21.327  2257 15647 I chatty  : uid=10032 com.google.android.googlequicksearchbox:search expire 11 lines
01-19 20:34:21.327  2257  4674 I chatty  : uid=10032(com.google.android.googlequicksearchbox) HotwordDetector expire 10 lines
01-19 20:34:22.124  1412  1412 I boot-pipe: done populating /dev/random
01-19 20:34:26.375  1497 15746 I chatty  : uid=1041(audioserver) /system/bin/audioserver expire 1 line
01-19 20:34:30.294 15749 15749 I chatty  : uid=2000(shell) expire 6 lines
01-19 20:34:21.324  2257 15162 I chatty  : uid=10032 com.google.android.googlequicksearchbox:search identical 2 lines
01-19 20:34:26.411  2257 15162 E ActivityThread: Failed to find provider info for com.google.android.apps.gsa.testing.ui.audio.recorded
01-19 20:34:30.541  1624  2322 W WindowManager: Permission Denial: dismissKeyguard from pid=15749, uid=2000 requires android.permission.CONTROL_KEYGUARD
01-19 20:34:30.588 15759 15759 I chatty  : uid=2000(shell) expire 6 lines
01-19 20:34:30.864  1624  2322 I ActivityManager: Force stopping com.example.trebb.currencyexchange appid=10080 user=0: start instr
01-19 20:34:30.873 15776 15776 I chatty  : uid=10080(com.example.trebb.currencyexchange) expire 259 lines
01-19 20:34:30.877  1624  2322 I ActivityManager: Start proc 15776:com.example.trebb.currencyexchange/u0a80 for added application com.example.trebb.currencyexchange
01-19 20:34:31.439  1497 15794 I chatty  : uid=1041(audioserver) /system/bin/audioserver expire 1 line
01-19 20:34:31.447  2257 15162 E ActivityThread: Failed to find provider info for com.google.android.apps.gsa.testing.ui.audio.recorded
01-19 20:34:31.473  2257  2257 I chatty  : uid=10032 com.google.android.googlequicksearchbox:search expire 14 lines
01-19 20:34:31.823 15795 15795 I chatty  : uid=2000(shell) expire 7 lines
01-19 20:34:31.896 15795 15804 I chatty  : uid=2000(shell) expire 1 line
01-19 20:34:32.120 15776 15783 I chatty  : uid=10080(com.example.trebb.currencyexchange) expire 1 line
01-19 20:34:32.283 15814 15814 I chatty  : uid=2000(shell) expire 7 lines
01-19 20:34:35.023 15776 15831 I chatty  : uid=10080(com.example.trebb.currencyexchange) expire 51 lines
01-19 20:34:36.099  2099 15833 I chatty  : uid=10013 com.google.android.gms.persistent expire 3 lines
01-19 20:34:36.194  1624  4455 I ActivityManager: START u0 {act=android.intent.action.MAIN flg=0x14000000 cmp=com.example.trebb.currencyexchange/.MainActivity} from uid 10080
01-19 20:34:36.866  2200  2356 D EGL_emulation: eglMakeCurrent: 0xa62856c0: ver 2 0 (tinfo 0xa6283430)
01-19 20:34:37.024  1414  1468 E SurfaceFlinger: ro.sf.lcd_density must be defined as a build property
01-19 20:34:37.030 15776 15836 I chatty  : uid=10080(com.example.trebb.currencyexchange) expire 19 lines
01-19 20:34:37.353  1414  1468 E SurfaceFlinger: ro.sf.lcd_density must be defined as a build property
01-19 20:34:37.462  1744  1982 D EGL_emulation: eglMakeCurrent: 0xa6285540: ver 2 0 (tinfo 0xa62833d0)
01-19 20:34:37.473  1744  1982 D EGL_emulation: eglMakeCurrent: 0xa6285540: ver 2 0 (tinfo 0xa62833d0)
01-19 20:34:37.521  1744  1982 D EGL_emulation: eglMakeCurrent: 0xa6285540: ver 2 0 (tinfo 0xa62833d0)
01-19 20:34:37.824  1624  1645 I chatty  : uid=1000(system) android.display expire 9 lines
01-19 20:34:38.248  1414  1414 W SurfaceFlinger: couldn't log to binary event log: overflow.
01-19 20:34:38.249  1414  1414 W SurfaceFlinger: couldn't log to binary event log: overflow.
01-19 20:34:38.493  1414  1414 D SurfaceFlinger: duplicate layer name: changing com.google.android.apps.nexuslauncher/com.google.android.apps.nexuslauncher.NexusLauncherActivity to com.google.android.apps.nexuslauncher/com.google.android.apps.nexuslauncher.NexusLauncherActivity#1
01-19 20:34:38.551  2099  2099 I chatty  : uid=10013 com.google.android.gms.persistent expire 12 lines
01-19 20:34:38.608  1414  1430 E IPCThreadState: binder thread pool (4 threads) starved for 105 ms
01-19 20:34:38.609  2099 15847 I chatty  : uid=10013 com.google.android.gms.persistent expire 6 lines
01-19 20:34:38.716  2200  2356 D EGL_emulation: eglMakeCurrent: 0xa62856c0: ver 2 0 (tinfo 0xa6283430)
01-19 20:34:38.918  1414  1414 E EGL_emulation: tid 1414: eglCreateSyncKHR(1962): error 0x3004 (EGL_BAD_ATTRIBUTE)
01-19 20:34:38.919  1744  1982 D EGL_emulation: eglMakeCurrent: 0xa6285540: ver 2 0 (tinfo 0xa62833d0)
01-19 20:34:38.927  2257 15177 I chatty  : uid=10032 com.google.android.googlequicksearchbox:search expire 11 lines
01-19 20:34:38.956  1744  1982 D EGL_emulation: eglMakeCurrent: 0xa6285540: ver 2 0 (tinfo 0xa62833d0)
01-19 20:34:39.054  1497 15851 I chatty  : uid=1041(audioserver) /system/bin/audioserver expire 1 line
01-19 20:34:39.056  2257 15162 E ActivityThread: Failed to find provider info for com.google.android.apps.gsa.testing.ui.audio.recorded
01-19 20:34:39.122  2257 10530 I chatty  : uid=10032 com.google.android.googlequicksearchbox:search expire 12 lines
01-19 20:34:39.126  1744  1754 I zygote  : NativeAlloc concurrent copying GC freed 2399(205KB) AllocSpace objects, 0(0B) LOS objects, 50% free, 4MB/9MB, paused 772us total 142.721ms
01-19 20:34:39.136  1744  1982 D EGL_emulation: eglMakeCurrent: 0xa6285540: ver 2 0 (tinfo 0xa62833d0)
01-19 20:34:39.148  1744  1982 D EGL_emulation: eglMakeCurrent: 0xa6285540: ver 2 0 (tinfo 0xa62833d0)
01-19 20:34:39.224  2200  2356 W OpenGLRenderer: Incorrectly called buildLayer on View: ShortcutAndWidgetContainer, destroying layer...
01-19 20:34:39.253  2099  2109 I chatty  : uid=10013(com.google.android.gms) HeapTaskDaemon expire 1 line
01-19 20:34:39.287  1624  4586 I ActivityManager: START u0 {act=android.intent.action.MAIN flg=0x10000000 cmp=com.example.trebb.currencyexchange/.MainActivity} from uid 10080
01-19 20:34:39.396  1404  1442 D gralloc_ranchu: gralloc_alloc: Creating ashmem region of size 8298496
01-19 20:34:39.400  2099 15854 I chatty  : uid=10013 com.google.android.gms.persistent expire 5 lines
01-19 20:34:39.423  2099 15857 I chatty  : uid=10013 com.google.android.gms.persistent expire 4 lines
01-19 20:34:39.468 15776 15781 I chatty  : uid=10080(com.example.trebb.currencyexchange) expire 10 lines
01-19 20:34:39.587  2200  2356 D EGL_emulation: eglMakeCurrent: 0xa62856c0: ver 2 0 (tinfo 0xa6283430)
01-19 20:34:39.694  1404  1442 D gralloc_ranchu: gralloc_alloc: Creating ashmem region of size 8298496
01-19 20:34:39.706  1404  5086 D gralloc_ranchu: gralloc_alloc: Creating ashmem region of size 8298496
01-19 20:34:39.721  1404  5086 D gralloc_ranchu: gralloc_alloc: Creating ashmem region of size 8298496
01-19 20:34:40.134  1744  1982 D EGL_emulation: eglMakeCurrent: 0xa6285540: ver 2 0 (tinfo 0xa62833d0)
01-19 20:34:40.142  1744  1982 D EGL_emulation: eglMakeCurrent: 0xa6285540: ver 2 0 (tinfo 0xa62833d0)
01-19 20:34:40.549  1624  4683 I chatty  : uid=1000(system) RenderThread expire 16 lines
01-19 20:34:40.571  1414  1414 W SurfaceFlinger: couldn't log to binary event log: overflow.
01-19 20:34:41.040  1624  1721 E TaskPersister: File error accessing recents directory (directory doesn't exist?).
01-19 20:34:43.283  1404  5086 D gralloc_ranchu: gralloc_alloc: Creating ashmem region of size 8298496
01-19 20:34:43.327  1404  1442 D gralloc_ranchu: gralloc_alloc: Creating ashmem region of size 8298496
01-19 20:34:43.331  2099  2661 I chatty  : uid=10013(com.google.android.gms) FlpThread expire 11 lines
01-19 20:34:43.362  1414  1414 D SurfaceFlinger: duplicate layer name: changing com.google.android.apps.nexuslauncher/com.google.android.apps.nexuslauncher.NexusLauncherActivity to com.google.android.apps.nexuslauncher/com.google.android.apps.nexuslauncher.NexusLauncherActivity#1
01-19 20:34:43.425  1404  5086 D gralloc_ranchu: gralloc_alloc: Creating ashmem region of size 8298496
01-19 20:34:43.434  1404  1442 D gralloc_ranchu: gralloc_alloc: Creating ashmem region of size 8298496
01-19 20:34:43.511  1404  1442 D gralloc_ranchu: gralloc_alloc: Creating ashmem region of size 8298496
01-19 20:34:43.542  1404  1442 D gralloc_ranchu: gralloc_alloc: Creating ashmem region of size 8298496
01-19 20:34:43.823  2200  2200 I Choreographer: Skipped 30 frames!  The application may be doing too much work on its main thread.
01-19 20:34:43.865  2200  2356 D EGL_emulation: eglMakeCurrent: 0xa62856c0: ver 2 0 (tinfo 0xa6283430)
01-19 20:34:43.879  2257  2257 I chatty  : uid=10032 com.google.android.googlequicksearchbox:search expire 13 lines
01-19 20:34:43.974  1497 15862 I chatty  : uid=1041(audioserver) /system/bin/audioserver expire 1 line
01-19 20:34:43.994  2257 15186 E ActivityThread: Failed to find provider info for com.google.android.apps.gsa.testing.ui.audio.recorded
01-19 20:34:44.065  1744  1982 D EGL_emulation: eglMakeCurrent: 0xa6285540: ver 2 0 (tinfo 0xa62833d0)
01-19 20:34:44.074  1404  1442 D gralloc_ranchu: gralloc_alloc: Creating ashmem region of size 8298496
01-19 20:34:44.108  1744  1982 D EGL_emulation: eglMakeCurrent: 0xa6285540: ver 2 0 (tinfo 0xa62833d0)
01-19 20:34:44.203  1414  1414 E EGL_emulation: tid 1414: eglCreateSyncKHR(1962): error 0x3004 (EGL_BAD_ATTRIBUTE)
01-19 20:34:44.255  1744  1755 D         : HostConnection::get() New Host Connection established 0x95469400, tid 1755
01-19 20:34:44.355  2200  2356 W OpenGLRenderer: Incorrectly called buildLayer on View: ShortcutAndWidgetContainer, destroying layer...
01-19 20:34:44.522 15776 15776 I chatty  : uid=10080(com.example.trebb.currencyexchange) expire 18 lines
01-19 20:34:44.574  1624  3034 I ActivityManager: START u0 {act=android.intent.action.MAIN flg=0x10000000 cmp=com.example.trebb.currencyexchange/.MainActivity} from uid 10080
01-19 20:34:44.791 15776 15787 I chatty  : uid=10080(com.example.trebb.currencyexchange) expire 2 lines
01-19 20:34:45.443  1624  1668 I chatty  : uid=1000(system) android.anim expire 10 lines
01-19 20:34:45.857  1404  1442 D gralloc_ranchu: gralloc_alloc: Creating ashmem region of size 8298496
01-19 20:34:45.877  1404  5086 D gralloc_ranchu: gralloc_alloc: Creating ashmem region of size 8298496
01-19 20:34:45.989  1404  1442 D gralloc_ranchu: gralloc_alloc: Creating ashmem region of size 8298496
01-19 20:34:46.045  1404  1442 D gralloc_ranchu: gralloc_alloc: Creating ashmem region of size 8298496
01-19 20:34:52.948  1414  1429 W SurfaceFlinger: setTransactionState timed out waiting for previous animation frame
01-19 20:34:54.125  2200  2356 D EGL_emulation: eglMakeCurrent: 0xa62856c0: ver 2 0 (tinfo 0xa6283430)
01-19 20:34:54.627  1624  1638 W ActivityManager: Launch timeout has expired, giving up wake lock!
01-19 20:34:54.749  1624  1721 E TaskPersister: File error accessing recents directory (directory doesn't exist?).
01-19 20:34:56.740 15776 15831 I chatty  : uid=10080(com.example.trebb.currencyexchange) expire 46 lines
01-19 20:34:56.822  1624  2130 D WindowManager: relayoutVisibleWindow: Window{bbfd352 u0 com.google.android.apps.nexuslauncher/com.google.android.apps.nexuslauncher.NexusLauncherActivity EXITING} mAnimatingExit=true, mRemoveOnExit=false, mDestroying=false
01-19 20:34:57.982  1404  1442 D gralloc_ranchu: gralloc_alloc: Creating ashmem region of size 8298496
01-19 20:34:59.429  1414  1414 E EGL_emulation: tid 1414: eglCreateSyncKHR(1962): error 0x3004 (EGL_BAD_ATTRIBUTE)
01-19 20:34:59.989  1404  1442 D gralloc_ranchu: gralloc_alloc: Creating ashmem region of size 8298496
01-19 20:35:00.116  1414  1650 E IPCThreadState: binder thread pool (4 threads) starved for 125 ms
01-19 20:35:00.116  1404  5086 D gralloc_ranchu: gralloc_alloc: Creating ashmem region of size 8298496
01-19 20:35:01.420  1404  1442 D gralloc_ranchu: gralloc_alloc: Creating ashmem region of size 8298496
01-19 20:35:01.420  1404  5086 D gralloc_ranchu: gralloc_alloc: Creating ashmem region of size 8298496
01-19 20:35:02.182  1404  1441 D gralloc_ranchu: gralloc_alloc: Creating ashmem region of size 8298496
01-19 20:35:02.224  1404  5086 D gralloc_ranchu: gralloc_alloc: Creating ashmem region of size 8298496
01-19 20:35:02.505  1414  1950 E IPCThreadState: binder thread pool (4 threads) starved for 2389 ms
01-19 20:35:02.827  1405 15868 D         : HostConnection::get() New Host Connection established 0xaa6a3980, tid 15868
01-19 20:35:02.831  1744  1934 D         : HostConnection::get() New Host Connection established 0xa62884c0, tid 1934
01-19 20:35:02.833  2200  2200 I Choreographer: Skipped 354 frames!  The application may be doing too much work on its main thread.
01-19 20:35:03.140  2200  2356 D EGL_emulation: eglMakeCurrent: 0xa62856c0: ver 2 0 (tinfo 0xa6283430)
01-19 20:35:03.357  1744  1982 D EGL_emulation: eglMakeCurrent: 0xa6285540: ver 2 0 (tinfo 0xa62833d0)
01-19 20:35:03.358  2257 15162 I chatty  : uid=10032 com.google.android.googlequicksearchbox:search expire 12 lines
01-19 20:35:03.594  2200  2241 D SharedPreferencesImpl: Time required to fsync /data/user/0/com.google.android.apps.nexuslauncher/shared_prefs/reflection.private.properties.xml: [<1: 0, <2: 0, <4: 1, <8: 13, <16: 13, <32: 3, <64: 1, <128: 0, <256: 0, <512: 1, <1024: 0, <2048: 0, <4096: 0, <8192: 0, <16384: 0, >=16384: 0]
01-19 20:35:03.912  1497 15871 I chatty  : uid=1041(audioserver) /system/bin/audioserver expire 1 line
01-19 20:35:04.004  2257 15162 E ActivityThread: Failed to find provider info for com.google.android.apps.gsa.testing.ui.audio.recorded
01-19 20:35:04.265  2257  2257 I chatty  : uid=10032 com.google.android.googlequicksearchbox:search expire 10 lines
01-19 20:35:04.371  1744  1754 I zygote  : NativeAlloc concurrent copying GC freed 185(69KB) AllocSpace objects, 0(0B) LOS objects, 49% free, 4MB/9MB, paused 930us total 117.076ms
01-19 20:35:04.571  2200  2200 I Choreographer: Skipped 96 frames!  The application may be doing too much work on its main thread.
01-19 20:35:06.458  2200  2200 I Choreographer: Skipped 108 frames!  The application may be doing too much work on its main thread.
01-19 20:35:06.573  2200  2356 W OpenGLRenderer: Incorrectly called buildLayer on View: ShortcutAndWidgetContainer, destroying layer...
01-19 20:35:06.892  1624  2322 I ActivityManager: START u0 {act=android.intent.action.MAIN flg=0x10000000 cmp=com.example.trebb.currencyexchange/.MainActivity} from uid 10080
01-19 20:35:07.498  1624  1639 W Looper  : Dispatch took 168ms on android.ui, h=Handler (com.android.server.am.ActivityManagerService$UiHandler) {3dd8723} cb=null msg=31
01-19 20:35:08.704  1404  5086 D gralloc_ranchu: gralloc_alloc: Creating ashmem region of size 8298496
01-19 20:35:08.853 15776 15776 I chatty  : uid=10080(com.example.trebb.currencyexchange) expire 13 lines
01-19 20:35:08.995  2257  2615 I chatty  : uid=10032 com.google.android.googlequicksearchbox:search expire 2 lines
01-19 20:35:12.863  5867 15875 I SetupWizard: [DeferredSetupNotificationSchedulerService] Deferred notification scheduled at Sat Jan 19 16:50:10 GMT+00:00 2019
01-19 20:35:13.360  1405  1423 D hwcomposer: hw_composer sent 120 syncs in 62s
01-19 20:35:13.906  1414  1414 D SurfaceFlinger: duplicate layer name: changing com.example.trebb.currencyexchange/com.example.trebb.currencyexchange.MainActivity to com.example.trebb.currencyexchange/com.example.trebb.currencyexchange.MainActivity#1
01-19 20:35:15.365  1404  5086 D gralloc_ranchu: gralloc_alloc: Creating ashmem region of size 8298496
01-19 20:35:15.487  1624  1721 E TaskPersister: File error accessing recents directory (directory doesn't exist?).
01-19 20:35:15.553  2099 15876 I chatty  : uid=10013 com.google.android.gms.persistent expire 3 lines
01-19 20:35:15.575  1404  5086 D gralloc_ranchu: gralloc_alloc: Creating ashmem region of size 8298496
01-19 20:35:15.580  1624  1695 I chatty  : uid=1000(system) NetworkPolicy expire 3 lines
01-19 20:35:15.582  1624  1695 D NetworkStats: Resolving plan for NetworkTemplate: matchRule=MOBILE_ALL, subscriberId=310260..., matchSubscriberIds=[310260...]
01-19 20:35:15.588  1624  1695 D NetworkStats: Found active matching subId 1
01-19 20:35:15.912  1404  5086 D gralloc_ranchu: gralloc_alloc: Creating ashmem region of size 8298496
01-19 20:35:15.918  1624  1695 D NetworkStats: Resolved to plan null
01-19 20:35:16.001  2200  2356 D EGL_emulation: eglMakeCurrent: 0xa62856c0: ver 2 0 (tinfo 0xa6283430)
01-19 20:35:16.237  1744  1744 W StaticLayout: maxLineHeight should not be -1.  maxLines:1 lineCount:1
01-19 20:35:16.759  1744  1744 W StaticLayout: maxLineHeight should not be -1.  maxLines:1 lineCount:1
01-19 20:35:16.760  1744  1744 W StaticLayout: maxLineHeight should not be -1.  maxLines:1 lineCount:1
01-19 20:35:17.039  1405  1437 D         : HostConnection::get() New Host Connection established 0xa9897000, tid 1437
01-19 20:35:17.240  1624  1638 W ActivityManager: Launch timeout has expired, giving up wake lock!
01-19 20:35:18.583  2099  2099 I chatty  : uid=10013 com.google.android.gms.persistent expire 10 lines
01-19 20:35:18.588  1414  1414 W SurfaceFlinger: couldn't log to binary event log: overflow.
01-19 20:35:18.588  1414  1414 W SurfaceFlinger: couldn't log to binary event log: overflow.
01-19 20:35:18.599  1624  1668 I chatty  : uid=1000(system) android.anim expire 2 lines
01-19 20:35:18.607  1404  5086 D gralloc_ranchu: gralloc_alloc: Creating ashmem region of size 4444160
01-19 20:35:18.624 15776 15781 I chatty  : uid=10080(com.example.trebb.currencyexchange) expire 8 lines
01-19 20:35:18.659  2099 15883 I chatty  : uid=10013 com.google.android.gms.persistent expire 1 line
01-19 20:35:18.675  1404  1441 D gralloc_ranchu: gralloc_alloc: Creating ashmem region of size 4444160
01-19 20:35:18.761  1404  5086 D gralloc_ranchu: gralloc_alloc: Creating ashmem region of size 4444160
01-19 20:35:18.870  1414  1468 E IPCThreadState: binder thread pool (4 threads) starved for 180 ms
01-19 20:35:19.656  1744  1982 D EGL_emulation: eglMakeCurrent: 0xa6285540: ver 2 0 (tinfo 0xa62833d0)
01-19 20:35:19.691  1744  1744 I Choreographer: Skipped 57 frames!  The application may be doing too much work on its main thread.
01-19 20:35:20.835  1744  1744 I Choreographer: Skipped 36 frames!  The application may be doing too much work on its main thread.
01-19 20:35:21.397 15776 15831 I chatty  : uid=10080(com.example.trebb.currencyexchange) expire 41 lines
01-19 20:35:21.547  1404  5086 D gralloc_ranchu: gralloc_alloc: Creating ashmem region of size 8298496
01-19 20:35:21.580  1404  5086 D gralloc_ranchu: gralloc_alloc: Creating ashmem region of size 8298496
01-19 20:35:21.645  1404  5086 D gralloc_ranchu: gralloc_alloc: Creating ashmem region of size 8298496
01-19 20:35:21.694  1414  1414 D SurfaceFlinger: duplicate layer name: changing com.google.android.apps.nexuslauncher/com.google.android.apps.nexuslauncher.NexusLauncherActivity to com.google.android.apps.nexuslauncher/com.google.android.apps.nexuslauncher.NexusLauncherActivity#1
01-19 20:35:21.726  1404  5086 D gralloc_ranchu: gralloc_alloc: Creating ashmem region of size 8298496
01-19 20:35:21.791  1404  1441 D gralloc_ranchu: gralloc_alloc: Creating ashmem region of size 8298496
01-19 20:35:21.812  1404  5086 D gralloc_ranchu: gralloc_alloc: Creating ashmem region of size 8298496
01-19 20:35:21.880  2200  2356 D EGL_emulation: eglMakeCurrent: 0xa62856c0: ver 2 0 (tinfo 0xa6283430)
01-19 20:35:22.023  2257 10531 I chatty  : uid=10032 com.google.android.googlequicksearchbox:search expire 6 lines
01-19 20:35:22.046  1497  1961 I chatty  : uid=1041(audioserver) Binder:1497_3 expire 3 lines
01-19 20:35:22.065  1497 15888 I chatty  : uid=1041(audioserver) /system/bin/audioserver expire 1 line
01-19 20:35:22.069  2257 10531 E ActivityThread: Failed to find provider info for com.google.android.apps.gsa.testing.ui.audio.recorded
01-19 20:35:22.082  1744  1982 D EGL_emulation: eglMakeCurrent: 0xa6285540: ver 2 0 (tinfo 0xa62833d0)
01-19 20:35:22.097  1744  1982 D EGL_emulation: eglMakeCurrent: 0xa6285540: ver 2 0 (tinfo 0xa62833d0)
01-19 20:35:22.127  1412  1412 I boot-pipe: done populating /dev/random
01-19 20:35:22.128  1404  5086 D gralloc_ranchu: gralloc_alloc: Creating ashmem region of size 8298496
01-19 20:35:22.129  1744  1982 D EGL_emulation: eglMakeCurrent: 0xa6285540: ver 2 0 (tinfo 0xa62833d0)
01-19 20:35:22.170  1744  1982 D EGL_emulation: eglMakeCurrent: 0xa6285540: ver 2 0 (tinfo 0xa62833d0)
01-19 20:35:22.205  2099 15889 I chatty  : uid=10013 com.google.android.gms.persistent expire 3 lines
01-19 20:35:22.221  2099 15890 I chatty  : uid=10013 com.google.android.gms.persistent expire 1 line
01-19 20:35:22.232  1414  1414 E EGL_emulation: tid 1414: eglCreateSyncKHR(1962): error 0x3004 (EGL_BAD_ATTRIBUTE)
01-19 20:35:22.254  2257  2257 I chatty  : uid=10032 com.google.android.googlequicksearchbox:search expire 28 lines
01-19 20:35:22.297 15776 15836 I chatty  : uid=10080(com.example.trebb.currencyexchange) expire 8 lines
01-19 20:35:22.371 15776 15776 I chatty  : uid=10080(com.example.trebb.currencyexchange) expire 37 lines
01-19 20:35:22.410  2200  2356 W OpenGLRenderer: Incorrectly called buildLayer on View: ShortcutAndWidgetContainer, destroying layer...
01-19 20:35:22.559  1624  2148 I ActivityManager: START u0 {act=android.intent.action.MAIN flg=0x10000000 cmp=com.example.trebb.currencyexchange/.MainActivity} from uid 10080
01-19 20:35:22.686  2099  2661 I chatty  : uid=10013(com.google.android.gms) FlpThread expire 1 line
01-19 20:35:22.697  2099  2099 I chatty  : uid=10013 com.google.android.gms.persistent expire 1 line
01-19 20:35:22.869  1404  5086 D gralloc_ranchu: gralloc_alloc: Creating ashmem region of size 8298496
01-19 20:35:22.872  1404  1441 D gralloc_ranchu: gralloc_alloc: Creating ashmem region of size 8298496
01-19 20:35:22.915  1404  5086 D gralloc_ranchu: gralloc_alloc: Creating ashmem region of size 8298496
01-19 20:35:23.029  1404  5086 D gralloc_ranchu: gralloc_alloc: Creating ashmem region of size 8298496
01-19 20:35:23.167  2200  2356 D EGL_emulation: eglMakeCurrent: 0xa62856c0: ver 2 0 (tinfo 0xa6283430)
01-19 20:35:23.169  2257  2606 I chatty  : uid=10032(com.google.android.googlequicksearchbox) RenderThread expire 4 lines
01-19 20:35:23.506  1624  4586 I ActivityManager: START u0 {cmp=com.example.trebb.currencyexchange/.CalculatorActivity (has extras)} from uid 10080
01-19 20:35:23.796  1404  5086 D gralloc_ranchu: gralloc_alloc: Creating ashmem region of size 8298496
01-19 20:35:23.816  1744  1982 D EGL_emulation: eglMakeCurrent: 0xa6285540: ver 2 0 (tinfo 0xa62833d0)
01-19 20:35:23.817  1404  1441 D gralloc_ranchu: gralloc_alloc: Creating ashmem region of size 8298496
01-19 20:35:23.832  1404  1441 D gralloc_ranchu: gralloc_alloc: Creating ashmem region of size 8298496
01-19 20:35:23.846  1744  1982 D EGL_emulation: eglMakeCurrent: 0xa6285540: ver 2 0 (tinfo 0xa62833d0)
01-19 20:35:24.426  1404  1441 D gralloc_ranchu: gralloc_alloc: Creating ashmem region of size 8298496
01-19 20:35:24.454  1744  1982 D EGL_emulation: eglMakeCurrent: 0xa6285540: ver 2 0 (tinfo 0xa62833d0)
01-19 20:35:24.507  1414  1414 E EGL_emulation: tid 1414: eglCreateSyncKHR(1962): error 0x3004 (EGL_BAD_ATTRIBUTE)
01-19 20:35:24.517  1624  1639 W Looper  : Dispatch took 117ms on android.ui, h=Handler (com.android.server.am.ActivityManagerService$UiHandler) {3dd8723} cb=null msg=30
01-19 20:35:24.520  1744  1982 D EGL_emulation: eglMakeCurrent: 0xa6285540: ver 2 0 (tinfo 0xa62833d0)
01-19 20:35:24.527  1404  1441 D gralloc_ranchu: gralloc_alloc: Creating ashmem region of size 8298496
01-19 20:35:24.542  1404  5086 D gralloc_ranchu: gralloc_alloc: Creating ashmem region of size 8298496
01-19 20:35:24.552  1404  1441 D gralloc_ranchu: gralloc_alloc: Creating ashmem region of size 8298496
01-19 20:35:24.574  1404  5086 D gralloc_ranchu: gralloc_alloc: Creating ashmem region of size 8298496
01-19 20:35:24.575  1404  1441 D gralloc_ranchu: gralloc_alloc: Creating ashmem region of size 8298496
01-19 20:35:24.601  1404  5086 D gralloc_ranchu: gralloc_alloc: Creating ashmem region of size 8298496
01-19 20:35:24.701  2099  2661 I chatty  : uid=10013(com.google.android.gms) FlpThread expire 1 line
01-19 20:35:24.715  2200  2356 D EGL_emulation: eglMakeCurrent: 0xa62856c0: ver 2 0 (tinfo 0xa6283430)
01-19 20:35:24.772  1497 15902 I chatty  : uid=1041(audioserver) /system/bin/audioserver expire 1 line
01-19 20:35:24.778  1497  5584 I chatty  : uid=1041(audioserver) Binder:1497_6 expire 9 lines
01-19 20:35:24.789  2257 15162 E ActivityThread: Failed to find provider info for com.google.android.apps.gsa.testing.ui.audio.recorded
01-19 20:35:25.003  1624  4683 I chatty  : uid=1000(system) RenderThread expire 9 lines
01-19 20:35:25.075  1414  1414 W SurfaceFlinger: couldn't log to binary event log: overflow.
01-19 20:35:25.108  1624  1633 I chatty  : uid=1000(system) HeapTaskDaemon expire 3 lines
01-19 20:35:25.239  2200  2356 W OpenGLRenderer: Incorrectly called buildLayer on View: ShortcutAndWidgetContainer, destroying layer...
01-19 20:35:25.519  1624  2322 I ActivityManager: Force stopping com.example.trebb.currencyexchange appid=10080 user=0: finished inst
01-19 20:35:25.519  1624  2322 I ActivityManager: Killing 15776:com.example.trebb.currencyexchange/u0a80 (adj 0): stop com.example.trebb.currencyexchange
01-19 20:35:25.520  1624  1640 I chatty  : uid=1000(system) ActivityManager expire 10 lines
01-19 20:35:25.537  1624 15906 I chatty  : uid=1000 system_server expire 1 line
01-19 20:35:25.538  1396  4580 I chatty  : uid=1041(audioserver) writer expire 10 lines
01-19 20:35:25.562 15759 15907 I chatty  : uid=2000(shell) expire 2 lines
01-19 20:35:25.637  1624  1645 W ActivityManager: setHasOverlayUi called on unknown pid: 15776
01-19 20:35:25.709  1624  2322 I ActivityManager: Force stopping com.example.trebb.currencyexchange appid=10080 user=0: from pid 15910
01-19 20:35:25.733  1818  1818 D CarrierSvcBindHelper: No carrier app for: 0
01-19 20:35:26.733  1624  1721 E TaskPersister: File error accessing recents directory (directory doesn't exist?).
01-19 20:35:29.864  2257 15162 I chatty  : uid=10032 com.google.android.googlequicksearchbox:search expire 12 lines
01-19 20:35:29.876  1497 15914 I chatty  : uid=1041(audioserver) /system/bin/audioserver expire 1 line
01-19 20:35:29.877  1497  6571 I chatty  : uid=1041(audioserver) Binder:1497_A expire 3 lines
01-19 20:35:29.895  2257 15162 E ActivityThread: Failed to find provider info for com.google.android.apps.gsa.testing.ui.audio.recorded
01-19 20:35:32.363 15915 15915 I chatty  : uid=2000(shell) expire 6 lines
01-19 20:35:32.599  1624  2322 W WindowManager: Permission Denial: dismissKeyguard from pid=15915, uid=2000 requires android.permission.CONTROL_KEYGUARD
01-19 20:35:34.685  1624  1637 I chatty  : uid=1000(system) android.bg expire 10 lines
01-19 20:35:34.731  1624  1651 W PackageParser: Unknown element under <manifest>: uses-sdk at /data/app/vmdl567180178.tmp/split_lib_resources_apk.apk Binary XML file line #7
01-19 20:35:34.762 15985 15985 W dex2oat : Unexpected CPU variant for X86 using defaults: x86
01-19 20:35:34.762 15985 15985 W dex2oat : Mismatch between dex2oat instruction set features (ISA: X86 Feature string: -ssse3,-sse4.1,-sse4.2,-avx,-avx2,-popcnt) and those of dex2oat executable (ISA: X86 Feature string: ssse3,-sse4.1,-sse4.2,-avx,-avx2,-popcnt) for the command line:
01-19 20:35:34.762 15985 15985 W dex2oat : /system/bin/dex2oat --zip-fd=8 --zip-location=base.apk --input-vdex-fd=-1 --output-vdex-fd=10 --oat-fd=9 --oat-location=/data/app/com.example.trebb.currencyexchange-HvVqUS22fNXbS5mc-_z12w==/oat/x86/base.odex --instruction-set=x86 --instruction-set-variant=x86 --instruction-set-features=default --runtime-arg -Xms64m --runtime-arg -Xmx512m --compiler-filter=quicken --swap-fd=11 --debuggable --classpath-dir=/data/app/com.example.trebb.currencyexchange-HvVqUS22fNXbS5mc-_z12w== --class-loader-context=PCL[]
01-19 20:35:34.763 15985 15985 I dex2oat : /system/bin/dex2oat --input-vdex-fd=-1 --output-vdex-fd=10 --compiler-filter=quicken --debuggable --classpath-dir=/data/app/com.example.trebb.currencyexchange-HvVqUS22fNXbS5mc-_z12w== --class-loader-context=PCL[]
01-19 20:35:34.765 15985 15985 W dex2oat : Could not reserve sentinel fault page
01-19 20:35:34.935 15985 15985 I dex2oat : Explicit concurrent copying GC freed 50(14KB) AllocSpace objects, 0(0B) LOS objects, 99% free, 2432B/1538KB, paused 690us total 3.544ms
01-19 20:35:34.942  1497 15991 I chatty  : uid=1041(audioserver) /system/bin/audioserver expire 1 line
01-19 20:35:34.945 15985 15985 I dex2oat : Explicit concurrent copying GC freed 26(14KB) AllocSpace objects, 0(0B) LOS objects, 99% free, 3KB/1539KB, paused 1.669ms total 5.456ms
01-19 20:35:34.961  2257 15162 E ActivityThread: Failed to find provider info for com.google.android.apps.gsa.testing.ui.audio.recorded
01-19 20:35:34.968 15985 15985 I dex2oat : Explicit concurrent copying GC freed 29(14KB) AllocSpace objects, 0(0B) LOS objects, 99% free, 5KB/1541KB, paused 4.484ms total 9.695ms
01-19 20:35:35.001 15985 15985 I dex2oat : Explicit concurrent copying GC freed 46(13KB) AllocSpace objects, 0(0B) LOS objects, 99% free, 7KB/1543KB, paused 851us total 3.537ms
01-19 20:35:35.012 15985 15985 I dex2oat : Explicit concurrent copying GC freed 35(14KB) AllocSpace objects, 0(0B) LOS objects, 99% free, 8KB/1544KB, paused 595us total 5.785ms
01-19 20:35:35.018 15985 15985 I dex2oat : Explicit concurrent copying GC freed 44(14KB) AllocSpace objects, 0(0B) LOS objects, 99% free, 10KB/1546KB, paused 1.005ms total 3.916ms
01-19 20:35:35.024 15985 15985 I dex2oat : Explicit concurrent copying GC freed 18(14KB) AllocSpace objects, 0(0B) LOS objects, 99% free, 11KB/1547KB, paused 586us total 4.464ms
01-19 20:35:35.046 15985 15985 I dex2oat : Explicit concurrent copying GC freed 37(15KB) AllocSpace objects, 0(0B) LOS objects, 99% free, 13KB/1549KB, paused 624us total 20.275ms
01-19 20:35:35.054 15985 15985 I dex2oat : Explicit concurrent copying GC freed 35(14KB) AllocSpace objects, 0(0B) LOS objects, 99% free, 14KB/1550KB, paused 673us total 5.061ms
01-19 20:35:35.064 15985 15985 I dex2oat : Explicit concurrent copying GC freed 82(14KB) AllocSpace objects, 0(0B) LOS objects, 98% free, 16KB/1552KB, paused 1.130ms total 4.172ms
01-19 20:35:35.070 15985 15985 I dex2oat : Explicit concurrent copying GC freed 20(14KB) AllocSpace objects, 0(0B) LOS objects, 98% free, 17KB/1553KB, paused 608us total 4.178ms
01-19 20:35:35.098 15985 15985 I dex2oat : dex2oat took 335.904ms (149.481ms cpu) (threads: 2) arena alloc=3KB (3536B) java alloc=17KB (18112B) native alloc=912KB (934656B) free=1647KB (1686784B)
01-19 20:35:35.103  1624  1638 I ActivityManager: Force stopping com.example.trebb.currencyexchange appid=10080 user=-1: installPackageLI
01-19 20:35:35.146  1624  1651 I PackageManager: Package com.example.trebb.currencyexchange codePath changed from /data/app/com.example.trebb.currencyexchange-jWRLMUff2PoAMdrZ8q7UXg== to /data/app/com.example.trebb.currencyexchange-HvVqUS22fNXbS5mc-_z12w==; Retaining data and using new
01-19 20:35:35.146  1624  1651 W PackageManager: Code path for com.example.trebb.currencyexchange changing from /data/app/com.example.trebb.currencyexchange-jWRLMUff2PoAMdrZ8q7UXg== to /data/app/com.example.trebb.currencyexchange-HvVqUS22fNXbS5mc-_z12w==
01-19 20:35:35.147  1624  1651 W PackageManager: Resource path for com.example.trebb.currencyexchange changing from /data/app/com.example.trebb.currencyexchange-jWRLMUff2PoAMdrZ8q7UXg== to /data/app/com.example.trebb.currencyexchange-HvVqUS22fNXbS5mc-_z12w==
01-19 20:35:35.326  1500  1667 E         : Couldn't opendir /data/app/vmdl567180178.tmp: No such file or directory
01-19 20:35:35.326  1500  1667 E installd: Failed to delete /data/app/vmdl567180178.tmp: No such file or directory
01-19 20:35:35.330  1624  1651 I ActivityManager: Force stopping com.example.trebb.currencyexchange appid=10080 user=0: pkg removed
01-19 20:35:35.381  3895  3895 W Finsky  : [2] com.google.android.finsky.application.FinskyAppImpl.bx(1166): No account configured on this device.
01-19 20:35:35.447  3895  3895 W Finsky  : [2] com.google.android.finsky.application.FinskyAppImpl.bx(1166): No account configured on this device.
01-19 20:35:35.450  1624  1624 I Telecom : DefaultDialerCache: Refreshing default dialer for user 0: now com.google.android.dialer: DDC.oR@ANM
01-19 20:35:35.460  2200  2220 I zygote  : Background concurrent copying GC freed 28423(1341KB) AllocSpace objects, 36(1888KB) LOS objects, 50% free, 3MB/6MB, paused 818us total 103.775ms
01-19 20:35:35.467  1744  1754 I zygote  : Background concurrent copying GC freed 218(67KB) AllocSpace objects, 0(0B) LOS objects, 49% free, 4MB/9MB, paused 633us total 127.936ms
01-19 20:35:35.483  3895  3895 W Finsky  : [2] com.google.android.finsky.application.FinskyAppImpl.bx(1166): No account configured on this device.
01-19 20:35:35.487  2099 15856 I chatty  : uid=10013 com.google.android.gms.persistent expire 1 line
01-19 20:35:35.517  1624  4586 W BroadcastQueue: Background execution not allowed: receiving Intent { act=android.intent.action.PACKAGE_REMOVED dat=package:com.example.trebb.currencyexchange flg=0x4000010 (has extras) } to com.google.android.googlequicksearchbox/com.google.android.apps.gsa.googlequicksearchbox.GelStubAppWatcher
01-19 20:35:35.530  3895  3895 W Finsky  : [2] com.google.android.finsky.application.FinskyAppImpl.bx(1166): No account configured on this device.
01-19 20:35:35.532  3895  3895 W Finsky  : [2] com.google.android.finsky.application.FinskyAppImpl.bx(1166): No account configured on this device.
01-19 20:35:35.545  3895  3962 W WearSignatureVerifier: No package com.google.android.wearable.app.cn
01-19 20:35:35.555  3895  3962 W WearSignatureVerifier: No package com.google.android.wearable.app.cn
01-19 20:35:35.556  3895  3895 I Finsky  : [2] com.google.android.finsky.utils.PermissionPolicies$PermissionPolicyService.onStartCommand(18): post-install permissions check for com.example.trebb.currencyexchange
01-19 20:35:35.580  3895  3895 W Finsky  : [2] com.google.android.finsky.application.FinskyAppImpl.bx(1166): No account configured on this device.
01-19 20:35:35.581  3895  3895 W Finsky  : [2] com.google.android.finsky.application.FinskyAppImpl.bx(1166): No account configured on this device.
01-19 20:35:35.585  2416 16007 I chatty  : uid=10013(com.google.android.gms) expire 1 line
01-19 20:35:35.596  3895  3895 I Finsky  : [2] com.google.android.finsky.externalreferrer.d.run(9): Package state data is missing for com.example.trebb.currencyexchange
01-19 20:35:35.598  3895  3895 W Finsky  : [2] com.google.android.finsky.application.FinskyAppImpl.bx(1166): No account configured on this device.
01-19 20:35:35.601  2099  2099 I chatty  : uid=10013 com.google.android.gms.persistent expire 1 line
01-19 20:35:35.607  1818  1818 D CarrierSvcBindHelper: No carrier app for: 0
01-19 20:35:35.612  2099  3045 I chatty  : uid=10013(com.google.android.gms) Binder:2099_D expire 1 line
01-19 20:35:35.613  3895  3895 W WearSignatureVerifier: No package com.google.android.wearable.app.cn
01-19 20:35:35.613  3895  3895 E Finsky  : [2] com.google.android.finsky.wear.bl.a(3): onConnectionFailed: ConnectionResult{statusCode=API_UNAVAILABLE, resolution=null, message=null}
01-19 20:35:35.614  3895  3895 W Finsky  : [2] com.google.android.finsky.wear.aj.run(9): Dropping command=auto_install due to Gms not connected
01-19 20:35:35.620  1818  1818 D CarrierSvcBindHelper: No carrier app for: 0
01-19 20:35:35.649  2416 16005 I chatty  : uid=10013(com.google.android.gms) expire 1 line
01-19 20:35:35.653  1624  4455 W BroadcastQueue: Background execution not allowed: receiving Intent { act=android.intent.action.PACKAGE_ADDED dat=package:com.example.trebb.currencyexchange flg=0x4000010 (has extras) } to com.google.android.googlequicksearchbox/com.google.android.apps.gsa.googlequicksearchbox.GelStubAppWatcher
01-19 20:35:35.654  1624  1638 W BroadcastQueue: Background execution not allowed: receiving Intent { act=android.intent.action.PACKAGE_REPLACED dat=package:com.example.trebb.currencyexchange flg=0x4000010 (has extras) } to com.google.android.apps.photos/.account.full.FetchAccountPropertiesAppUpgradeBroadcastReceiver
01-19 20:35:35.654  1624  1638 W BroadcastQueue: Background execution not allowed: receiving Intent { act=android.intent.action.PACKAGE_REPLACED dat=package:com.example.trebb.currencyexchange flg=0x4000010 (has extras) } to com.google.android.apps.photos/.backgroundsignin.BackgroundSignInBroadcastReceiver
01-19 20:35:35.654  1624  1638 W BroadcastQueue: Background execution not allowed: receiving Intent { act=android.intent.action.PACKAGE_REPLACED dat=package:com.example.trebb.currencyexchange flg=0x4000010 (has extras) } to com.google.android.apps.photos/.experiments.phenotype.full.PhenotypeAppUpgradeBroadcastReceiver
01-19 20:35:35.654  1624  1638 W BroadcastQueue: Background execution not allowed: receiving Intent { act=android.intent.action.PACKAGE_REPLACED dat=package:com.example.trebb.currencyexchange flg=0x4000010 (has extras) } to com.google.android.apps.photos/.notificationchannels.AppUpdateBroadcastReceiver
01-19 20:35:35.661  1818  1818 D ImsResolver: maybeAddedImsService, packageName: com.example.trebb.currencyexchange
01-19 20:35:35.662  1818  1818 D CarrierConfigLoader: mHandler: 9 phoneId: 0
01-19 20:35:35.699  2416 16022 I chatty  : uid=10013(com.google.android.gms) expire 1 line
01-19 20:35:35.719  2416 16014 I chatty  : uid=10013(com.google.android.gms) expire 1 line
01-19 20:35:35.725  1624  4455 W BroadcastQueue: Background execution not allowed: receiving Intent { act=android.intent.action.PACKAGE_REPLACED dat=package:com.example.trebb.currencyexchange flg=0x4000010 (has extras) } to com.google.android.googlequicksearchbox/com.google.android.apps.gsa.googlequicksearchbox.GelStubAppWatcher
01-19 20:35:35.750  2416  2963 I chatty  : uid=10013(com.google.android.gms) highpool[1] expire 1 line
01-19 20:35:35.754  2416  3119 I chatty  : uid=10013(com.google.android.gms) highpool[2] expire 1 line
01-19 20:35:35.807  1624  6176 I ActivityManager: Force stopping com.example.trebb.currencyexchange appid=10080 user=-1: set debug app
01-19 20:35:35.808  1624  6176 I ActivityManager: START u0 {act=android.intent.action.MAIN cat=[android.intent.category.LAUNCHER] flg=0x10000000 cmp=com.example.trebb.currencyexchange/.MainActivity} from uid 2000
01-19 20:35:35.842  1404  5086 D gralloc_ranchu: gralloc_alloc: Creating ashmem region of size 8298496
01-19 20:35:35.861  2416  2806 I chatty  : uid=10013(com.google.android.gms) lowpool[1] expire 2 lines
01-19 20:35:35.866  1624  3451 I ActivityManager: Start proc 16029:com.example.trebb.currencyexchange/u0a80 for activity com.example.trebb.currencyexchange/.MainActivity
01-19 20:35:35.881 16029 16029 I chatty  : uid=10080(com.example.trebb.currencyexchange) expire 166 lines
01-19 20:35:35.964 16029 16036 I chatty  : uid=10080(com.example.trebb.currencyexchange) expire 5 lines
01-19 20:35:35.972 16029 16029 W ActivityThread: Application com.example.trebb.currencyexchange is waiting for the debugger on port 8100...
01-19 20:35:36.062  2416  3119 I chatty  : uid=10013(com.google.android.gms) highpool[2] expire 1 line
01-19 20:35:36.062  2416  2963 I chatty  : uid=10013(com.google.android.gms) highpool[1] expire 1 line
01-19 20:35:36.105  1624  1639 W Looper  : Dispatch took 125ms on android.ui, h=Handler (com.android.server.am.ActivityManagerService$UiHandler) {3dd8723} cb=null msg=6
01-19 20:35:36.116  2416  2888 I chatty  : uid=10013(com.google.android.gms) lowpool[3] expire 2 lines
01-19 20:35:36.260  1404  5086 D gralloc_ranchu: gralloc_alloc: Creating ashmem region of size 4149248
01-19 20:35:36.282  1404  1441 D gralloc_ranchu: gralloc_alloc: Creating ashmem region of size 4149248
01-19 20:35:36.302  2200  2356 D EGL_emulation: eglMakeCurrent: 0xa62856c0: ver 2 0 (tinfo 0xa6283430)
01-19 20:35:36.341  1404  1441 D gralloc_ranchu: gralloc_alloc: Creating ashmem region of size 4149248
01-19 20:35:36.379  1624  1639 W Looper  : Dispatch took 273ms on android.ui, h=Handler (android.view.Choreographer$FrameHandler) {986e576} cb=android.view.Choreographer$FrameDisplayEventReceiver@79dd777 msg=0
01-19 20:35:36.681  1624  1639 W Looper  : Dispatch took 301ms on android.ui, h=Handler (android.view.Choreographer$FrameHandler) {986e576} cb=android.view.Choreographer$FrameDisplayEventReceiver@79dd777 msg=0
01-19 20:35:36.785  1744  1982 D EGL_emulation: eglMakeCurrent: 0xa6285540: ver 2 0 (tinfo 0xa62833d0)
01-19 20:35:36.803  1744  1982 D EGL_emulation: eglMakeCurrent: 0xa6285540: ver 2 0 (tinfo 0xa62833d0)
01-19 20:35:36.953  2416  4300 I chatty  : uid=10013(com.google.android.gms) lowpool[8] expire 2 lines
01-19 20:35:37.310  2416  3119 I Icing   : IndexChimeraService.getServiceInterface callingPackage=com.google.android.inputmethod.latin componentName=null serviceId=66
01-19 20:35:37.334  2099 16052 I NetRec  : [1054] yle.a: Refreshing scores for 1 networks.
01-19 20:35:37.362  2416  4300 I Icing   : Usage reports 0 indexed 0 rejected 0 imm upload false
01-19 20:35:37.363  2099 16052 W NetRec  : [1054] yle.a: Could not send request to get scores.
01-19 20:35:37.367  2099 16052 I NetRec  : [1054] NetRecChimeraGcmTaskService.a: Still entries pending update, scheduling new refresh_scores_task refresh.
01-19 20:35:37.458  2099  2109 I zygote  : Background concurrent copying GC freed 114711(5MB) AllocSpace objects, 4(392KB) LOS objects, 48% free, 6MB/12MB, paused 3.622ms total 143.172ms
01-19 20:35:39.873  1624  1668 W AppOps  : Finishing op nesting under-run: uid 1000 pkg android code 24 time=0 duration=0 nesting=0
01-19 20:35:39.913  1624  1721 E TaskPersister: File error accessing recents directory (directory doesn't exist?).
01-19 20:35:40.099 16029 16029 I zygote  :   at void android.app.Instrumentation.callActivityOnCreate(android.app.Activity, android.os.Bundle) (Instrumentation.java:1214)
01-19 20:35:40.099 16029 16029 I zygote  :   at android.app.Activity android.app.ActivityThread.performLaunchActivity(android.app.ActivityThread$ActivityClientRecord, android.content.Intent) (ActivityThread.java:2731)
01-19 20:35:40.099 16029 16029 I zygote  :   at void android.app.ActivityThread.handleLaunchActivity(android.app.ActivityThread$ActivityClientRecord, android.content.Intent, java.lang.String) (ActivityThread.java:2856)
01-19 20:35:40.099 16029 16029 I zygote  :   at void android.app.ActivityThread.-wrap11(android.app.ActivityThread, android.app.ActivityThread$ActivityClientRecord, android.content.Intent, java.lang.String) (ActivityThread.java:-1)
01-19 20:35:40.099 16029 16029 I zygote  :   at void android.app.ActivityThread$H.handleMessage(android.os.Message) (ActivityThread.java:1589)
01-19 20:35:40.099 16029 16029 I zygote  :   at void android.os.Handler.dispatchMessage(android.os.Message) (Handler.java:106)
01-19 20:35:40.099 16029 16029 I zygote  :   at void android.os.Looper.loop() (Looper.java:164)
01-19 20:35:40.099 16029 16029 I zygote  :   at void android.app.ActivityThread.main(java.lang.String[]) (ActivityThread.java:6494)
01-19 20:35:40.099 16029 16029 I zygote  :   at java.lang.Object java.lang.reflect.Method.invoke(java.lang.Object, java.lang.Object[]) (Method.java:-2)
01-19 20:35:40.099 16029 16029 I zygote  :   at void com.android.internal.os.RuntimeInit$MethodAndArgsCaller.run() (RuntimeInit.java:438)
01-19 20:35:40.099 16029 16029 I zygote  :   at void com.android.internal.os.ZygoteInit.main(java.lang.String[]) (ZygoteInit.java:807)
01-19 20:35:40.099 16029 16029 I zygote  : Caused by: java.lang.ClassNotFoundException: Didn't find class "android.view.View$OnUnhandledKeyEventListener" on path: DexPathList[[zip file "/data/app/com.example.trebb.currencyexchange-HvVqUS22fNXbS5mc-_z12w==/base.apk", zip file "/data/app/com.example.trebb.currencyexchange-HvVqUS22fNXbS5mc-_z12w==/split_lib_dependencies_apk.apk", zip file "/data/app/com.example.trebb.currencyexchange-HvVqUS22fNXbS5mc-_z12w==/split_lib_resources_apk.apk", zip file "/data/app/com.example.trebb.currencyexchange-HvVqUS22fNXbS5mc-_z12w==/split_lib_slice_0_apk.apk", zip file "/data/app/com.example.trebb.currencyexchange-HvVqUS22fNXbS5mc-_z12w==/split_lib_slice_1_apk.apk", zip file "/data/app/com.example.trebb.currencyexchange-HvVqUS22fNXbS5mc-_z12w==/split_lib_slice_2_apk.apk", zip file "/data/app/com.example.trebb.currencyexchange-HvVqUS22fNXbS5mc-_z12w==/split_lib_slice_3_apk.apk", zip file "/data/app/com.example.trebb.currencyexchange-HvVqUS22fNXbS5mc-_z12w==/split_lib_slice_4_apk.apk", zip file "/data/app/com.example.treb
01-19 20:35:40.099 16029 16029 I zygote  :   at java.lang.Class dalvik.system.BaseDexClassLoader.findClass(java.lang.String) (BaseDexClassLoader.java:125)
01-19 20:35:40.099 16029 16029 I zygote  :   at java.lang.Class java.lang.ClassLoader.loadClass(java.lang.String, boolean) (ClassLoader.java:379)
01-19 20:35:40.099 16029 16029 I zygote  :   at java.lang.Class java.lang.ClassLoader.loadClass(java.lang.String) (ClassLoader.java:312)
01-19 20:35:40.099 16029 16029 I zygote  :   at void android.support.v4.view.ViewCompat.setBackground(android.view.View, android.graphics.drawable.Drawable) (ViewCompat.java:2341)
01-19 20:35:40.099 16029 16029 I zygote  :   at void android.support.v7.widget.ActionBarContainer.<init>(android.content.Context, android.util.AttributeSet) (ActionBarContainer.java:62)
01-19 20:35:40.099 16029 16029 I zygote  :   at java.lang.Object java.lang.reflect.Constructor.newInstance0(java.lang.Object[]) (Constructor.java:-2)
01-19 20:35:40.099 16029 16029 I zygote  :   at java.lang.Object java.lang.reflect.Constructor.newInstance(java.lang.Object[]) (Constructor.java:334)
01-19 20:35:40.099 16029 16029 I zygote  :   at android.view.View android.view.LayoutInflater.createView(java.lang.String, java.lang.String, android.util.AttributeSet) (LayoutInflater.java:647)
01-19 20:35:40.099 16029 16029 I zygote  :   at android.view.View android.view.LayoutInflater.createViewFromTag(android.view.View, java.lang.String, android.content.Context, android.util.AttributeSet, boolean) (LayoutInflater.java:790)
01-19 20:35:40.099 16029 16029 I zygote  :   at android.view.View android.view.LayoutInflater.createViewFromTag(android.view.View, java.lang.String, android.content.Context, android.util.AttributeSet) (LayoutInflater.java:730)
